Archive member included to satisfy reference by file (symbol)

c:/progra~1/raspbe~1/picosd~1.1/gcc-ar~1/bin/../lib/gcc/arm-none-eabi/10.3.1/thumb/v6-m/nofp\libgcc.a(_dvmd_tls.o)
                              CMakeFiles/Interrupcao.dir/C_/Program_Files/Raspberry_Pi/Pico_SDK_v1.5.1/pico-sdk/src/rp2_common/pico_divider/divider.S.obj (__aeabi_idiv0)
c:/progra~1/raspbe~1/picosd~1.1/gcc-ar~1/bin/../lib/gcc/arm-none-eabi/10.3.1/../../../../arm-none-eabi/lib/thumb/v6-m/nofp\libc.a(lib_a-calloc.o)
                              CMakeFiles/Interrupcao.dir/C_/Program_Files/Raspberry_Pi/Pico_SDK_v1.5.1/pico-sdk/src/rp2_common/pico_malloc/pico_malloc.c.obj (calloc)
c:/progra~1/raspbe~1/picosd~1.1/gcc-ar~1/bin/../lib/gcc/arm-none-eabi/10.3.1/../../../../arm-none-eabi/lib/thumb/v6-m/nofp\libc.a(lib_a-callocr.o)
                              c:/progra~1/raspbe~1/picosd~1.1/gcc-ar~1/bin/../lib/gcc/arm-none-eabi/10.3.1/../../../../arm-none-eabi/lib/thumb/v6-m/nofp\libc.a(lib_a-calloc.o) (_calloc_r)
c:/progra~1/raspbe~1/picosd~1.1/gcc-ar~1/bin/../lib/gcc/arm-none-eabi/10.3.1/../../../../arm-none-eabi/lib/thumb/v6-m/nofp\libc.a(lib_a-errno.o)
                              c:/progra~1/raspbe~1/picosd~1.1/gcc-ar~1/bin/../lib/gcc/arm-none-eabi/10.3.1/../../../../arm-none-eabi/lib/thumb/v6-m/nofp\libc.a(lib_a-callocr.o) (__errno)
c:/progra~1/raspbe~1/picosd~1.1/gcc-ar~1/bin/../lib/gcc/arm-none-eabi/10.3.1/../../../../arm-none-eabi/lib/thumb/v6-m/nofp\libc.a(lib_a-impure.o)
                              c:/progra~1/raspbe~1/picosd~1.1/gcc-ar~1/bin/../lib/gcc/arm-none-eabi/10.3.1/../../../../arm-none-eabi/lib/thumb/v6-m/nofp\libc.a(lib_a-calloc.o) (_impure_ptr)
c:/progra~1/raspbe~1/picosd~1.1/gcc-ar~1/bin/../lib/gcc/arm-none-eabi/10.3.1/../../../../arm-none-eabi/lib/thumb/v6-m/nofp\libc.a(lib_a-init.o)
                              c:/progra~1/raspbe~1/picosd~1.1/gcc-ar~1/bin/../lib/gcc/arm-none-eabi/10.3.1/../../../../arm-none-eabi/lib/thumb/v6-m/nofp/crt0.o (__libc_init_array)
c:/progra~1/raspbe~1/picosd~1.1/gcc-ar~1/bin/../lib/gcc/arm-none-eabi/10.3.1/../../../../arm-none-eabi/lib/thumb/v6-m/nofp\libc.a(lib_a-malloc.o)
                              CMakeFiles/Interrupcao.dir/C_/Program_Files/Raspberry_Pi/Pico_SDK_v1.5.1/pico-sdk/src/rp2_common/pico_malloc/pico_malloc.c.obj (malloc)
c:/progra~1/raspbe~1/picosd~1.1/gcc-ar~1/bin/../lib/gcc/arm-none-eabi/10.3.1/../../../../arm-none-eabi/lib/thumb/v6-m/nofp\libc.a(lib_a-mallocr.o)
                              c:/progra~1/raspbe~1/picosd~1.1/gcc-ar~1/bin/../lib/gcc/arm-none-eabi/10.3.1/../../../../arm-none-eabi/lib/thumb/v6-m/nofp\libc.a(lib_a-callocr.o) (_malloc_r)
c:/progra~1/raspbe~1/picosd~1.1/gcc-ar~1/bin/../lib/gcc/arm-none-eabi/10.3.1/../../../../arm-none-eabi/lib/thumb/v6-m/nofp\libc.a(lib_a-memcmp.o)
                              CMakeFiles/Interrupcao.dir/C_/Program_Files/Raspberry_Pi/Pico_SDK_v1.5.1/pico-sdk/lib/cyw43-driver/src/cyw43_ll.c.obj (memcmp)
c:/progra~1/raspbe~1/picosd~1.1/gcc-ar~1/bin/../lib/gcc/arm-none-eabi/10.3.1/../../../../arm-none-eabi/lib/thumb/v6-m/nofp\libc.a(lib_a-memmove.o)
                              CMakeFiles/Interrupcao.dir/C_/Program_Files/Raspberry_Pi/Pico_SDK_v1.5.1/pico-sdk/lib/cyw43-driver/src/cyw43_ll.c.obj (memmove)
c:/progra~1/raspbe~1/picosd~1.1/gcc-ar~1/bin/../lib/gcc/arm-none-eabi/10.3.1/../../../../arm-none-eabi/lib/thumb/v6-m/nofp\libc.a(lib_a-mlock.o)
                              c:/progra~1/raspbe~1/picosd~1.1/gcc-ar~1/bin/../lib/gcc/arm-none-eabi/10.3.1/../../../../arm-none-eabi/lib/thumb/v6-m/nofp\libc.a(lib_a-mallocr.o) (__malloc_lock)
c:/progra~1/raspbe~1/picosd~1.1/gcc-ar~1/bin/../lib/gcc/arm-none-eabi/10.3.1/../../../../arm-none-eabi/lib/thumb/v6-m/nofp\libc.a(lib_a-realloc.o)
                              CMakeFiles/Interrupcao.dir/C_/Program_Files/Raspberry_Pi/Pico_SDK_v1.5.1/pico-sdk/src/rp2_common/pico_malloc/pico_malloc.c.obj (realloc)
c:/progra~1/raspbe~1/picosd~1.1/gcc-ar~1/bin/../lib/gcc/arm-none-eabi/10.3.1/../../../../arm-none-eabi/lib/thumb/v6-m/nofp\libc.a(lib_a-reallocr.o)
                              c:/progra~1/raspbe~1/picosd~1.1/gcc-ar~1/bin/../lib/gcc/arm-none-eabi/10.3.1/../../../../arm-none-eabi/lib/thumb/v6-m/nofp\libc.a(lib_a-realloc.o) (_realloc_r)
c:/progra~1/raspbe~1/picosd~1.1/gcc-ar~1/bin/../lib/gcc/arm-none-eabi/10.3.1/../../../../arm-none-eabi/lib/thumb/v6-m/nofp\libc.a(lib_a-sbrkr.o)
                              c:/progra~1/raspbe~1/picosd~1.1/gcc-ar~1/bin/../lib/gcc/arm-none-eabi/10.3.1/../../../../arm-none-eabi/lib/thumb/v6-m/nofp\libc.a(lib_a-mallocr.o) (_sbrk_r)
c:/progra~1/raspbe~1/picosd~1.1/gcc-ar~1/bin/../lib/gcc/arm-none-eabi/10.3.1/../../../../arm-none-eabi/lib/thumb/v6-m/nofp\libc.a(lib_a-strlen-stub.o)
                              CMakeFiles/Interrupcao.dir/C_/Program_Files/Raspberry_Pi/Pico_SDK_v1.5.1/pico-sdk/src/rp2_common/pico_stdio/stdio.c.obj (strlen)
[...]
Memory Configuration

Name             Origin             Length             Attributes
FLASH            0x10000000         0x00200000         xr
RAM              0x20000000         0x00040000         xrw
SCRATCH_X        0x20040000         0x00001000         xrw
SCRATCH_Y        0x20041000         0x00001000         xrw
*default*        0x00000000         0xffffffff

Linker script and memory map

LOAD c:/progra~1/raspbe~1/picosd~1.1/gcc-ar~1/bin/../lib/gcc/arm-none-eabi/10.3.1/thumb/v6-m/nofp/crti.o
LOAD c:/progra~1/raspbe~1/picosd~1.1/gcc-ar~1/bin/../lib/gcc/arm-none-eabi/10.3.1/thumb/v6-m/nofp/crtbegin.o
LOAD c:/progra~1/raspbe~1/picosd~1.1/gcc-ar~1/bin/../lib/gcc/arm-none-eabi/10.3.1/../../../../arm-none-eabi/lib/thumb/v6-m/nofp/crt0.o

.flash_begin    0x10000000        0x0
                0x10000000                __flash_binary_start = .

.boot2          0x10000000      0x100
                0x10000000                __boot2_start__ = .
 *(.boot2)
 .boot2         0x10000000      0x100 C:\Users\anton\AppData\Local\Temp\cc2kaqXj.o
                0x10000100                __boot2_end__ = .
                0x00000001                ASSERT (((__boot2_end__ - __boot2_start__) == 0x100), ERROR: Pico second stage bootloader must be 256 bytes in size)

.text           0x10000100     0xa568
                0x10000100                __logical_binary_start = .
 *(.vectors)
 .vectors       0x10000100       0xd4 CMakeFiles/Interrupcao.dir/C_/Program_Files/Raspberry_Pi/Pico_SDK_v1.5.1/pico-sdk/src/rp2_common/pico_standard_link/crt0.S.obj
                0x10000100                __VECTOR_TABLE
                0x10000100                __vectors
                0x100001c0                isr_invalid
                0x100001c0                __default_isrs_start
                0x100001c2                isr_nmi
                0x100001c4                isr_hardfault
                0x100001c6                isr_svcall
                0x100001c8                isr_pendsv
                0x100001ca                isr_systick
                0x100001cc                isr_irq23
                0x100001cc                isr_irq18
                0x100001cc                isr_irq11
                0x100001cc                isr_irq28
                0x100001cc                isr_irq19
                0x100001cc                isr_irq0
                0x100001cc                isr_irq6
                0x100001cc                isr_irq5
                0x100001cc                isr_irq12
                0x100001cc                isr_irq22
                0x100001cc                isr_irq31
                0x100001cc                isr_irq17
                0x100001cc                isr_irq27
                0x100001cc                isr_irq30
                0x100001cc                isr_irq2
                0x100001cc                isr_irq10
                0x100001cc                isr_irq8
                0x100001cc                isr_irq24
                0x100001cc                isr_irq1
                0x100001cc                isr_irq7
                0x100001cc                isr_irq21
                0x100001cc                isr_irq20
                0x100001cc                isr_irq15
                0x100001cc                isr_irq25
                0x100001cc                isr_irq13
                0x100001cc                __unhandled_user_irq
                0x100001cc                isr_irq4
                0x100001cc                isr_irq16
                0x100001cc                isr_irq29
                0x100001cc                isr_irq26
                0x100001cc                __default_isrs_end
                0x100001cc                isr_irq3
                0x100001cc                isr_irq14
                0x100001cc                isr_irq9
                0x100001d2                unhandled_user_irq_num_in_r0
 *(.binary_info_header)
 .binary_info_header
                0x100001d4       0x14 CMakeFiles/Interrupcao.dir/C_/Program_Files/Raspberry_Pi/Pico_SDK_v1.5.1/pico-sdk/src/rp2_common/pico_standard_link/crt0.S.obj
                0x100001e8                __binary_info_header_end = .
 *(.reset)
 .reset         0x100001e8       0xa0 CMakeFiles/Interrupcao.dir/C_/Program_Files/Raspberry_Pi/Pico_SDK_v1.5.1/pico-sdk/src/rp2_common/pico_standard_link/crt0.S.obj
                0x100001e8                _entry_point
 .reset         0x10000288       0x30 CMakeFiles/Interrupcao.dir/C_/Program_Files/Raspberry_Pi/Pico_SDK_v1.5.1/pico-sdk/src/rp2_common/pico_standard_link/binary_info.c.obj
 *(.init)
 .init          0x100002b8        0x4 c:/progra~1/raspbe~1/picosd~1.1/gcc-ar~1/bin/../lib/gcc/arm-none-eabi/10.3.1/thumb/v6-m/nofp/crti.o
                0x100002b8                _init
 *(EXCLUDE_FILE(*libm.a: *libc.a:*lib_a-mem*.o *libgcc.a:) .text*)
 .text          0x100002bc       0x48 c:/progra~1/raspbe~1/picosd~1.1/gcc-ar~1/bin/../lib/gcc/arm-none-eabi/10.3.1/thumb/v6-m/nofp/crtbegin.o
 .text.gpio_callback
                0x10000304       0x38 CMakeFiles/Interrupcao.dir/main.c.obj
                0x10000304                gpio_callback
 .text.startup.main
                0x1000033c       0x74 CMakeFiles/Interrupcao.dir/main.c.obj
                0x1000033c                main
 .text.gpio_default_irq_handler
                0x100003b0      0x248 CMakeFiles/Interrupcao.dir/C_/Program_Files/Raspberry_Pi/Pico_SDK_v1.5.1/pico-sdk/src/rp2_common/hardware_gpio/gpio.c.obj
 .text.gpio_set_function
                0x100005f8       0x30 CMakeFiles/Interrupcao.dir/C_/Program_Files/Raspberry_Pi/Pico_SDK_v1.5.1/pico-sdk/src/rp2_common/hardware_gpio/gpio.c.obj
                0x100005f8                gpio_set_function
 .text.gpio_set_pulls
                0x10000628       0x30 CMakeFiles/Interrupcao.dir/C_/Program_Files/Raspberry_Pi/Pico_SDK_v1.5.1/pico-sdk/src/rp2_common/hardware_gpio/gpio.c.obj
                0x10000628                gpio_set_pulls
 .text.gpio_set_input_hysteresis_enabled
                0x10000658       0x28 CMakeFiles/Interrupcao.dir/C_/Program_Files/Raspberry_Pi/Pico_SDK_v1.5.1/pico-sdk/src/rp2_common/hardware_gpio/gpio.c.obj
                0x10000658                gpio_set_input_hysteresis_enabled
 .text.gpio_set_irq_enabled
                0x10000680       0x54 CMakeFiles/Interrupcao.dir/C_/Program_Files/Raspberry_Pi/Pico_SDK_v1.5.1/pico-sdk/src/rp2_common/hardware_gpio/gpio.c.obj
                0x10000680                gpio_set_irq_enabled
 .text.gpio_set_irq_enabled_with_callback
                0x100006d4       0xb0 CMakeFiles/Interrupcao.dir/C_/Program_Files/Raspberry_Pi/Pico_SDK_v1.5.1/pico-sdk/src/rp2_common/hardware_gpio/gpio.c.obj
                0x100006d4                gpio_set_irq_enabled_with_callback
 .text.gpio_add_raw_irq_handler_with_order_priority_masked
                0x10000784       0x44 CMakeFiles/Interrupcao.dir/C_/Program_Files/Raspberry_Pi/Pico_SDK_v1.5.1/pico-sdk/src/rp2_common/hardware_gpio/gpio.c.obj
                0x10000784                gpio_add_raw_irq_handler_with_order_priority_masked
 .text.gpio_remove_raw_irq_handler_masked
                0x100007c8       0x20 CMakeFiles/Interrupcao.dir/C_/Program_Files/Raspberry_Pi/Pico_SDK_v1.5.1/pico-sdk/src/rp2_common/hardware_gpio/gpio.c.obj
                0x100007c8                gpio_remove_raw_irq_handler_masked
 .text.gpio_init
                0x100007e8       0x3c CMakeFiles/Interrupcao.dir/C_/Program_Files/Raspberry_Pi/Pico_SDK_v1.5.1/pico-sdk/src/rp2_common/hardware_gpio/gpio.c.obj
                0x100007e8                gpio_init
 .text.running_on_fpga
                0x10000824       0x10 CMakeFiles/Interrupcao.dir/C_/Program_Files/Raspberry_Pi/Pico_SDK_v1.5.1/pico-sdk/src/rp2_common/pico_platform/platform.c.obj
                0x10000824                running_on_fpga
 .text.hw_claim_lock
                0x10000834       0x18 CMakeFiles/Interrupcao.dir/C_/Program_Files/Raspberry_Pi/Pico_SDK_v1.5.1/pico-sdk/src/rp2_common/hardware_claim/claim.c.obj
                0x10000834                hw_claim_lock
 .text.hw_claim_unlock
                0x1000084c       0x14 CMakeFiles/Interrupcao.dir/C_/Program_Files/Raspberry_Pi/Pico_SDK_v1.5.1/pico-sdk/src/rp2_common/hardware_claim/claim.c.obj
                0x1000084c                hw_claim_unlock
 .text.hw_claim_or_assert
                0x10000860       0x44 CMakeFiles/Interrupcao.dir/C_/Program_Files/Raspberry_Pi/Pico_SDK_v1.5.1/pico-sdk/src/rp2_common/hardware_claim/claim.c.obj
                0x10000860                hw_claim_or_assert
 .text.hw_claim_unused_from_range
                0x100008a4       0x9c CMakeFiles/Interrupcao.dir/C_/Program_Files/Raspberry_Pi/Pico_SDK_v1.5.1/pico-sdk/src/rp2_common/hardware_claim/claim.c.obj
                0x100008a4                hw_claim_unused_from_range
 .text.hw_claim_clear
                0x10000940       0x38 CMakeFiles/Interrupcao.dir/C_/Program_Files/Raspberry_Pi/Pico_SDK_v1.5.1/pico-sdk/src/rp2_common/hardware_claim/claim.c.obj
                0x10000940                hw_claim_clear
 .text.spin_locks_reset
                0x10000978       0x1c CMakeFiles/Interrupcao.dir/C_/Program_Files/Raspberry_Pi/Pico_SDK_v1.5.1/pico-sdk/src/rp2_common/hardware_sync/sync.c.obj
                0x10000978                spin_locks_reset
 .text.next_striped_spin_lock_num
                0x10000994       0x18 CMakeFiles/Interrupcao.dir/C_/Program_Files/Raspberry_Pi/Pico_SDK_v1.5.1/pico-sdk/src/rp2_common/hardware_sync/sync.c.obj
                0x10000994                next_striped_spin_lock_num
 .text.spin_lock_claim_unused
                0x100009ac       0x20 CMakeFiles/Interrupcao.dir/C_/Program_Files/Raspberry_Pi/Pico_SDK_v1.5.1/pico-sdk/src/rp2_common/hardware_sync/sync.c.obj
                0x100009ac                spin_lock_claim_unused
 .text.irq_set_enabled
                0x100009cc       0x24 CMakeFiles/Interrupcao.dir/C_/Program_Files/Raspberry_Pi/Pico_SDK_v1.5.1/pico-sdk/src/rp2_common/hardware_irq/irq.c.obj
                0x100009cc                irq_set_enabled
 .text.irq_set_pending
                0x100009f0       0x10 CMakeFiles/Interrupcao.dir/C_/Program_Files/Raspberry_Pi/Pico_SDK_v1.5.1/pico-sdk/src/rp2_common/hardware_irq/irq.c.obj
                0x100009f0                irq_set_pending
 .text.irq_has_shared_handler
                0x10000a00       0x2c CMakeFiles/Interrupcao.dir/C_/Program_Files/Raspberry_Pi/Pico_SDK_v1.5.1/pico-sdk/src/rp2_common/hardware_irq/irq.c.obj
                0x10000a00                irq_has_shared_handler
 .text.irq_get_vtable_handler
                0x10000a2c       0x10 CMakeFiles/Interrupcao.dir/C_/Program_Files/Raspberry_Pi/Pico_SDK_v1.5.1/pico-sdk/src/rp2_common/hardware_irq/irq.c.obj
                0x10000a2c                irq_get_vtable_handler
 .text.irq_set_exclusive_handler
                0x10000a3c       0x54 CMakeFiles/Interrupcao.dir/C_/Program_Files/Raspberry_Pi/Pico_SDK_v1.5.1/pico-sdk/src/rp2_common/hardware_irq/irq.c.obj
                0x10000a3c                irq_set_exclusive_handler
 .text.irq_add_shared_handler
                0x10000a90      0x1e8 CMakeFiles/Interrupcao.dir/C_/Program_Files/Raspberry_Pi/Pico_SDK_v1.5.1/pico-sdk/src/rp2_common/hardware_irq/irq.c.obj
                0x10000a90                irq_add_shared_handler
 .text.irq_remove_handler
                0x10000c78      0x1b0 CMakeFiles/Interrupcao.dir/C_/Program_Files/Raspberry_Pi/Pico_SDK_v1.5.1/pico-sdk/src/rp2_common/hardware_irq/irq.c.obj
                0x10000c78                irq_remove_handler
 .text.irq_set_priority
                0x10000e28       0x28 CMakeFiles/Interrupcao.dir/C_/Program_Files/Raspberry_Pi/Pico_SDK_v1.5.1/pico-sdk/src/rp2_common/hardware_irq/irq.c.obj
                0x10000e28                irq_set_priority
 .text.irq_add_tail_to_free_list
                0x10000e50       0xb4 CMakeFiles/Interrupcao.dir/C_/Program_Files/Raspberry_Pi/Pico_SDK_v1.5.1/pico-sdk/src/rp2_common/hardware_irq/irq.c.obj
                0x10000e50                irq_add_tail_to_free_list
 .text.irq_init_priorities
                0x10000f04       0x24 CMakeFiles/Interrupcao.dir/C_/Program_Files/Raspberry_Pi/Pico_SDK_v1.5.1/pico-sdk/src/rp2_common/hardware_irq/irq.c.obj
                0x10000f04                irq_init_priorities
 .text.user_irq_unclaim
                0x10000f28       0x14 CMakeFiles/Interrupcao.dir/C_/Program_Files/Raspberry_Pi/Pico_SDK_v1.5.1/pico-sdk/src/rp2_common/hardware_irq/irq.c.obj
                0x10000f28                user_irq_unclaim
 .text.user_irq_claim_unused
                0x10000f3c       0x28 CMakeFiles/Interrupcao.dir/C_/Program_Files/Raspberry_Pi/Pico_SDK_v1.5.1/pico-sdk/src/rp2_common/hardware_irq/irq.c.obj
                0x10000f3c                user_irq_claim_unused
 .text.sem_init
                0x10000f64       0x20 CMakeFiles/Interrupcao.dir/C_/Program_Files/Raspberry_Pi/Pico_SDK_v1.5.1/pico-sdk/src/common/pico_sync/sem.c.obj
                0x10000f64                sem_init
 .text.lock_init
                0x10000f84       0x10 CMakeFiles/Interrupcao.dir/C_/Program_Files/Raspberry_Pi/Pico_SDK_v1.5.1/pico-sdk/src/common/pico_sync/lock_core.c.obj
                0x10000f84                lock_init
 .text.mutex_init
                0x10000f94       0x1c CMakeFiles/Interrupcao.dir/C_/Program_Files/Raspberry_Pi/Pico_SDK_v1.5.1/pico-sdk/src/common/pico_sync/mutex.c.obj
                0x10000f94                mutex_init
 .text.recursive_mutex_init
                0x10000fb0       0x1c CMakeFiles/Interrupcao.dir/C_/Program_Files/Raspberry_Pi/Pico_SDK_v1.5.1/pico-sdk/src/common/pico_sync/mutex.c.obj
                0x10000fb0                recursive_mutex_init
 .text.critical_section_init
                0x10000fcc       0x20 CMakeFiles/Interrupcao.dir/C_/Program_Files/Raspberry_Pi/Pico_SDK_v1.5.1/pico-sdk/src/common/pico_sync/critical_section.c.obj
                0x10000fcc                critical_section_init
 .text.critical_section_init_with_lock_num
                0x10000fec       0x14 CMakeFiles/Interrupcao.dir/C_/Program_Files/Raspberry_Pi/Pico_SDK_v1.5.1/pico-sdk/src/common/pico_sync/critical_section.c.obj
                0x10000fec                critical_section_init_with_lock_num
 .text.timer_pool_entry_comparator
                0x10001000       0x34 CMakeFiles/Interrupcao.dir/C_/Program_Files/Raspberry_Pi/Pico_SDK_v1.5.1/pico-sdk/src/common/pico_time/time.c.obj
                0x10001000                timer_pool_entry_comparator
 .text.sleep_until_callback
                0x10001034       0x30 CMakeFiles/Interrupcao.dir/C_/Program_Files/Raspberry_Pi/Pico_SDK_v1.5.1/pico-sdk/src/common/pico_time/time.c.obj
 .text.add_alarm_under_lock.isra.0
                0x10001064      0x100 CMakeFiles/Interrupcao.dir/C_/Program_Files/Raspberry_Pi/Pico_SDK_v1.5.1/pico-sdk/src/common/pico_time/time.c.obj
 .text.alarm_pool_alarm_callback
                0x10001164      0x1bc CMakeFiles/Interrupcao.dir/C_/Program_Files/Raspberry_Pi/Pico_SDK_v1.5.1/pico-sdk/src/common/pico_time/time.c.obj
 .text.alarm_pool_init_default
                0x10001320       0x6c CMakeFiles/Interrupcao.dir/C_/Program_Files/Raspberry_Pi/Pico_SDK_v1.5.1/pico-sdk/src/common/pico_time/time.c.obj
                0x10001320                alarm_pool_init_default
 .text.alarm_pool_get_default
                0x1000138c        0x8 CMakeFiles/Interrupcao.dir/C_/Program_Files/Raspberry_Pi/Pico_SDK_v1.5.1/pico-sdk/src/common/pico_time/time.c.obj
                0x1000138c                alarm_pool_get_default
 .text.alarm_pool_add_alarm_at
                0x10001394      0x178 CMakeFiles/Interrupcao.dir/C_/Program_Files/Raspberry_Pi/Pico_SDK_v1.5.1/pico-sdk/src/common/pico_time/time.c.obj
                0x10001394                alarm_pool_add_alarm_at
 .text.alarm_pool_cancel_alarm
                0x1000150c       0x78 CMakeFiles/Interrupcao.dir/C_/Program_Files/Raspberry_Pi/Pico_SDK_v1.5.1/pico-sdk/src/common/pico_time/time.c.obj
                0x1000150c                alarm_pool_cancel_alarm
 .text.alarm_pool_core_num
                0x10001584        0x4 CMakeFiles/Interrupcao.dir/C_/Program_Files/Raspberry_Pi/Pico_SDK_v1.5.1/pico-sdk/src/common/pico_time/time.c.obj
                0x10001584                alarm_pool_core_num
 .text.sleep_until
                0x10001588       0xc4 CMakeFiles/Interrupcao.dir/C_/Program_Files/Raspberry_Pi/Pico_SDK_v1.5.1/pico-sdk/src/common/pico_time/time.c.obj
                0x10001588                sleep_until
 .text.sleep_ms
                0x1000164c       0x34 CMakeFiles/Interrupcao.dir/C_/Program_Files/Raspberry_Pi/Pico_SDK_v1.5.1/pico-sdk/src/common/pico_time/time.c.obj
                0x1000164c                sleep_ms
 .text.best_effort_wfe_or_timeout
                0x10001680       0xd4 CMakeFiles/Interrupcao.dir/C_/Program_Files/Raspberry_Pi/Pico_SDK_v1.5.1/pico-sdk/src/common/pico_time/time.c.obj
                0x10001680                best_effort_wfe_or_timeout
 .text.hardware_alarm_irq_handler
                0x10001754       0xbc CMakeFiles/Interrupcao.dir/C_/Program_Files/Raspberry_Pi/Pico_SDK_v1.5.1/pico-sdk/src/rp2_common/hardware_timer/timer.c.obj
 .text.hardware_alarm_claim
                0x10001810       0x18 CMakeFiles/Interrupcao.dir/C_/Program_Files/Raspberry_Pi/Pico_SDK_v1.5.1/pico-sdk/src/rp2_common/hardware_timer/timer.c.obj
                0x10001810                hardware_alarm_claim
 .text.time_us_64
                0x10001828       0x14 CMakeFiles/Interrupcao.dir/C_/Program_Files/Raspberry_Pi/Pico_SDK_v1.5.1/pico-sdk/src/rp2_common/hardware_timer/timer.c.obj
                0x10001828                time_us_64
 .text.busy_wait_until
                0x1000183c       0x20 CMakeFiles/Interrupcao.dir/C_/Program_Files/Raspberry_Pi/Pico_SDK_v1.5.1/pico-sdk/src/rp2_common/hardware_timer/timer.c.obj
                0x1000183c                busy_wait_until
 .text.hardware_alarm_set_callback
                0x1000185c       0x8c CMakeFiles/Interrupcao.dir/C_/Program_Files/Raspberry_Pi/Pico_SDK_v1.5.1/pico-sdk/src/rp2_common/hardware_timer/timer.c.obj
                0x1000185c                hardware_alarm_set_callback
 .text.hardware_alarm_set_target
                0x100018e8       0xd4 CMakeFiles/Interrupcao.dir/C_/Program_Files/Raspberry_Pi/Pico_SDK_v1.5.1/pico-sdk/src/rp2_common/hardware_timer/timer.c.obj
                0x100018e8                hardware_alarm_set_target
 .text.hardware_alarm_cancel
                0x100019bc       0x3c CMakeFiles/Interrupcao.dir/C_/Program_Files/Raspberry_Pi/Pico_SDK_v1.5.1/pico-sdk/src/rp2_common/hardware_timer/timer.c.obj
                0x100019bc                hardware_alarm_cancel
 .text.ph_merge_nodes
                0x100019f8       0x68 CMakeFiles/Interrupcao.dir/C_/Program_Files/Raspberry_Pi/Pico_SDK_v1.5.1/pico-sdk/src/common/pico_util/pheap.c.obj
 .text.ph_post_alloc_init
                0x10001a60       0x3c CMakeFiles/Interrupcao.dir/C_/Program_Files/Raspberry_Pi/Pico_SDK_v1.5.1/pico-sdk/src/common/pico_util/pheap.c.obj
                0x10001a60                ph_post_alloc_init
 .text.ph_merge_two_pass
                0x10001a9c       0x90 CMakeFiles/Interrupcao.dir/C_/Program_Files/Raspberry_Pi/Pico_SDK_v1.5.1/pico-sdk/src/common/pico_util/pheap.c.obj
                0x10001a9c                ph_merge_two_pass
 .text.ph_remove_any_head
                0x10001b2c      0x100 CMakeFiles/Interrupcao.dir/C_/Program_Files/Raspberry_Pi/Pico_SDK_v1.5.1/pico-sdk/src/common/pico_util/pheap.c.obj
 .text.ph_remove_head
                0x10001c2c      0x104 CMakeFiles/Interrupcao.dir/C_/Program_Files/Raspberry_Pi/Pico_SDK_v1.5.1/pico-sdk/src/common/pico_util/pheap.c.obj
                0x10001c2c                ph_remove_head
 .text.ph_remove_and_free_node
                0x10001d30       0x7c CMakeFiles/Interrupcao.dir/C_/Program_Files/Raspberry_Pi/Pico_SDK_v1.5.1/pico-sdk/src/common/pico_util/pheap.c.obj
                0x10001d30                ph_remove_and_free_node
 .text.clocks_init
                0x10001dac      0x2d0 CMakeFiles/Interrupcao.dir/C_/Program_Files/Raspberry_Pi/Pico_SDK_v1.5.1/pico-sdk/src/rp2_common/hardware_clocks/clocks.c.obj
                0x10001dac                clocks_init
 .text.clock_get_hz
                0x1000207c        0xc CMakeFiles/Interrupcao.dir/C_/Program_Files/Raspberry_Pi/Pico_SDK_v1.5.1/pico-sdk/src/rp2_common/hardware_clocks/clocks.c.obj
                0x1000207c                clock_get_hz
 .text.pll_init
                0x10002088       0xa0 CMakeFiles/Interrupcao.dir/C_/Program_Files/Raspberry_Pi/Pico_SDK_v1.5.1/pico-sdk/src/rp2_common/hardware_pll/pll.c.obj
                0x10002088                pll_init
 .text.watchdog_start_tick
                0x10002128       0x10 CMakeFiles/Interrupcao.dir/C_/Program_Files/Raspberry_Pi/Pico_SDK_v1.5.1/pico-sdk/src/rp2_common/hardware_watchdog/watchdog.c.obj
                0x10002128                watchdog_start_tick
 .text.watchdog_reboot
                0x10002138       0x98 CMakeFiles/Interrupcao.dir/C_/Program_Files/Raspberry_Pi/Pico_SDK_v1.5.1/pico-sdk/src/rp2_common/hardware_watchdog/watchdog.c.obj
                0x10002138                watchdog_reboot
 .text.xosc_init
                0x100021d0       0x28 CMakeFiles/Interrupcao.dir/C_/Program_Files/Raspberry_Pi/Pico_SDK_v1.5.1/pico-sdk/src/rp2_common/hardware_xosc/xosc.c.obj
                0x100021d0                xosc_init
 .text.runtime_init
                0x100021f8       0xf0 CMakeFiles/Interrupcao.dir/C_/Program_Files/Raspberry_Pi/Pico_SDK_v1.5.1/pico-sdk/src/rp2_common/pico_runtime/runtime.c.obj
                0x100021f8                runtime_init
 .text._exit    0x100022e8        0x4 CMakeFiles/Interrupcao.dir/C_/Program_Files/Raspberry_Pi/Pico_SDK_v1.5.1/pico-sdk/src/rp2_common/pico_runtime/runtime.c.obj
                0x100022e8                _exit
 .text.exit     0x100022ec        0x8 CMakeFiles/Interrupcao.dir/C_/Program_Files/Raspberry_Pi/Pico_SDK_v1.5.1/pico-sdk/src/rp2_common/pico_runtime/runtime.c.obj
                0x100022ec                exit
 .text.panic    0x100022f4       0x30 CMakeFiles/Interrupcao.dir/C_/Program_Files/Raspberry_Pi/Pico_SDK_v1.5.1/pico-sdk/src/rp2_common/pico_runtime/runtime.c.obj
                0x100022f4                panic
 .text.hard_assertion_failure
                0x10002324        0xc CMakeFiles/Interrupcao.dir/C_/Program_Files/Raspberry_Pi/Pico_SDK_v1.5.1/pico-sdk/src/rp2_common/pico_runtime/runtime.c.obj
                0x10002324                hard_assertion_failure
 .text._out_null
                0x10002330        0x4 CMakeFiles/Interrupcao.dir/C_/Program_Files/Raspberry_Pi/Pico_SDK_v1.5.1/pico-sdk/src/rp2_common/pico_printf/printf.c.obj
 .text._out_rev
                0x10002334       0x9c CMakeFiles/Interrupcao.dir/C_/Program_Files/Raspberry_Pi/Pico_SDK_v1.5.1/pico-sdk/src/rp2_common/pico_printf/printf.c.obj
 .text._ntoa_format
                0x100023d0      0x1cc CMakeFiles/Interrupcao.dir/C_/Program_Files/Raspberry_Pi/Pico_SDK_v1.5.1/pico-sdk/src/rp2_common/pico_printf/printf.c.obj
 .text._out_char
                0x1000259c       0x10 CMakeFiles/Interrupcao.dir/C_/Program_Files/Raspberry_Pi/Pico_SDK_v1.5.1/pico-sdk/src/rp2_common/pico_printf/printf.c.obj
 .text._out_fct
                0x100025ac       0x10 CMakeFiles/Interrupcao.dir/C_/Program_Files/Raspberry_Pi/Pico_SDK_v1.5.1/pico-sdk/src/rp2_common/pico_printf/printf.c.obj
 .text._etoa    0x100025bc      0x44c CMakeFiles/Interrupcao.dir/C_/Program_Files/Raspberry_Pi/Pico_SDK_v1.5.1/pico-sdk/src/rp2_common/pico_printf/printf.c.obj
 .text._ftoa    0x10002a08      0x398 CMakeFiles/Interrupcao.dir/C_/Program_Files/Raspberry_Pi/Pico_SDK_v1.5.1/pico-sdk/src/rp2_common/pico_printf/printf.c.obj
 .text._vsnprintf
                0x10002da0      0xb04 CMakeFiles/Interrupcao.dir/C_/Program_Files/Raspberry_Pi/Pico_SDK_v1.5.1/pico-sdk/src/rp2_common/pico_printf/printf.c.obj
 .text.vfctprintf
                0x100038a4       0x20 CMakeFiles/Interrupcao.dir/C_/Program_Files/Raspberry_Pi/Pico_SDK_v1.5.1/pico-sdk/src/rp2_common/pico_printf/printf.c.obj
                0x100038a4                vfctprintf
 .text.weak_raw_vprintf
                0x100038c4       0x30 CMakeFiles/Interrupcao.dir/C_/Program_Files/Raspberry_Pi/Pico_SDK_v1.5.1/pico-sdk/src/rp2_common/pico_printf/printf.c.obj
                0x100038c4                weak_raw_vprintf
 .text          0x100038f4       0x10 CMakeFiles/Interrupcao.dir/C_/Program_Files/Raspberry_Pi/Pico_SDK_v1.5.1/pico-sdk/src/rp2_common/pico_bit_ops/bit_ops_aeabi.S.obj
 .text.ctzsi    0x10003904        0xc CMakeFiles/Interrupcao.dir/C_/Program_Files/Raspberry_Pi/Pico_SDK_v1.5.1/pico-sdk/src/rp2_common/pico_bit_ops/bit_ops_aeabi.S.obj
                0x10003904                __wrap___ctzsi2
 .text.rom_func_lookup
                0x10003910       0x10 CMakeFiles/Interrupcao.dir/C_/Program_Files/Raspberry_Pi/Pico_SDK_v1.5.1/pico-sdk/src/rp2_common/pico_bootrom/bootrom.c.obj
                0x10003910                rom_func_lookup
 .text.rom_data_lookup
                0x10003920       0x10 CMakeFiles/Interrupcao.dir/C_/Program_Files/Raspberry_Pi/Pico_SDK_v1.5.1/pico-sdk/src/rp2_common/pico_bootrom/bootrom.c.obj
                0x10003920                rom_data_lookup
 .text.rom_funcs_lookup
                0x10003930       0x44 CMakeFiles/Interrupcao.dir/C_/Program_Files/Raspberry_Pi/Pico_SDK_v1.5.1/pico-sdk/src/rp2_common/pico_bootrom/bootrom.c.obj
                0x10003930                rom_funcs_lookup
 .text.__wrap___aeabi_idiv
                0x10003974       0x50 CMakeFiles/Interrupcao.dir/C_/Program_Files/Raspberry_Pi/Pico_SDK_v1.5.1/pico-sdk/src/rp2_common/pico_divider/divider.S.obj
                0x10003974                __wrap___aeabi_idivmod
                0x10003974                divmod_s32s32
                0x10003974                div_s32s32
                0x10003974                __wrap___aeabi_idiv
                0x1000397c                divmod_s32s32_unsafe
                0x100039a8                divmod_s32s32_savestate
 .text.__wrap___aeabi_uidiv
                0x100039c4       0x4c CMakeFiles/Interrupcao.dir/C_/Program_Files/Raspberry_Pi/Pico_SDK_v1.5.1/pico-sdk/src/rp2_common/pico_divider/divider.S.obj
                0x100039c4                __wrap___aeabi_uidiv
                0x100039c4                __wrap___aeabi_uidivmod
                0x100039c4                div_u32u32
                0x100039c4                divmod_u32u32
                0x100039cc                divmod_u32u32_unsafe
                0x100039f4                divmod_u32u32_savestate
 .text.__wrap___aeabi_ldiv
                0x10003a10      0x424 CMakeFiles/Interrupcao.dir/C_/Program_Files/Raspberry_Pi/Pico_SDK_v1.5.1/pico-sdk/src/rp2_common/pico_divider/divider.S.obj
                0x10003a10                div_s64s64
                0x10003a10                divmod_s64s64
                0x10003a10                __wrap___aeabi_ldivmod
                0x10003a40                divmod_u64u64
                0x10003a40                div_u64u64
                0x10003a40                __wrap___aeabi_uldivmod
                0x10003a50                divmod_u64u64_savestate
                0x10003a70                divmod_s64s64_unsafe
                0x10003af8                divmod_u64u64_unsafe
 .text.__wrap___aeabi_darithmetic
                0x10003e34       0x60 CMakeFiles/Interrupcao.dir/C_/Program_Files/Raspberry_Pi/Pico_SDK_v1.5.1/pico-sdk/src/rp2_common/pico_double/double_aeabi.S.obj
                0x10003e34                __wrap___aeabi_drsub
                0x10003e3a                __wrap___aeabi_dsub
                0x10003e44                __wrap___aeabi_dadd
                0x10003e4e                __wrap___aeabi_ddiv
                0x10003e82                __wrap___aeabi_dmul
 .text.__wrap___aeabi_cdcmple
                0x10003e94       0x6c CMakeFiles/Interrupcao.dir/C_/Program_Files/Raspberry_Pi/Pico_SDK_v1.5.1/pico-sdk/src/rp2_common/pico_double/double_aeabi.S.obj
                0x10003e94                __wrap___aeabi_cdrcmple
                0x10003ea4                __wrap___aeabi_cdcmpeq
                0x10003ea4                __wrap___aeabi_cdcmple
 .text.__wrap___aeabi_dcmplt
                0x10003f00        0xc CMakeFiles/Interrupcao.dir/C_/Program_Files/Raspberry_Pi/Pico_SDK_v1.5.1/pico-sdk/src/rp2_common/pico_double/double_aeabi.S.obj
                0x10003f00                __wrap___aeabi_dcmplt
 .text.__wrap___aeabi_dcmple
                0x10003f0c       0x10 CMakeFiles/Interrupcao.dir/C_/Program_Files/Raspberry_Pi/Pico_SDK_v1.5.1/pico-sdk/src/rp2_common/pico_double/double_aeabi.S.obj
                0x10003f0c                __wrap___aeabi_dcmple
 .text.__wrap___aeabi_dcmpge
                0x10003f1c       0x10 CMakeFiles/Interrupcao.dir/C_/Program_Files/Raspberry_Pi/Pico_SDK_v1.5.1/pico-sdk/src/rp2_common/pico_double/double_aeabi.S.obj
                0x10003f1c                __wrap___aeabi_dcmpge
 .text.__wrap___aeabi_dcmpgt
                0x10003f2c        0xa CMakeFiles/Interrupcao.dir/C_/Program_Files/Raspberry_Pi/Pico_SDK_v1.5.1/pico-sdk/src/rp2_common/pico_double/double_aeabi.S.obj
                0x10003f2c                __wrap___aeabi_dcmpgt
 .text.__wrap___aeabi_dcmpun
                0x10003f36       0x1c CMakeFiles/Interrupcao.dir/C_/Program_Files/Raspberry_Pi/Pico_SDK_v1.5.1/pico-sdk/src/rp2_common/pico_double/double_aeabi.S.obj
                0x10003f36                __wrap___aeabi_dcmpun
 *fill*         0x10003f52        0x2 
 .text.__wrap___aeabi_i2d
                0x10003f54       0x38 CMakeFiles/Interrupcao.dir/C_/Program_Files/Raspberry_Pi/Pico_SDK_v1.5.1/pico-sdk/src/rp2_common/pico_double/double_aeabi.S.obj
                0x10003f54                __wrap___aeabi_ui2d
                0x10003f5c                __wrap___aeabi_i2d
 .text.__wrap___aeabi_d2iz
                0x10003f8c       0x48 CMakeFiles/Interrupcao.dir/C_/Program_Files/Raspberry_Pi/Pico_SDK_v1.5.1/pico-sdk/src/rp2_common/pico_double/double_aeabi.S.obj
                0x10003f8c                double2int_z
                0x10003f8c                __wrap___aeabi_d2iz
 .text.__wrap___aeabi_d2uiz
                0x10003fd4       0x10 CMakeFiles/Interrupcao.dir/C_/Program_Files/Raspberry_Pi/Pico_SDK_v1.5.1/pico-sdk/src/rp2_common/pico_double/double_aeabi.S.obj
                0x10003fd4                __wrap___aeabi_d2uiz
                0x10003fd4                double2uint
 .text.missing_double_func_shim
                0x10003fe4        0xc CMakeFiles/Interrupcao.dir/C_/Program_Files/Raspberry_Pi/Pico_SDK_v1.5.1/pico-sdk/src/rp2_common/pico_double/double_init_rom.c.obj
 .text.__aeabi_double_init
                0x10003ff0       0x98 CMakeFiles/Interrupcao.dir/C_/Program_Files/Raspberry_Pi/Pico_SDK_v1.5.1/pico-sdk/src/rp2_common/pico_double/double_init_rom.c.obj
                0x10003ff0                __aeabi_double_init
 .text.double_table_shim_on_use_helper
                0x10004088       0x2c CMakeFiles/Interrupcao.dir/C_/Program_Files/Raspberry_Pi/Pico_SDK_v1.5.1/pico-sdk/src/rp2_common/pico_double/double_v1_rom_shim.S.obj
                0x10004088                double_table_shim_on_use_helper
 .text.__aeabi_lmul
                0x100040b4       0x32 CMakeFiles/Interrupcao.dir/C_/Program_Files/Raspberry_Pi/Pico_SDK_v1.5.1/pico-sdk/src/rp2_common/pico_int64_ops/pico_int64_ops_aeabi.S.obj
                0x100040b4                __wrap___aeabi_lmul
 *fill*         0x100040e6        0x2 
 .text.missing_float_func_shim
                0x100040e8        0xc CMakeFiles/Interrupcao.dir/C_/Program_Files/Raspberry_Pi/Pico_SDK_v1.5.1/pico-sdk/src/rp2_common/pico_float/float_init_rom.c.obj
 .text.__aeabi_float_init
                0x100040f4       0x5c CMakeFiles/Interrupcao.dir/C_/Program_Files/Raspberry_Pi/Pico_SDK_v1.5.1/pico-sdk/src/rp2_common/pico_float/float_init_rom.c.obj
                0x100040f4                __aeabi_float_init
 .text          0x10004150       0x10 CMakeFiles/Interrupcao.dir/C_/Program_Files/Raspberry_Pi/Pico_SDK_v1.5.1/pico-sdk/src/rp2_common/pico_mem_ops/mem_ops_aeabi.S.obj
                0x10004150                __aeabi_mem_init
 .text.memset   0x10004160        0xc CMakeFiles/Interrupcao.dir/C_/Program_Files/Raspberry_Pi/Pico_SDK_v1.5.1/pico-sdk/src/rp2_common/pico_mem_ops/mem_ops_aeabi.S.obj
                0x10004160                __wrap_memset
 .text.memcpy   0x1000416c        0xc CMakeFiles/Interrupcao.dir/C_/Program_Files/Raspberry_Pi/Pico_SDK_v1.5.1/pico-sdk/src/rp2_common/pico_mem_ops/mem_ops_aeabi.S.obj
                0x1000416c                __wrap_memcpy
                0x1000416c                __wrap___aeabi_memcpy
 .text.stdio_out_chars_no_crlf
                0x10004178       0x10 CMakeFiles/Interrupcao.dir/C_/Program_Files/Raspberry_Pi/Pico_SDK_v1.5.1/pico-sdk/src/rp2_common/pico_stdio/stdio.c.obj
 .text.stdio_out_chars_crlf
                0x10004188       0xb4 CMakeFiles/Interrupcao.dir/C_/Program_Files/Raspberry_Pi/Pico_SDK_v1.5.1/pico-sdk/src/rp2_common/pico_stdio/stdio.c.obj
 .text.stdio_buffered_printer
                0x1000423c       0x64 CMakeFiles/Interrupcao.dir/C_/Program_Files/Raspberry_Pi/Pico_SDK_v1.5.1/pico-sdk/src/rp2_common/pico_stdio/stdio.c.obj
 .text.stdio_put_string.isra.0
                0x100042a0       0xfc CMakeFiles/Interrupcao.dir/C_/Program_Files/Raspberry_Pi/Pico_SDK_v1.5.1/pico-sdk/src/rp2_common/pico_stdio/stdio.c.obj
 .text.__wrap_putchar
                0x1000439c       0x98 CMakeFiles/Interrupcao.dir/C_/Program_Files/Raspberry_Pi/Pico_SDK_v1.5.1/pico-sdk/src/rp2_common/pico_stdio/stdio.c.obj
                0x1000439c                __wrap_putchar
 .text.__wrap_puts
                0x10004434       0x3c CMakeFiles/Interrupcao.dir/C_/Program_Files/Raspberry_Pi/Pico_SDK_v1.5.1/pico-sdk/src/rp2_common/pico_stdio/stdio.c.obj
                0x10004434                __wrap_puts
 .text.stdio_set_driver_enabled
                0x10004470       0x30 CMakeFiles/Interrupcao.dir/C_/Program_Files/Raspberry_Pi/Pico_SDK_v1.5.1/pico-sdk/src/rp2_common/pico_stdio/stdio.c.obj
                0x10004470                stdio_set_driver_enabled
 .text.__wrap_vprintf
                0x100044a0       0xd8 CMakeFiles/Interrupcao.dir/C_/Program_Files/Raspberry_Pi/Pico_SDK_v1.5.1/pico-sdk/src/rp2_common/pico_stdio/stdio.c.obj
                0x100044a0                __wrap_vprintf
 .text.__wrap_printf
                0x10004578       0x18 CMakeFiles/Interrupcao.dir/C_/Program_Files/Raspberry_Pi/Pico_SDK_v1.5.1/pico-sdk/src/rp2_common/pico_stdio/stdio.c.obj
                0x10004578                __wrap_printf
 .text.stdio_init_all
                0x10004590        0x8 CMakeFiles/Interrupcao.dir/C_/Program_Files/Raspberry_Pi/Pico_SDK_v1.5.1/pico-sdk/src/rp2_common/pico_stdio/stdio.c.obj
                0x10004590                stdio_init_all
 .text.resetd_init
                0x10004598        0x4 CMakeFiles/Interrupcao.dir/C_/Program_Files/Raspberry_Pi/Pico_SDK_v1.5.1/pico-sdk/src/rp2_common/pico_stdio_usb/reset_interface.c.obj
 .text.resetd_reset
                0x1000459c        0xc CMakeFiles/Interrupcao.dir/C_/Program_Files/Raspberry_Pi/Pico_SDK_v1.5.1/pico-sdk/src/rp2_common/pico_stdio_usb/reset_interface.c.obj
 .text.resetd_open
                0x100045a8       0x28 CMakeFiles/Interrupcao.dir/C_/Program_Files/Raspberry_Pi/Pico_SDK_v1.5.1/pico-sdk/src/rp2_common/pico_stdio_usb/reset_interface.c.obj
 .text.resetd_xfer_cb
                0x100045d0        0x4 CMakeFiles/Interrupcao.dir/C_/Program_Files/Raspberry_Pi/Pico_SDK_v1.5.1/pico-sdk/src/rp2_common/pico_stdio_usb/reset_interface.c.obj
 .text.resetd_control_xfer_cb
                0x100045d4       0x64 CMakeFiles/Interrupcao.dir/C_/Program_Files/Raspberry_Pi/Pico_SDK_v1.5.1/pico-sdk/src/rp2_common/pico_stdio_usb/reset_interface.c.obj
 .text.usbd_app_driver_get_cb
                0x10004638        0xc CMakeFiles/Interrupcao.dir/C_/Program_Files/Raspberry_Pi/Pico_SDK_v1.5.1/pico-sdk/src/rp2_common/pico_stdio_usb/reset_interface.c.obj
                0x10004638                usbd_app_driver_get_cb
 .text.tud_cdc_line_coding_cb
                0x10004644       0x34 CMakeFiles/Interrupcao.dir/C_/Program_Files/Raspberry_Pi/Pico_SDK_v1.5.1/pico-sdk/src/rp2_common/pico_stdio_usb/reset_interface.c.obj
                0x10004644                tud_cdc_line_coding_cb
 .text.stdio_usb_set_chars_available_callback
                0x10004678       0x14 CMakeFiles/Interrupcao.dir/C_/Program_Files/Raspberry_Pi/Pico_SDK_v1.5.1/pico-sdk/src/rp2_common/pico_stdio_usb/stdio_usb.c.obj
                0x10004678                stdio_usb_set_chars_available_callback
 .text.usb_irq  0x1000468c       0x10 CMakeFiles/Interrupcao.dir/C_/Program_Files/Raspberry_Pi/Pico_SDK_v1.5.1/pico-sdk/src/rp2_common/pico_stdio_usb/stdio_usb.c.obj
 .text.timer_task
                0x1000469c       0x54 CMakeFiles/Interrupcao.dir/C_/Program_Files/Raspberry_Pi/Pico_SDK_v1.5.1/pico-sdk/src/rp2_common/pico_stdio_usb/stdio_usb.c.obj
 .text.stdio_usb_in_chars
                0x100046f0       0x90 CMakeFiles/Interrupcao.dir/C_/Program_Files/Raspberry_Pi/Pico_SDK_v1.5.1/pico-sdk/src/rp2_common/pico_stdio_usb/stdio_usb.c.obj
                0x100046f0                stdio_usb_in_chars
 .text.stdio_usb_out_chars
                0x10004780      0x100 CMakeFiles/Interrupcao.dir/C_/Program_Files/Raspberry_Pi/Pico_SDK_v1.5.1/pico-sdk/src/rp2_common/pico_stdio_usb/stdio_usb.c.obj
 .text.low_priority_worker_irq
                0x10004880       0xa8 CMakeFiles/Interrupcao.dir/C_/Program_Files/Raspberry_Pi/Pico_SDK_v1.5.1/pico-sdk/src/rp2_common/pico_stdio_usb/stdio_usb.c.obj
 .text.tud_cdc_rx_cb
                0x10004928       0x20 CMakeFiles/Interrupcao.dir/C_/Program_Files/Raspberry_Pi/Pico_SDK_v1.5.1/pico-sdk/src/rp2_common/pico_stdio_usb/stdio_usb.c.obj
                0x10004928                tud_cdc_rx_cb
 .text.stdio_usb_init
                0x10004948       0xdc CMakeFiles/Interrupcao.dir/C_/Program_Files/Raspberry_Pi/Pico_SDK_v1.5.1/pico-sdk/src/rp2_common/pico_stdio_usb/stdio_usb.c.obj
                0x10004948                stdio_usb_init
 .text.tud_descriptor_device_cb
                0x10004a24        0x8 CMakeFiles/Interrupcao.dir/C_/Program_Files/Raspberry_Pi/Pico_SDK_v1.5.1/pico-sdk/src/rp2_common/pico_stdio_usb/stdio_usb_descriptors.c.obj
                0x10004a24                tud_descriptor_device_cb
 .text.tud_descriptor_configuration_cb
                0x10004a2c        0x8 CMakeFiles/Interrupcao.dir/C_/Program_Files/Raspberry_Pi/Pico_SDK_v1.5.1/pico-sdk/src/rp2_common/pico_stdio_usb/stdio_usb_descriptors.c.obj
                0x10004a2c                tud_descriptor_configuration_cb
 .text.tud_descriptor_string_cb
                0x10004a34       0x74 CMakeFiles/Interrupcao.dir/C_/Program_Files/Raspberry_Pi/Pico_SDK_v1.5.1/pico-sdk/src/rp2_common/pico_stdio_usb/stdio_usb_descriptors.c.obj
                0x10004a34                tud_descriptor_string_cb
 .text.startup._retrieve_unique_id_on_boot
                0x10004aa8       0x10 CMakeFiles/Interrupcao.dir/C_/Program_Files/Raspberry_Pi/Pico_SDK_v1.5.1/pico-sdk/src/rp2_common/pico_unique_id/unique_id.c.obj
 .text.pico_get_unique_board_id
                0x10004ab8       0x10 CMakeFiles/Interrupcao.dir/C_/Program_Files/Raspberry_Pi/Pico_SDK_v1.5.1/pico-sdk/src/rp2_common/pico_unique_id/unique_id.c.obj
                0x10004ab8                pico_get_unique_board_id
 .text.pico_get_unique_board_id_string
                0x10004ac8      0x1a8 CMakeFiles/Interrupcao.dir/C_/Program_Files/Raspberry_Pi/Pico_SDK_v1.5.1/pico-sdk/src/rp2_common/pico_unique_id/unique_id.c.obj
                0x10004ac8                pico_get_unique_board_id_string
 .text.flash_get_unique_id
                0x10004c70       0x40 CMakeFiles/Interrupcao.dir/C_/Program_Files/Raspberry_Pi/Pico_SDK_v1.5.1/pico-sdk/src/rp2_common/hardware_flash/flash.c.obj
                0x10004c70                flash_get_unique_id
 .text.dcd_int_enable
                0x10004cb0        0xc CMakeFiles/Interrupcao.dir/C_/Program_Files/Raspberry_Pi/Pico_SDK_v1.5.1/pico-sdk/lib/tinyusb/src/portable/raspberrypi/rp2040/dcd_rp2040.c.obj
                0x10004cb0                dcd_int_enable
 .text.dcd_set_address
                0x10004cbc       0x14 CMakeFiles/Interrupcao.dir/C_/Program_Files/Raspberry_Pi/Pico_SDK_v1.5.1/pico-sdk/lib/tinyusb/src/portable/raspberrypi/rp2040/dcd_rp2040.c.obj
                0x10004cbc                dcd_set_address
 .text.dcd_connect
                0x10004cd0       0x10 CMakeFiles/Interrupcao.dir/C_/Program_Files/Raspberry_Pi/Pico_SDK_v1.5.1/pico-sdk/lib/tinyusb/src/portable/raspberrypi/rp2040/dcd_rp2040.c.obj
                0x10004cd0                dcd_connect
 .text.dcd_init
                0x10004ce0       0x98 CMakeFiles/Interrupcao.dir/C_/Program_Files/Raspberry_Pi/Pico_SDK_v1.5.1/pico-sdk/lib/tinyusb/src/portable/raspberrypi/rp2040/dcd_rp2040.c.obj
                0x10004ce0                dcd_init
 .text.dcd_edpt0_status_complete
                0x10004d78       0x1c CMakeFiles/Interrupcao.dir/C_/Program_Files/Raspberry_Pi/Pico_SDK_v1.5.1/pico-sdk/lib/tinyusb/src/portable/raspberrypi/rp2040/dcd_rp2040.c.obj
                0x10004d78                dcd_edpt0_status_complete
 .text.dcd_edpt_open
                0x10004d94      0x108 CMakeFiles/Interrupcao.dir/C_/Program_Files/Raspberry_Pi/Pico_SDK_v1.5.1/pico-sdk/lib/tinyusb/src/portable/raspberrypi/rp2040/dcd_rp2040.c.obj
                0x10004d94                dcd_edpt_open
 .text.dcd_edpt_close_all
                0x10004e9c        0x8 CMakeFiles/Interrupcao.dir/C_/Program_Files/Raspberry_Pi/Pico_SDK_v1.5.1/pico-sdk/lib/tinyusb/src/portable/raspberrypi/rp2040/dcd_rp2040.c.obj
                0x10004e9c                dcd_edpt_close_all
 .text.dcd_edpt_xfer
                0x10004ea4       0x24 CMakeFiles/Interrupcao.dir/C_/Program_Files/Raspberry_Pi/Pico_SDK_v1.5.1/pico-sdk/lib/tinyusb/src/portable/raspberrypi/rp2040/dcd_rp2040.c.obj
                0x10004ea4                dcd_edpt_xfer
 .text.dcd_edpt_stall
                0x10004ec8       0x38 CMakeFiles/Interrupcao.dir/C_/Program_Files/Raspberry_Pi/Pico_SDK_v1.5.1/pico-sdk/lib/tinyusb/src/portable/raspberrypi/rp2040/dcd_rp2040.c.obj
                0x10004ec8                dcd_edpt_stall
 .text.dcd_edpt_clear_stall
                0x10004f00       0x30 CMakeFiles/Interrupcao.dir/C_/Program_Files/Raspberry_Pi/Pico_SDK_v1.5.1/pico-sdk/lib/tinyusb/src/portable/raspberrypi/rp2040/dcd_rp2040.c.obj
                0x10004f00                dcd_edpt_clear_stall
 .text.rp2040_usb_init
                0x10004f30       0x4c CMakeFiles/Interrupcao.dir/C_/Program_Files/Raspberry_Pi/Pico_SDK_v1.5.1/pico-sdk/lib/tinyusb/src/portable/raspberrypi/rp2040/rp2040_usb.c.obj
                0x10004f30                rp2040_usb_init
 .text.hw_endpoint_xfer_start
                0x10004f7c       0x50 CMakeFiles/Interrupcao.dir/C_/Program_Files/Raspberry_Pi/Pico_SDK_v1.5.1/pico-sdk/lib/tinyusb/src/portable/raspberrypi/rp2040/rp2040_usb.c.obj
                0x10004f7c                hw_endpoint_xfer_start
 .text.tud_mounted
                0x10004fcc       0x10 CMakeFiles/Interrupcao.dir/C_/Program_Files/Raspberry_Pi/Pico_SDK_v1.5.1/pico-sdk/lib/tinyusb/src/device/usbd.c.obj
                0x10004fcc                tud_mounted
 .text.tud_suspended
                0x10004fdc       0x10 CMakeFiles/Interrupcao.dir/C_/Program_Files/Raspberry_Pi/Pico_SDK_v1.5.1/pico-sdk/lib/tinyusb/src/device/usbd.c.obj
                0x10004fdc                tud_suspended
 .text.tud_inited
                0x10004fec       0x14 CMakeFiles/Interrupcao.dir/C_/Program_Files/Raspberry_Pi/Pico_SDK_v1.5.1/pico-sdk/lib/tinyusb/src/device/usbd.c.obj
                0x10004fec                tud_inited
 .text.tud_init
                0x10005000       0xe4 CMakeFiles/Interrupcao.dir/C_/Program_Files/Raspberry_Pi/Pico_SDK_v1.5.1/pico-sdk/lib/tinyusb/src/device/usbd.c.obj
                0x10005000                tud_init
 .text.tud_task_ext
                0x100050e4      0x854 CMakeFiles/Interrupcao.dir/C_/Program_Files/Raspberry_Pi/Pico_SDK_v1.5.1/pico-sdk/lib/tinyusb/src/device/usbd.c.obj
                0x100050e4                tud_task_ext
 .text.usbd_open_edpt_pair
                0x10005938       0x9c CMakeFiles/Interrupcao.dir/C_/Program_Files/Raspberry_Pi/Pico_SDK_v1.5.1/pico-sdk/lib/tinyusb/src/device/usbd.c.obj
                0x10005938                usbd_open_edpt_pair
 .text.usbd_defer_func
                0x100059d4       0x48 CMakeFiles/Interrupcao.dir/C_/Program_Files/Raspberry_Pi/Pico_SDK_v1.5.1/pico-sdk/lib/tinyusb/src/device/usbd.c.obj
                0x100059d4                usbd_defer_func
 .text.usbd_edpt_open
                0x10005a1c       0x34 CMakeFiles/Interrupcao.dir/C_/Program_Files/Raspberry_Pi/Pico_SDK_v1.5.1/pico-sdk/lib/tinyusb/src/device/usbd.c.obj
                0x10005a1c                usbd_edpt_open
 .text.usbd_edpt_claim
                0x10005a50       0x28 CMakeFiles/Interrupcao.dir/C_/Program_Files/Raspberry_Pi/Pico_SDK_v1.5.1/pico-sdk/lib/tinyusb/src/device/usbd.c.obj
                0x10005a50                usbd_edpt_claim
 .text.usbd_edpt_release
                0x10005a78       0x28 CMakeFiles/Interrupcao.dir/C_/Program_Files/Raspberry_Pi/Pico_SDK_v1.5.1/pico-sdk/lib/tinyusb/src/device/usbd.c.obj
                0x10005a78                usbd_edpt_release
 .text.usbd_edpt_xfer
                0x10005aa0       0x4c CMakeFiles/Interrupcao.dir/C_/Program_Files/Raspberry_Pi/Pico_SDK_v1.5.1/pico-sdk/lib/tinyusb/src/device/usbd.c.obj
                0x10005aa0                usbd_edpt_xfer
 .text.tud_control_status
                0x10005aec       0x30 CMakeFiles/Interrupcao.dir/C_/Program_Files/Raspberry_Pi/Pico_SDK_v1.5.1/pico-sdk/lib/tinyusb/src/device/usbd_control.c.obj
                0x10005aec                tud_control_status
 .text.tud_control_xfer
                0x10005b1c       0xbc CMakeFiles/Interrupcao.dir/C_/Program_Files/Raspberry_Pi/Pico_SDK_v1.5.1/pico-sdk/lib/tinyusb/src/device/usbd_control.c.obj
                0x10005b1c                tud_control_xfer
 .text.usbd_control_reset
                0x10005bd8       0x14 CMakeFiles/Interrupcao.dir/C_/Program_Files/Raspberry_Pi/Pico_SDK_v1.5.1/pico-sdk/lib/tinyusb/src/device/usbd_control.c.obj
                0x10005bd8                usbd_control_reset
 .text.usbd_control_set_complete_callback
                0x10005bec        0xc CMakeFiles/Interrupcao.dir/C_/Program_Files/Raspberry_Pi/Pico_SDK_v1.5.1/pico-sdk/lib/tinyusb/src/device/usbd_control.c.obj
                0x10005bec                usbd_control_set_complete_callback
 .text.usbd_control_set_request
                0x10005bf8       0x1c CMakeFiles/Interrupcao.dir/C_/Program_Files/Raspberry_Pi/Pico_SDK_v1.5.1/pico-sdk/lib/tinyusb/src/device/usbd_control.c.obj
                0x10005bf8                usbd_control_set_request
 .text.usbd_control_xfer_cb
                0x10005c14       0xfc CMakeFiles/Interrupcao.dir/C_/Program_Files/Raspberry_Pi/Pico_SDK_v1.5.1/pico-sdk/lib/tinyusb/src/device/usbd_control.c.obj
                0x10005c14                usbd_control_xfer_cb
 .text.tud_cdc_n_connected
                0x10005d10       0x30 CMakeFiles/Interrupcao.dir/C_/Program_Files/Raspberry_Pi/Pico_SDK_v1.5.1/pico-sdk/lib/tinyusb/src/class/cdc/cdc_device.c.obj
                0x10005d10                tud_cdc_n_connected
 .text.tud_cdc_n_available
                0x10005d40       0x18 CMakeFiles/Interrupcao.dir/C_/Program_Files/Raspberry_Pi/Pico_SDK_v1.5.1/pico-sdk/lib/tinyusb/src/class/cdc/cdc_device.c.obj
                0x10005d40                tud_cdc_n_available
 .text.tud_cdc_n_read
                0x10005d58       0x70 CMakeFiles/Interrupcao.dir/C_/Program_Files/Raspberry_Pi/Pico_SDK_v1.5.1/pico-sdk/lib/tinyusb/src/class/cdc/cdc_device.c.obj
                0x10005d58                tud_cdc_n_read
 .text.tud_cdc_n_write_flush
                0x10005dc8       0x78 CMakeFiles/Interrupcao.dir/C_/Program_Files/Raspberry_Pi/Pico_SDK_v1.5.1/pico-sdk/lib/tinyusb/src/class/cdc/cdc_device.c.obj
                0x10005dc8                tud_cdc_n_write_flush
 .text.tud_cdc_n_write
                0x10005e40       0x34 CMakeFiles/Interrupcao.dir/C_/Program_Files/Raspberry_Pi/Pico_SDK_v1.5.1/pico-sdk/lib/tinyusb/src/class/cdc/cdc_device.c.obj
                0x10005e40                tud_cdc_n_write
 .text.tud_cdc_n_write_available
                0x10005e74       0x18 CMakeFiles/Interrupcao.dir/C_/Program_Files/Raspberry_Pi/Pico_SDK_v1.5.1/pico-sdk/lib/tinyusb/src/class/cdc/cdc_device.c.obj
                0x10005e74                tud_cdc_n_write_available
 .text.cdcd_init
                0x10005e8c       0x7c CMakeFiles/Interrupcao.dir/C_/Program_Files/Raspberry_Pi/Pico_SDK_v1.5.1/pico-sdk/lib/tinyusb/src/class/cdc/cdc_device.c.obj
                0x10005e8c                cdcd_init
 .text.cdcd_reset
                0x10005f08       0x2c CMakeFiles/Interrupcao.dir/C_/Program_Files/Raspberry_Pi/Pico_SDK_v1.5.1/pico-sdk/lib/tinyusb/src/class/cdc/cdc_device.c.obj
                0x10005f08                cdcd_reset
 .text.cdcd_open
                0x10005f34       0xe8 CMakeFiles/Interrupcao.dir/C_/Program_Files/Raspberry_Pi/Pico_SDK_v1.5.1/pico-sdk/lib/tinyusb/src/class/cdc/cdc_device.c.obj
                0x10005f34                cdcd_open
 .text.cdcd_control_xfer_cb
                0x1000601c       0xe4 CMakeFiles/Interrupcao.dir/C_/Program_Files/Raspberry_Pi/Pico_SDK_v1.5.1/pico-sdk/lib/tinyusb/src/class/cdc/cdc_device.c.obj
                0x1000601c                cdcd_control_xfer_cb
 .text.cdcd_xfer_cb
                0x10006100      0x148 CMakeFiles/Interrupcao.dir/C_/Program_Files/Raspberry_Pi/Pico_SDK_v1.5.1/pico-sdk/lib/tinyusb/src/class/cdc/cdc_device.c.obj
                0x10006100                cdcd_xfer_cb
 .text.tusb_init
                0x10006248        0xc CMakeFiles/Interrupcao.dir/C_/Program_Files/Raspberry_Pi/Pico_SDK_v1.5.1/pico-sdk/lib/tinyusb/src/tusb.c.obj
                0x10006248                tusb_init
 .text.tusb_inited
                0x10006254        0x8 CMakeFiles/Interrupcao.dir/C_/Program_Files/Raspberry_Pi/Pico_SDK_v1.5.1/pico-sdk/lib/tinyusb/src/tusb.c.obj
                0x10006254                tusb_inited
 .text.tu_edpt_claim
                0x1000625c       0x50 CMakeFiles/Interrupcao.dir/C_/Program_Files/Raspberry_Pi/Pico_SDK_v1.5.1/pico-sdk/lib/tinyusb/src/tusb.c.obj
                0x1000625c                tu_edpt_claim
 .text.tu_edpt_release
                0x100062ac       0x38 CMakeFiles/Interrupcao.dir/C_/Program_Files/Raspberry_Pi/Pico_SDK_v1.5.1/pico-sdk/lib/tinyusb/src/tusb.c.obj
                0x100062ac                tu_edpt_release
 .text.tu_edpt_validate
                0x100062e4       0x78 CMakeFiles/Interrupcao.dir/C_/Program_Files/Raspberry_Pi/Pico_SDK_v1.5.1/pico-sdk/lib/tinyusb/src/tusb.c.obj
                0x100062e4                tu_edpt_validate
 .text.tu_edpt_bind_driver
                0x1000635c       0x34 CMakeFiles/Interrupcao.dir/C_/Program_Files/Raspberry_Pi/Pico_SDK_v1.5.1/pico-sdk/lib/tinyusb/src/tusb.c.obj
                0x1000635c                tu_edpt_bind_driver
 .text.tu_fifo_config
                0x10006390       0x70 CMakeFiles/Interrupcao.dir/C_/Program_Files/Raspberry_Pi/Pico_SDK_v1.5.1/pico-sdk/lib/tinyusb/src/common/tusb_fifo.c.obj
                0x10006390                tu_fifo_config
 .text.tu_fifo_count
                0x10006400       0x2c CMakeFiles/Interrupcao.dir/C_/Program_Files/Raspberry_Pi/Pico_SDK_v1.5.1/pico-sdk/lib/tinyusb/src/common/tusb_fifo.c.obj
                0x10006400                tu_fifo_count
 .text.tu_fifo_empty
                0x1000642c       0x10 CMakeFiles/Interrupcao.dir/C_/Program_Files/Raspberry_Pi/Pico_SDK_v1.5.1/pico-sdk/lib/tinyusb/src/common/tusb_fifo.c.obj
                0x1000642c                tu_fifo_empty
 .text.tu_fifo_remaining
                0x1000643c       0x2c CMakeFiles/Interrupcao.dir/C_/Program_Files/Raspberry_Pi/Pico_SDK_v1.5.1/pico-sdk/lib/tinyusb/src/common/tusb_fifo.c.obj
                0x1000643c                tu_fifo_remaining
 .text.tu_fifo_read
                0x10006468       0xa0 CMakeFiles/Interrupcao.dir/C_/Program_Files/Raspberry_Pi/Pico_SDK_v1.5.1/pico-sdk/lib/tinyusb/src/common/tusb_fifo.c.obj
                0x10006468                tu_fifo_read
 .text.tu_fifo_read_n
                0x10006508       0xec CMakeFiles/Interrupcao.dir/C_/Program_Files/Raspberry_Pi/Pico_SDK_v1.5.1/pico-sdk/lib/tinyusb/src/common/tusb_fifo.c.obj
                0x10006508                tu_fifo_read_n
 .text.tu_fifo_write
                0x100065f4       0x88 CMakeFiles/Interrupcao.dir/C_/Program_Files/Raspberry_Pi/Pico_SDK_v1.5.1/pico-sdk/lib/tinyusb/src/common/tusb_fifo.c.obj
                0x100065f4                tu_fifo_write
 .text.tu_fifo_write_n
                0x1000667c      0x168 CMakeFiles/Interrupcao.dir/C_/Program_Files/Raspberry_Pi/Pico_SDK_v1.5.1/pico-sdk/lib/tinyusb/src/common/tusb_fifo.c.obj
                0x1000667c                tu_fifo_write_n
 .text.tu_fifo_clear
                0x100067e4       0x40 CMakeFiles/Interrupcao.dir/C_/Program_Files/Raspberry_Pi/Pico_SDK_v1.5.1/pico-sdk/lib/tinyusb/src/common/tusb_fifo.c.obj
                0x100067e4                tu_fifo_clear
 .text.tu_fifo_set_overwritable
                0x10006824       0x48 CMakeFiles/Interrupcao.dir/C_/Program_Files/Raspberry_Pi/Pico_SDK_v1.5.1/pico-sdk/lib/tinyusb/src/common/tusb_fifo.c.obj
                0x10006824                tu_fifo_set_overwritable
 .text.cyw43_arch_set_async_context
                0x1000686c        0xc CMakeFiles/Interrupcao.dir/C_/Program_Files/Raspberry_Pi/Pico_SDK_v1.5.1/pico-sdk/src/rp2_common/pico_cyw43_arch/cyw43_arch.c.obj
                0x1000686c                cyw43_arch_set_async_context
 .text.cyw43_arch_gpio_put
                0x10006878       0x14 CMakeFiles/Interrupcao.dir/C_/Program_Files/Raspberry_Pi/Pico_SDK_v1.5.1/pico-sdk/src/rp2_common/pico_cyw43_arch/cyw43_arch.c.obj
                0x10006878                cyw43_arch_gpio_put
 .text.cyw43_arch_async_context
                0x1000688c        0xc CMakeFiles/Interrupcao.dir/C_/Program_Files/Raspberry_Pi/Pico_SDK_v1.5.1/pico-sdk/src/rp2_common/pico_cyw43_arch/cyw43_arch.c.obj
                0x1000688c                cyw43_arch_async_context
 .text.cyw43_arch_init
                0x10006898       0x6c CMakeFiles/Interrupcao.dir/ae783cfadb10a0055c655bcf0b179659/pico-sdk/src/rp2_common/pico_cyw43_arch/cyw43_arch_threadsafe_background.c.obj
                0x10006898                cyw43_arch_init
 .text.ns_delay.constprop.0
                0x10006904       0x20 CMakeFiles/Interrupcao.dir/C_/Program_Files/Raspberry_Pi/Pico_SDK_v1.5.1/pico-sdk/src/rp2_common/pico_cyw43_driver/cyw43_bus_pio_spi.c.obj
 .text.cyw43_spi_deinit
                0x10006924       0x7c CMakeFiles/Interrupcao.dir/C_/Program_Files/Raspberry_Pi/Pico_SDK_v1.5.1/pico-sdk/src/rp2_common/pico_cyw43_driver/cyw43_bus_pio_spi.c.obj
                0x10006924                cyw43_spi_deinit
 .text.cyw43_spi_init
                0x100069a0      0x154 CMakeFiles/Interrupcao.dir/C_/Program_Files/Raspberry_Pi/Pico_SDK_v1.5.1/pico-sdk/src/rp2_common/pico_cyw43_driver/cyw43_bus_pio_spi.c.obj
                0x100069a0                cyw43_spi_init
 .text.cyw43_spi_transfer
                0x10006af4      0x430 CMakeFiles/Interrupcao.dir/C_/Program_Files/Raspberry_Pi/Pico_SDK_v1.5.1/pico-sdk/src/rp2_common/pico_cyw43_driver/cyw43_bus_pio_spi.c.obj
                0x10006af4                cyw43_spi_transfer
 .text.cyw43_spi_gpio_setup
                0x10006f24       0x3c CMakeFiles/Interrupcao.dir/C_/Program_Files/Raspberry_Pi/Pico_SDK_v1.5.1/pico-sdk/src/rp2_common/pico_cyw43_driver/cyw43_bus_pio_spi.c.obj
                0x10006f24                cyw43_spi_gpio_setup
 .text.cyw43_spi_reset
                0x10006f60       0x28 CMakeFiles/Interrupcao.dir/C_/Program_Files/Raspberry_Pi/Pico_SDK_v1.5.1/pico-sdk/src/rp2_common/pico_cyw43_driver/cyw43_bus_pio_spi.c.obj
                0x10006f60                cyw43_spi_reset
 .text.read_reg_u32_swap
                0x10006f88       0x3c CMakeFiles/Interrupcao.dir/C_/Program_Files/Raspberry_Pi/Pico_SDK_v1.5.1/pico-sdk/src/rp2_common/pico_cyw43_driver/cyw43_bus_pio_spi.c.obj
                0x10006f88                read_reg_u32_swap
 .text.cyw43_read_reg_u32
                0x10006fc4       0x6c CMakeFiles/Interrupcao.dir/C_/Program_Files/Raspberry_Pi/Pico_SDK_v1.5.1/pico-sdk/src/rp2_common/pico_cyw43_driver/cyw43_bus_pio_spi.c.obj
                0x10006fc4                cyw43_read_reg_u32
 .text.cyw43_read_reg_u16
                0x10007030       0x6c CMakeFiles/Interrupcao.dir/C_/Program_Files/Raspberry_Pi/Pico_SDK_v1.5.1/pico-sdk/src/rp2_common/pico_cyw43_driver/cyw43_bus_pio_spi.c.obj
                0x10007030                cyw43_read_reg_u16
 .text.cyw43_read_reg_u8
                0x1000709c       0x6c CMakeFiles/Interrupcao.dir/C_/Program_Files/Raspberry_Pi/Pico_SDK_v1.5.1/pico-sdk/src/rp2_common/pico_cyw43_driver/cyw43_bus_pio_spi.c.obj
                0x1000709c                cyw43_read_reg_u8
 .text.write_reg_u32_swap
                0x10007108      0x1e0 CMakeFiles/Interrupcao.dir/C_/Program_Files/Raspberry_Pi/Pico_SDK_v1.5.1/pico-sdk/src/rp2_common/pico_cyw43_driver/cyw43_bus_pio_spi.c.obj
                0x10007108                write_reg_u32_swap
 .text.cyw43_write_reg_u32
                0x100072e8      0x200 CMakeFiles/Interrupcao.dir/C_/Program_Files/Raspberry_Pi/Pico_SDK_v1.5.1/pico-sdk/src/rp2_common/pico_cyw43_driver/cyw43_bus_pio_spi.c.obj
                0x100072e8                cyw43_write_reg_u32
 .text.cyw43_write_reg_u16
                0x100074e8      0x200 CMakeFiles/Interrupcao.dir/C_/Program_Files/Raspberry_Pi/Pico_SDK_v1.5.1/pico-sdk/src/rp2_common/pico_cyw43_driver/cyw43_bus_pio_spi.c.obj
                0x100074e8                cyw43_write_reg_u16
 .text.cyw43_write_reg_u8
                0x100076e8      0x200 CMakeFiles/Interrupcao.dir/C_/Program_Files/Raspberry_Pi/Pico_SDK_v1.5.1/pico-sdk/src/rp2_common/pico_cyw43_driver/cyw43_bus_pio_spi.c.obj
                0x100076e8                cyw43_write_reg_u8
 .text.cyw43_read_bytes
                0x100078e8       0x78 CMakeFiles/Interrupcao.dir/C_/Program_Files/Raspberry_Pi/Pico_SDK_v1.5.1/pico-sdk/src/rp2_common/pico_cyw43_driver/cyw43_bus_pio_spi.c.obj
                0x100078e8                cyw43_read_bytes
 .text.cyw43_write_bytes
                0x10007960       0xec CMakeFiles/Interrupcao.dir/C_/Program_Files/Raspberry_Pi/Pico_SDK_v1.5.1/pico-sdk/src/rp2_common/pico_cyw43_driver/cyw43_bus_pio_spi.c.obj
                0x10007960                cyw43_write_bytes
 .text.cyw43_set_backplane_window
                0x10007a4c       0x64 CMakeFiles/Interrupcao.dir/C_/Program_Files/Raspberry_Pi/Pico_SDK_v1.5.1/pico-sdk/lib/cyw43-driver/src/cyw43_ll.c.obj
 .text.cyw43_ll_parse_async_event
                0x10007ab0      0x13c CMakeFiles/Interrupcao.dir/C_/Program_Files/Raspberry_Pi/Pico_SDK_v1.5.1/pico-sdk/lib/cyw43-driver/src/cyw43_ll.c.obj
 .text.cyw43_kso_set
                0x10007bec       0xa0 CMakeFiles/Interrupcao.dir/C_/Program_Files/Raspberry_Pi/Pico_SDK_v1.5.1/pico-sdk/lib/cyw43-driver/src/cyw43_ll.c.obj
 .text.cyw43_ll_sdpcm_poll_device
                0x10007c8c      0x238 CMakeFiles/Interrupcao.dir/C_/Program_Files/Raspberry_Pi/Pico_SDK_v1.5.1/pico-sdk/lib/cyw43-driver/src/cyw43_ll.c.obj
 .text.cyw43_sdpcm_send_common
                0x10007ec4       0xf0 CMakeFiles/Interrupcao.dir/C_/Program_Files/Raspberry_Pi/Pico_SDK_v1.5.1/pico-sdk/lib/cyw43-driver/src/cyw43_ll.c.obj
 .text.cyw43_do_ioctl
                0x10007fb4      0x110 CMakeFiles/Interrupcao.dir/C_/Program_Files/Raspberry_Pi/Pico_SDK_v1.5.1/pico-sdk/lib/cyw43-driver/src/cyw43_ll.c.obj
 .text.cyw43_do_ioctl.constprop.0
                0x100080c4      0x108 CMakeFiles/Interrupcao.dir/C_/Program_Files/Raspberry_Pi/Pico_SDK_v1.5.1/pico-sdk/lib/cyw43-driver/src/cyw43_ll.c.obj
 .text.cyw43_read_backplane.constprop.0
                0x100081cc       0xdc CMakeFiles/Interrupcao.dir/C_/Program_Files/Raspberry_Pi/Pico_SDK_v1.5.1/pico-sdk/lib/cyw43-driver/src/cyw43_ll.c.obj
 .text.reset_device_core.constprop.0
                0x100082a8      0x3f0 CMakeFiles/Interrupcao.dir/C_/Program_Files/Raspberry_Pi/Pico_SDK_v1.5.1/pico-sdk/lib/cyw43-driver/src/cyw43_ll.c.obj
 .text.cyw43_ll_init
                0x10008698       0x1c CMakeFiles/Interrupcao.dir/C_/Program_Files/Raspberry_Pi/Pico_SDK_v1.5.1/pico-sdk/lib/cyw43-driver/src/cyw43_ll.c.obj
                0x10008698                cyw43_ll_init
 .text.cyw43_ll_deinit
                0x100086b4        0x8 CMakeFiles/Interrupcao.dir/C_/Program_Files/Raspberry_Pi/Pico_SDK_v1.5.1/pico-sdk/lib/cyw43-driver/src/cyw43_ll.c.obj
                0x100086b4                cyw43_ll_deinit
 .text.cyw43_ll_process_packets
                0x100086bc       0x54 CMakeFiles/Interrupcao.dir/C_/Program_Files/Raspberry_Pi/Pico_SDK_v1.5.1/pico-sdk/lib/cyw43-driver/src/cyw43_ll.c.obj
                0x100086bc                cyw43_ll_process_packets
 .text.cyw43_ll_ioctl
                0x10008710       0x20 CMakeFiles/Interrupcao.dir/C_/Program_Files/Raspberry_Pi/Pico_SDK_v1.5.1/pico-sdk/lib/cyw43-driver/src/cyw43_ll.c.obj
                0x10008710                cyw43_ll_ioctl
 .text.cyw43_ll_bus_sleep
                0x10008730       0x34 CMakeFiles/Interrupcao.dir/C_/Program_Files/Raspberry_Pi/Pico_SDK_v1.5.1/pico-sdk/lib/cyw43-driver/src/cyw43_ll.c.obj
                0x10008730                cyw43_ll_bus_sleep
 .text.cyw43_ll_bus_init
                0x10008764      0xbf0 CMakeFiles/Interrupcao.dir/C_/Program_Files/Raspberry_Pi/Pico_SDK_v1.5.1/pico-sdk/lib/cyw43-driver/src/cyw43_ll.c.obj
                0x10008764                cyw43_ll_bus_init
 .text.cyw43_ll_wifi_get_mac
                0x10009354       0x44 CMakeFiles/Interrupcao.dir/C_/Program_Files/Raspberry_Pi/Pico_SDK_v1.5.1/pico-sdk/lib/cyw43-driver/src/cyw43_ll.c.obj
                0x10009354                cyw43_ll_wifi_get_mac
 .text.cyw43_ll_wifi_set_wpa_auth
                0x10009398       0x2c CMakeFiles/Interrupcao.dir/C_/Program_Files/Raspberry_Pi/Pico_SDK_v1.5.1/pico-sdk/lib/cyw43-driver/src/cyw43_ll.c.obj
                0x10009398                cyw43_ll_wifi_set_wpa_auth
 .text.cyw43_ll_wifi_rejoin
                0x100093c4       0x1c CMakeFiles/Interrupcao.dir/C_/Program_Files/Raspberry_Pi/Pico_SDK_v1.5.1/pico-sdk/lib/cyw43-driver/src/cyw43_ll.c.obj
                0x100093c4                cyw43_ll_wifi_rejoin
 .text.cyw43_ll_gpio_set
                0x100093e0       0x6c CMakeFiles/Interrupcao.dir/C_/Program_Files/Raspberry_Pi/Pico_SDK_v1.5.1/pico-sdk/lib/cyw43-driver/src/cyw43_ll.c.obj
                0x100093e0                cyw43_ll_gpio_set
 .text.cyw43_ll_has_work
                0x1000944c       0x14 CMakeFiles/Interrupcao.dir/C_/Program_Files/Raspberry_Pi/Pico_SDK_v1.5.1/pico-sdk/lib/cyw43-driver/src/cyw43_ll.c.obj
                0x1000944c                cyw43_ll_has_work
 .text.cyw43_poll_func
                0x10009460       0xc0 CMakeFiles/Interrupcao.dir/C_/Program_Files/Raspberry_Pi/Pico_SDK_v1.5.1/pico-sdk/lib/cyw43-driver/src/cyw43_ctrl.c.obj
 .text.cyw43_init
                0x10009520       0x6c CMakeFiles/Interrupcao.dir/C_/Program_Files/Raspberry_Pi/Pico_SDK_v1.5.1/pico-sdk/lib/cyw43-driver/src/cyw43_ctrl.c.obj
                0x10009520                cyw43_init
 .text.cyw43_deinit
                0x1000958c       0x90 CMakeFiles/Interrupcao.dir/C_/Program_Files/Raspberry_Pi/Pico_SDK_v1.5.1/pico-sdk/lib/cyw43-driver/src/cyw43_ctrl.c.obj
                0x1000958c                cyw43_deinit
 .text.cyw43_cb_read_host_interrupt_pin
                0x1000961c        0xc CMakeFiles/Interrupcao.dir/C_/Program_Files/Raspberry_Pi/Pico_SDK_v1.5.1/pico-sdk/lib/cyw43-driver/src/cyw43_ctrl.c.obj
                0x1000961c                cyw43_cb_read_host_interrupt_pin
 .text.cyw43_cb_ensure_awake
                0x10009628        0xc CMakeFiles/Interrupcao.dir/C_/Program_Files/Raspberry_Pi/Pico_SDK_v1.5.1/pico-sdk/lib/cyw43-driver/src/cyw43_ctrl.c.obj
                0x10009628                cyw43_cb_ensure_awake
 .text.cyw43_cb_process_async_event
                0x10009634      0x228 CMakeFiles/Interrupcao.dir/C_/Program_Files/Raspberry_Pi/Pico_SDK_v1.5.1/pico-sdk/lib/cyw43-driver/src/cyw43_ctrl.c.obj
                0x10009634                cyw43_cb_process_async_event
 .text.cyw43_gpio_set
                0x1000985c       0xa0 CMakeFiles/Interrupcao.dir/C_/Program_Files/Raspberry_Pi/Pico_SDK_v1.5.1/pico-sdk/lib/cyw43-driver/src/cyw43_ctrl.c.obj
                0x1000985c                cyw43_gpio_set
 .text.pio_sm_unclaim
                0x100098fc       0x20 CMakeFiles/Interrupcao.dir/C_/Program_Files/Raspberry_Pi/Pico_SDK_v1.5.1/pico-sdk/src/rp2_common/hardware_pio/pio.c.obj
                0x100098fc                pio_sm_unclaim
 .text.pio_claim_unused_sm
                0x1000991c       0x3c CMakeFiles/Interrupcao.dir/C_/Program_Files/Raspberry_Pi/Pico_SDK_v1.5.1/pico-sdk/src/rp2_common/hardware_pio/pio.c.obj
                0x1000991c                pio_claim_unused_sm
 .text.pio_can_add_program
                0x10009958       0x68 CMakeFiles/Interrupcao.dir/C_/Program_Files/Raspberry_Pi/Pico_SDK_v1.5.1/pico-sdk/src/rp2_common/hardware_pio/pio.c.obj
                0x10009958                pio_can_add_program
 .text.pio_add_program
                0x100099c0       0xc8 CMakeFiles/Interrupcao.dir/C_/Program_Files/Raspberry_Pi/Pico_SDK_v1.5.1/pico-sdk/src/rp2_common/hardware_pio/pio.c.obj
                0x100099c0                pio_add_program
 .text.pio_remove_program
                0x10009a88       0x34 CMakeFiles/Interrupcao.dir/C_/Program_Files/Raspberry_Pi/Pico_SDK_v1.5.1/pico-sdk/src/rp2_common/hardware_pio/pio.c.obj
                0x10009a88                pio_remove_program
 .text.pio_sm_set_pindirs_with_mask
                0x10009abc       0xa4 CMakeFiles/Interrupcao.dir/C_/Program_Files/Raspberry_Pi/Pico_SDK_v1.5.1/pico-sdk/src/rp2_common/hardware_pio/pio.c.obj
                0x10009abc                pio_sm_set_pindirs_with_mask
 .text.pio_sm_set_consecutive_pindirs
                0x10009b60       0xb0 CMakeFiles/Interrupcao.dir/C_/Program_Files/Raspberry_Pi/Pico_SDK_v1.5.1/pico-sdk/src/rp2_common/hardware_pio/pio.c.obj
                0x10009b60                pio_sm_set_consecutive_pindirs
 .text.dma_channel_unclaim
                0x10009c10       0x10 CMakeFiles/Interrupcao.dir/C_/Program_Files/Raspberry_Pi/Pico_SDK_v1.5.1/pico-sdk/src/rp2_common/hardware_dma/dma.c.obj
                0x10009c10                dma_channel_unclaim
 .text.dma_claim_unused_channel
                0x10009c20       0x20 CMakeFiles/Interrupcao.dir/C_/Program_Files/Raspberry_Pi/Pico_SDK_v1.5.1/pico-sdk/src/rp2_common/hardware_dma/dma.c.obj
                0x10009c20                dma_claim_unused_channel
 .text.dma_channel_cleanup
                0x10009c40       0x60 CMakeFiles/Interrupcao.dir/C_/Program_Files/Raspberry_Pi/Pico_SDK_v1.5.1/pico-sdk/src/rp2_common/hardware_dma/dma.c.obj
                0x10009c40                dma_channel_cleanup
 .text.cyw43_sleep_timeout_reached
                0x10009ca0       0x10 CMakeFiles/Interrupcao.dir/C_/Program_Files/Raspberry_Pi/Pico_SDK_v1.5.1/pico-sdk/src/rp2_common/pico_cyw43_driver/cyw43_driver.c.obj
 .text.cyw43_irq_init
                0x10009cb0       0x28 CMakeFiles/Interrupcao.dir/C_/Program_Files/Raspberry_Pi/Pico_SDK_v1.5.1/pico-sdk/src/rp2_common/pico_cyw43_driver/cyw43_driver.c.obj
                0x10009cb0                cyw43_irq_init
 .text.cyw43_irq_deinit
                0x10009cd8       0x20 CMakeFiles/Interrupcao.dir/C_/Program_Files/Raspberry_Pi/Pico_SDK_v1.5.1/pico-sdk/src/rp2_common/pico_cyw43_driver/cyw43_driver.c.obj
                0x10009cd8                cyw43_irq_deinit
 .text.cyw43_gpio_irq_handler
                0x10009cf8       0x44 CMakeFiles/Interrupcao.dir/C_/Program_Files/Raspberry_Pi/Pico_SDK_v1.5.1/pico-sdk/src/rp2_common/pico_cyw43_driver/cyw43_driver.c.obj
 .text.cyw43_do_poll
                0x10009d3c       0x6c CMakeFiles/Interrupcao.dir/C_/Program_Files/Raspberry_Pi/Pico_SDK_v1.5.1/pico-sdk/src/rp2_common/pico_cyw43_driver/cyw43_driver.c.obj
 .text.cyw43_post_poll_hook
                0x10009da8       0x10 CMakeFiles/Interrupcao.dir/C_/Program_Files/Raspberry_Pi/Pico_SDK_v1.5.1/pico-sdk/src/rp2_common/pico_cyw43_driver/cyw43_driver.c.obj
                0x10009da8                cyw43_post_poll_hook
 .text.cyw43_schedule_internal_poll_dispatch
                0x10009db8       0x18 CMakeFiles/Interrupcao.dir/C_/Program_Files/Raspberry_Pi/Pico_SDK_v1.5.1/pico-sdk/src/rp2_common/pico_cyw43_driver/cyw43_driver.c.obj
                0x10009db8                cyw43_schedule_internal_poll_dispatch
 .text.cyw43_driver_init
                0x10009dd0       0x38 CMakeFiles/Interrupcao.dir/C_/Program_Files/Raspberry_Pi/Pico_SDK_v1.5.1/pico-sdk/src/rp2_common/pico_cyw43_driver/cyw43_driver.c.obj
                0x10009dd0                cyw43_driver_init
 .text.cyw43_driver_deinit
                0x10009e08       0x44 CMakeFiles/Interrupcao.dir/C_/Program_Files/Raspberry_Pi/Pico_SDK_v1.5.1/pico-sdk/src/rp2_common/pico_cyw43_driver/cyw43_driver.c.obj
                0x10009e08                cyw43_driver_deinit
 .text.cyw43_hal_generate_laa_mac
                0x10009e4c       0x28 CMakeFiles/Interrupcao.dir/C_/Program_Files/Raspberry_Pi/Pico_SDK_v1.5.1/pico-sdk/src/rp2_common/pico_cyw43_driver/cyw43_driver.c.obj
                0x10009e4c                cyw43_hal_generate_laa_mac
 .text.cyw43_thread_enter
                0x10009e74       0x14 CMakeFiles/Interrupcao.dir/C_/Program_Files/Raspberry_Pi/Pico_SDK_v1.5.1/pico-sdk/src/rp2_common/pico_cyw43_driver/cyw43_driver.c.obj
                0x10009e74                cyw43_thread_enter
 .text.cyw43_thread_exit
                0x10009e88       0x14 CMakeFiles/Interrupcao.dir/C_/Program_Files/Raspberry_Pi/Pico_SDK_v1.5.1/pico-sdk/src/rp2_common/pico_cyw43_driver/cyw43_driver.c.obj
                0x10009e88                cyw43_thread_exit
 .text.cyw43_await_background_or_timeout_us
                0x10009e9c       0x34 CMakeFiles/Interrupcao.dir/C_/Program_Files/Raspberry_Pi/Pico_SDK_v1.5.1/pico-sdk/src/rp2_common/pico_cyw43_driver/cyw43_driver.c.obj
                0x10009e9c                cyw43_await_background_or_timeout_us
 .text.cyw43_delay_ms
                0x10009ed0       0x44 CMakeFiles/Interrupcao.dir/C_/Program_Files/Raspberry_Pi/Pico_SDK_v1.5.1/pico-sdk/src/rp2_common/pico_cyw43_driver/cyw43_driver.c.obj
                0x10009ed0                cyw43_delay_ms
 .text.cyw43_cb_tcpip_deinit
                0x10009f14        0x4 CMakeFiles/Interrupcao.dir/C_/Program_Files/Raspberry_Pi/Pico_SDK_v1.5.1/pico-sdk/src/rp2_common/pico_cyw43_driver/cyw43_driver.c.obj
                0x10009f14                cyw43_cb_tcpip_deinit
 .text.cyw43_cb_tcpip_set_link_up
                0x10009f18        0xc CMakeFiles/Interrupcao.dir/C_/Program_Files/Raspberry_Pi/Pico_SDK_v1.5.1/pico-sdk/src/rp2_common/pico_cyw43_driver/cyw43_driver.c.obj
                0x10009f18                cyw43_cb_tcpip_set_link_up
 .text.cyw43_cb_tcpip_set_link_down
                0x10009f24        0xc CMakeFiles/Interrupcao.dir/C_/Program_Files/Raspberry_Pi/Pico_SDK_v1.5.1/pico-sdk/src/rp2_common/pico_cyw43_driver/cyw43_driver.c.obj
                0x10009f24                cyw43_cb_tcpip_set_link_down
 .text.cyw43_cb_process_ethernet
                0x10009f30        0xc CMakeFiles/Interrupcao.dir/C_/Program_Files/Raspberry_Pi/Pico_SDK_v1.5.1/pico-sdk/src/rp2_common/pico_cyw43_driver/cyw43_driver.c.obj
                0x10009f30                cyw43_cb_process_ethernet
 .text.async_context_threadsafe_background_acquire_lock_blocking
                0x10009f3c        0xc CMakeFiles/Interrupcao.dir/ae783cfadb10a0055c655bcf0b179659/pico-sdk/src/rp2_common/pico_async_context/async_context_threadsafe_background.c.obj
 .text.alarm_handler
                0x10009f48       0x20 CMakeFiles/Interrupcao.dir/ae783cfadb10a0055c655bcf0b179659/pico-sdk/src/rp2_common/pico_async_context/async_context_threadsafe_background.c.obj
 .text.async_context_threadsafe_background_set_work_pending
                0x10009f68       0x1c CMakeFiles/Interrupcao.dir/ae783cfadb10a0055c655bcf0b179659/pico-sdk/src/rp2_common/pico_async_context/async_context_threadsafe_background.c.obj
 .text.process_under_lock
                0x10009f84       0xc8 CMakeFiles/Interrupcao.dir/ae783cfadb10a0055c655bcf0b179659/pico-sdk/src/rp2_common/pico_async_context/async_context_threadsafe_background.c.obj
 .text.async_context_threadsafe_background_execute_sync
                0x1000a04c       0x30 CMakeFiles/Interrupcao.dir/ae783cfadb10a0055c655bcf0b179659/pico-sdk/src/rp2_common/pico_async_context/async_context_threadsafe_background.c.obj
                0x1000a04c                async_context_threadsafe_background_execute_sync
 .text.async_context_threadsafe_background_deinit
                0x1000a07c       0x54 CMakeFiles/Interrupcao.dir/ae783cfadb10a0055c655bcf0b179659/pico-sdk/src/rp2_common/pico_async_context/async_context_threadsafe_background.c.obj
 .text.low_priority_irq_handler
                0x1000a0d0       0x3c CMakeFiles/Interrupcao.dir/ae783cfadb10a0055c655bcf0b179659/pico-sdk/src/rp2_common/pico_async_context/async_context_threadsafe_background.c.obj
 .text.async_context_threadsafe_background_wait_for_work_until
                0x1000a10c        0xc CMakeFiles/Interrupcao.dir/ae783cfadb10a0055c655bcf0b179659/pico-sdk/src/rp2_common/pico_async_context/async_context_threadsafe_background.c.obj
 .text.async_context_threadsafe_background_wait_until
                0x1000a118       0x1c CMakeFiles/Interrupcao.dir/ae783cfadb10a0055c655bcf0b179659/pico-sdk/src/rp2_common/pico_async_context/async_context_threadsafe_background.c.obj
 .text.async_context_threadsafe_background_lock_check
                0x1000a134       0x28 CMakeFiles/Interrupcao.dir/ae783cfadb10a0055c655bcf0b179659/pico-sdk/src/rp2_common/pico_async_context/async_context_threadsafe_background.c.obj
 .text.async_context_threadsafe_background_release_lock
                0x1000a15c       0x1c CMakeFiles/Interrupcao.dir/ae783cfadb10a0055c655bcf0b179659/pico-sdk/src/rp2_common/pico_async_context/async_context_threadsafe_background.c.obj
 .text.async_context_threadsafe_background_when_pending_worker
                0x1000a178       0x34 CMakeFiles/Interrupcao.dir/ae783cfadb10a0055c655bcf0b179659/pico-sdk/src/rp2_common/pico_async_context/async_context_threadsafe_background.c.obj
 .text.async_context_threadsafe_background_remove_at_time_worker
                0x1000a1ac       0x34 CMakeFiles/Interrupcao.dir/ae783cfadb10a0055c655bcf0b179659/pico-sdk/src/rp2_common/pico_async_context/async_context_threadsafe_background.c.obj
 .text.async_context_threadsafe_background_add_when_pending_worker
                0x1000a1e0       0x34 CMakeFiles/Interrupcao.dir/ae783cfadb10a0055c655bcf0b179659/pico-sdk/src/rp2_common/pico_async_context/async_context_threadsafe_background.c.obj
 .text.async_context_threadsafe_background_add_at_time_worker
                0x1000a214       0x34 CMakeFiles/Interrupcao.dir/ae783cfadb10a0055c655bcf0b179659/pico-sdk/src/rp2_common/pico_async_context/async_context_threadsafe_background.c.obj
 .text.async_context_threadsafe_background_default_config
                0x1000a248        0xc CMakeFiles/Interrupcao.dir/ae783cfadb10a0055c655bcf0b179659/pico-sdk/src/rp2_common/pico_async_context/async_context_threadsafe_background.c.obj
                0x1000a248                async_context_threadsafe_background_default_config
 .text.async_context_threadsafe_background_init
                0x1000a254       0x8c CMakeFiles/Interrupcao.dir/ae783cfadb10a0055c655bcf0b179659/pico-sdk/src/rp2_common/pico_async_context/async_context_threadsafe_background.c.obj
                0x1000a254                async_context_threadsafe_background_init
 .text.async_context_base_add_at_time_worker
                0x1000a2e0       0x28 CMakeFiles/Interrupcao.dir/C_/Program_Files/Raspberry_Pi/Pico_SDK_v1.5.1/pico-sdk/src/rp2_common/pico_async_context/async_context_base.c.obj
                0x1000a2e0                async_context_base_add_at_time_worker
 .text.async_context_base_remove_at_time_worker
                0x1000a308       0x28 CMakeFiles/Interrupcao.dir/C_/Program_Files/Raspberry_Pi/Pico_SDK_v1.5.1/pico-sdk/src/rp2_common/pico_async_context/async_context_base.c.obj
                0x1000a308                async_context_base_remove_at_time_worker
 .text.async_context_base_add_when_pending_worker
                0x1000a330       0x24 CMakeFiles/Interrupcao.dir/C_/Program_Files/Raspberry_Pi/Pico_SDK_v1.5.1/pico-sdk/src/rp2_common/pico_async_context/async_context_base.c.obj
                0x1000a330                async_context_base_add_when_pending_worker
 .text.async_context_base_remove_when_pending_worker
                0x1000a354       0x28 CMakeFiles/Interrupcao.dir/C_/Program_Files/Raspberry_Pi/Pico_SDK_v1.5.1/pico-sdk/src/rp2_common/pico_async_context/async_context_base.c.obj
                0x1000a354                async_context_base_remove_when_pending_worker
 .text.async_context_base_execute_once
                0x1000a37c       0xe8 CMakeFiles/Interrupcao.dir/C_/Program_Files/Raspberry_Pi/Pico_SDK_v1.5.1/pico-sdk/src/rp2_common/pico_async_context/async_context_base.c.obj
                0x1000a37c                async_context_base_execute_once
 .text.strlen   0x1000a464       0x5c c:/progra~1/raspbe~1/picosd~1.1/gcc-ar~1/bin/../lib/gcc/arm-none-eabi/10.3.1/../../../../arm-none-eabi/lib/thumb/v6-m/nofp\libc.a(lib_a-strlen-stub.o)
                0x1000a464                strlen
 .text.strncmp  0x1000a4c0       0x74 c:/progra~1/raspbe~1/picosd~1.1/gcc-ar~1/bin/../lib/gcc/arm-none-eabi/10.3.1/../../../../arm-none-eabi/lib/thumb/v6-m/nofp\libc.a(lib_a-strncmp.o)
                0x1000a4c0                strncmp
 *(.fini)
 .fini          0x1000a534        0x4 c:/progra~1/raspbe~1/picosd~1.1/gcc-ar~1/bin/../lib/gcc/arm-none-eabi/10.3.1/thumb/v6-m/nofp/crti.o
                0x1000a534                _fini
 .fini.__stub   0x1000a538      0x130 linker stubs
 *crtbegin.o(.ctors)
 *crtbegin?.o(.ctors)
 *(EXCLUDE_FILE(*crtend.o *crtend?.o) .ctors)
 *(SORT_BY_NAME(.ctors.*))
 *(.ctors)
 *crtbegin.o(.dtors)
 *crtbegin?.o(.dtors)
 *(EXCLUDE_FILE(*crtend.o *crtend?.o) .dtors)
 *(SORT_BY_NAME(.dtors.*))
 *(.dtors)
 *(.eh_frame*)
 .eh_frame      0x1000a668        0x0 c:/progra~1/raspbe~1/picosd~1.1/gcc-ar~1/bin/../lib/gcc/arm-none-eabi/10.3.1/thumb/v6-m/nofp/crtbegin.o
                0x1000a668                . = ALIGN (0x4)

.glue_7         0x1000a668        0x0
 .glue_7        0x1000a668        0x0 linker stubs

.glue_7t        0x1000a668        0x0
 .glue_7t       0x1000a668        0x0 linker stubs

.vfp11_veneer   0x1000a668        0x0
 .vfp11_veneer  0x1000a668        0x0 linker stubs

.v4_bx          0x1000a668        0x0
 .v4_bx         0x1000a668        0x0 linker stubs

.iplt           0x1000a668        0x0
 .iplt          0x1000a668        0x0 c:/progra~1/raspbe~1/picosd~1.1/gcc-ar~1/bin/../lib/gcc/arm-none-eabi/10.3.1/thumb/v6-m/nofp/crtbegin.o

.rodata         0x1000a668    0x37e04
 *(EXCLUDE_FILE(*libm.a: *libc.a:*lib_a-mem*.o *libgcc.a:) .rodata*)
 .rodata.gpio_callback.str1.4
                0x1000a668       0x3d CMakeFiles/Interrupcao.dir/main.c.obj
 *fill*         0x1000a6a5        0x3 
 .rodata.main.str1.4
                0x1000a6a8       0x12 CMakeFiles/Interrupcao.dir/main.c.obj
 *fill*         0x1000a6ba        0x2 
 .rodata.spin_lock_claim_unused.str1.4
                0x1000a6bc       0x1b CMakeFiles/Interrupcao.dir/C_/Program_Files/Raspberry_Pi/Pico_SDK_v1.5.1/pico-sdk/src/rp2_common/hardware_sync/sync.c.obj
 *fill*         0x1000a6d7        0x1 
 .rodata.user_irq_claim_unused.str1.4
                0x1000a6d8       0x1b CMakeFiles/Interrupcao.dir/C_/Program_Files/Raspberry_Pi/Pico_SDK_v1.5.1/pico-sdk/src/rp2_common/hardware_irq/irq.c.obj
 *fill*         0x1000a6f3        0x5 
 .rodata.at_the_end_of_time
                0x1000a6f8        0x8 CMakeFiles/Interrupcao.dir/C_/Program_Files/Raspberry_Pi/Pico_SDK_v1.5.1/pico-sdk/src/common/pico_time/time.c.obj
                0x1000a6f8                at_the_end_of_time
 .rodata.hardware_alarm_claim.str1.4
                0x1000a700       0x22 CMakeFiles/Interrupcao.dir/C_/Program_Files/Raspberry_Pi/Pico_SDK_v1.5.1/pico-sdk/src/rp2_common/hardware_timer/timer.c.obj
 *fill*         0x1000a722        0x2 
 .rodata.panic.str1.4
                0x1000a724       0x10 CMakeFiles/Interrupcao.dir/C_/Program_Files/Raspberry_Pi/Pico_SDK_v1.5.1/pico-sdk/src/rp2_common/pico_runtime/runtime.c.obj
                                 0x12 (size before relaxing)
 .rodata.hard_assertion_failure.str1.4
                0x1000a734        0xc CMakeFiles/Interrupcao.dir/C_/Program_Files/Raspberry_Pi/Pico_SDK_v1.5.1/pico-sdk/src/rp2_common/pico_runtime/runtime.c.obj
 .rodata._ftoa.str1.4
                0x1000a740       0x15 CMakeFiles/Interrupcao.dir/C_/Program_Files/Raspberry_Pi/Pico_SDK_v1.5.1/pico-sdk/src/rp2_common/pico_printf/printf.c.obj
 *fill*         0x1000a755        0x3 
 .rodata._vsnprintf
                0x1000a758      0x1e0 CMakeFiles/Interrupcao.dir/C_/Program_Files/Raspberry_Pi/Pico_SDK_v1.5.1/pico-sdk/src/rp2_common/pico_printf/printf.c.obj
 .rodata.pow10.0
                0x1000a938       0x50 CMakeFiles/Interrupcao.dir/C_/Program_Files/Raspberry_Pi/Pico_SDK_v1.5.1/pico-sdk/src/rp2_common/pico_printf/printf.c.obj
 .rodata.missing_double_func_shim.str1.4
                0x1000a988       0x18 CMakeFiles/Interrupcao.dir/C_/Program_Files/Raspberry_Pi/Pico_SDK_v1.5.1/pico-sdk/src/rp2_common/pico_double/double_init_rom.c.obj
 .rodata.missing_float_func_shim.str1.4
                0x1000a9a0       0x18 CMakeFiles/Interrupcao.dir/C_/Program_Files/Raspberry_Pi/Pico_SDK_v1.5.1/pico-sdk/src/rp2_common/pico_float/float_init_rom.c.obj
                                  0x1 (size before relaxing)
 .rodata.str1.4
                0x1000a9a0       0x40 CMakeFiles/Interrupcao.dir/C_/Program_Files/Raspberry_Pi/Pico_SDK_v1.5.1/pico-sdk/src/rp2_common/pico_standard_link/binary_info.c.obj
 .rodata.__bi_44
                0x1000a9e0        0xc CMakeFiles/Interrupcao.dir/C_/Program_Files/Raspberry_Pi/Pico_SDK_v1.5.1/pico-sdk/src/rp2_common/pico_standard_link/binary_info.c.obj
 .rodata.__bi_75
                0x1000a9ec        0xc CMakeFiles/Interrupcao.dir/C_/Program_Files/Raspberry_Pi/Pico_SDK_v1.5.1/pico-sdk/src/rp2_common/pico_standard_link/binary_info.c.obj
 .rodata.__bi_81
                0x1000a9f8        0xc CMakeFiles/Interrupcao.dir/C_/Program_Files/Raspberry_Pi/Pico_SDK_v1.5.1/pico-sdk/src/rp2_common/pico_standard_link/binary_info.c.obj
 .rodata.crlf_str.0
                0x1000aa04        0x2 CMakeFiles/Interrupcao.dir/C_/Program_Files/Raspberry_Pi/Pico_SDK_v1.5.1/pico-sdk/src/rp2_common/pico_stdio/stdio.c.obj
 *fill*         0x1000aa06        0x2 
 .rodata._resetd_driver
                0x1000aa08       0x18 CMakeFiles/Interrupcao.dir/C_/Program_Files/Raspberry_Pi/Pico_SDK_v1.5.1/pico-sdk/src/rp2_common/pico_stdio_usb/reset_interface.c.obj
 .rodata.str1.4
                0x1000aa20       0x13 CMakeFiles/Interrupcao.dir/C_/Program_Files/Raspberry_Pi/Pico_SDK_v1.5.1/pico-sdk/src/rp2_common/pico_stdio_usb/stdio_usb.c.obj
 *fill*         0x1000aa33        0x1 
 .rodata.__bi_182.0
                0x1000aa34        0xc CMakeFiles/Interrupcao.dir/C_/Program_Files/Raspberry_Pi/Pico_SDK_v1.5.1/pico-sdk/src/rp2_common/pico_stdio_usb/stdio_usb.c.obj
 .rodata.str1.4
                0x1000aa40       0x2a CMakeFiles/Interrupcao.dir/C_/Program_Files/Raspberry_Pi/Pico_SDK_v1.5.1/pico-sdk/src/rp2_common/pico_stdio_usb/stdio_usb_descriptors.c.obj
 *fill*         0x1000aa6a        0x2 
 .rodata.usbd_desc_cfg
                0x1000aa6c       0x54 CMakeFiles/Interrupcao.dir/C_/Program_Files/Raspberry_Pi/Pico_SDK_v1.5.1/pico-sdk/src/rp2_common/pico_stdio_usb/stdio_usb_descriptors.c.obj
 .rodata.usbd_desc_device
                0x1000aac0       0x12 CMakeFiles/Interrupcao.dir/C_/Program_Files/Raspberry_Pi/Pico_SDK_v1.5.1/pico-sdk/src/rp2_common/pico_stdio_usb/stdio_usb_descriptors.c.obj
 *fill*         0x1000aad2        0x2 
 .rodata.usbd_desc_str
                0x1000aad4       0x18 CMakeFiles/Interrupcao.dir/C_/Program_Files/Raspberry_Pi/Pico_SDK_v1.5.1/pico-sdk/src/rp2_common/pico_stdio_usb/stdio_usb_descriptors.c.obj
 .rodata.str1.4
                0x1000aaec       0x14 CMakeFiles/Interrupcao.dir/C_/Program_Files/Raspberry_Pi/Pico_SDK_v1.5.1/pico-sdk/lib/tinyusb/src/portable/raspberrypi/rp2040/dcd_rp2040.c.obj
 .rodata.str1.4
                0x1000ab00       0x4f CMakeFiles/Interrupcao.dir/C_/Program_Files/Raspberry_Pi/Pico_SDK_v1.5.1/pico-sdk/lib/tinyusb/src/portable/raspberrypi/rp2040/rp2040_usb.c.obj
                                 0x53 (size before relaxing)
 *fill*         0x1000ab4f        0x1 
 .rodata.tud_task_ext
                0x1000ab50       0x8c CMakeFiles/Interrupcao.dir/C_/Program_Files/Raspberry_Pi/Pico_SDK_v1.5.1/pico-sdk/lib/tinyusb/src/device/usbd.c.obj
 .rodata._usbd_driver
                0x1000abdc       0x18 CMakeFiles/Interrupcao.dir/C_/Program_Files/Raspberry_Pi/Pico_SDK_v1.5.1/pico-sdk/lib/tinyusb/src/device/usbd.c.obj
 .rodata.cyw43_read_bytes.str1.4
                0x1000abf4       0x1a CMakeFiles/Interrupcao.dir/C_/Program_Files/Raspberry_Pi/Pico_SDK_v1.5.1/pico-sdk/src/rp2_common/pico_cyw43_driver/cyw43_bus_pio_spi.c.obj
 .rodata.cyw43_write_bytes.str1.4
                0x1000ac0e       0x1a CMakeFiles/Interrupcao.dir/C_/Program_Files/Raspberry_Pi/Pico_SDK_v1.5.1/pico-sdk/src/rp2_common/pico_cyw43_driver/cyw43_bus_pio_spi.c.obj
                                  0xd (size before relaxing)
 *fill*         0x1000ac0e        0x2 
 .rodata.spi_gap01_sample0_program
                0x1000ac10        0x6 CMakeFiles/Interrupcao.dir/C_/Program_Files/Raspberry_Pi/Pico_SDK_v1.5.1/pico-sdk/src/rp2_common/pico_cyw43_driver/cyw43_bus_pio_spi.c.obj
 *fill*         0x1000ac16        0x2 
 .rodata.spi_gap01_sample0_program_instructions
                0x1000ac18        0xc CMakeFiles/Interrupcao.dir/C_/Program_Files/Raspberry_Pi/Pico_SDK_v1.5.1/pico-sdk/src/rp2_common/pico_cyw43_driver/cyw43_bus_pio_spi.c.obj
 .rodata.cyw43_kso_set.str1.4
                0x1000ac24       0x23 CMakeFiles/Interrupcao.dir/C_/Program_Files/Raspberry_Pi/Pico_SDK_v1.5.1/pico-sdk/lib/cyw43-driver/src/cyw43_ll.c.obj
 *fill*         0x1000ac47        0x1 
 .rodata.cyw43_ll_sdpcm_poll_device.str1.4
                0x1000ac48       0x55 CMakeFiles/Interrupcao.dir/C_/Program_Files/Raspberry_Pi/Pico_SDK_v1.5.1/pico-sdk/lib/cyw43-driver/src/cyw43_ll.c.obj
 *fill*         0x1000ac9d        0x3 
 .rodata.cyw43_sdpcm_send_common.str1.4
                0x1000aca0       0x22 CMakeFiles/Interrupcao.dir/C_/Program_Files/Raspberry_Pi/Pico_SDK_v1.5.1/pico-sdk/lib/cyw43-driver/src/cyw43_ll.c.obj
 *fill*         0x1000acc2        0x2 
 .rodata.cyw43_do_ioctl.str1.4
                0x1000acc4       0x53 CMakeFiles/Interrupcao.dir/C_/Program_Files/Raspberry_Pi/Pico_SDK_v1.5.1/pico-sdk/lib/cyw43-driver/src/cyw43_ll.c.obj
 *fill*         0x1000ad17        0x1 
 .rodata.reset_device_core.constprop.0.str1.4
                0x1000ad18       0x1a CMakeFiles/Interrupcao.dir/C_/Program_Files/Raspberry_Pi/Pico_SDK_v1.5.1/pico-sdk/lib/cyw43-driver/src/cyw43_ll.c.obj
 *fill*         0x1000ad32        0x2 
 .rodata.cyw43_ll_bus_init.str1.4
                0x1000ad34       0xfe CMakeFiles/Interrupcao.dir/C_/Program_Files/Raspberry_Pi/Pico_SDK_v1.5.1/pico-sdk/lib/cyw43-driver/src/cyw43_ll.c.obj
 *fill*         0x1000ae32        0x2 
 .rodata.cyw43_ll_gpio_set.str1.4
                0x1000ae34        0x8 CMakeFiles/Interrupcao.dir/C_/Program_Files/Raspberry_Pi/Pico_SDK_v1.5.1/pico-sdk/lib/cyw43-driver/src/cyw43_ll.c.obj
 .rodata        0x1000ae3c       0x72 CMakeFiles/Interrupcao.dir/C_/Program_Files/Raspberry_Pi/Pico_SDK_v1.5.1/pico-sdk/lib/cyw43-driver/src/cyw43_ll.c.obj
 *fill*         0x1000aeae        0x2 
 .rodata.w43439A0_7_95_49_00_combined
                0x1000aeb0    0x36fd8 CMakeFiles/Interrupcao.dir/C_/Program_Files/Raspberry_Pi/Pico_SDK_v1.5.1/pico-sdk/lib/cyw43-driver/src/cyw43_ll.c.obj
 .rodata.wifi_nvram_4343
                0x10041e88      0x2e7 CMakeFiles/Interrupcao.dir/C_/Program_Files/Raspberry_Pi/Pico_SDK_v1.5.1/pico-sdk/lib/cyw43-driver/src/cyw43_ll.c.obj
 *fill*         0x1004216f        0x1 
 .rodata.cyw43_cb_process_async_event.str1.4
                0x10042170       0x28 CMakeFiles/Interrupcao.dir/C_/Program_Files/Raspberry_Pi/Pico_SDK_v1.5.1/pico-sdk/lib/cyw43-driver/src/cyw43_ctrl.c.obj
 .rodata.str1.4
                0x10042198       0x9e CMakeFiles/Interrupcao.dir/C_/Program_Files/Raspberry_Pi/Pico_SDK_v1.5.1/pico-sdk/lib/cyw43-driver/src/cyw43_ctrl.c.obj
 *fill*         0x10042236        0x2 
 .rodata.cyw43_async_event_name_table
                0x10042238      0x164 CMakeFiles/Interrupcao.dir/C_/Program_Files/Raspberry_Pi/Pico_SDK_v1.5.1/pico-sdk/lib/cyw43-driver/src/cyw43_ctrl.c.obj
 .rodata.pio_claim_unused_sm.str1.4
                0x1004239c       0x24 CMakeFiles/Interrupcao.dir/C_/Program_Files/Raspberry_Pi/Pico_SDK_v1.5.1/pico-sdk/src/rp2_common/hardware_pio/pio.c.obj
 .rodata.pio_add_program.str1.4
                0x100423c0       0x11 CMakeFiles/Interrupcao.dir/C_/Program_Files/Raspberry_Pi/Pico_SDK_v1.5.1/pico-sdk/src/rp2_common/hardware_pio/pio.c.obj
 *fill*         0x100423d1        0x3 
 .rodata.dma_claim_unused_channel.str1.4
                0x100423d4       0x1e CMakeFiles/Interrupcao.dir/C_/Program_Files/Raspberry_Pi/Pico_SDK_v1.5.1/pico-sdk/src/rp2_common/hardware_dma/dma.c.obj
 *fill*         0x100423f2        0x2 
 .rodata.cyw43_cb_tcpip_set_link_up.str1.4
                0x100423f4       0x20 CMakeFiles/Interrupcao.dir/C_/Program_Files/Raspberry_Pi/Pico_SDK_v1.5.1/pico-sdk/src/rp2_common/pico_cyw43_driver/cyw43_driver.c.obj
 .rodata.async_context_threadsafe_background_lock_check.str1.4
                0x10042414       0x20 CMakeFiles/Interrupcao.dir/ae783cfadb10a0055c655bcf0b179659/pico-sdk/src/rp2_common/pico_async_context/async_context_threadsafe_background.c.obj
 .rodata.template
                0x10042434       0x38 CMakeFiles/Interrupcao.dir/ae783cfadb10a0055c655bcf0b179659/pico-sdk/src/rp2_common/pico_async_context/async_context_threadsafe_background.c.obj
                0x1004246c                . = ALIGN (0x4)
 *(SORT_BY_ALIGNMENT(SORT_BY_NAME(.flashdata*)))
                0x1004246c                . = ALIGN (0x4)

.ARM.extab
 *(.ARM.extab* .gnu.linkonce.armextab.*)
                0x1004246c                __exidx_start = .

.ARM.exidx
 *(.ARM.exidx* .gnu.linkonce.armexidx.*)
                0x1004246c                __exidx_end = .
                0x1004246c                . = ALIGN (0x4)
                0x1004246c                __binary_info_start = .

.binary_info    0x1004246c       0x20
 *(.binary_info.keep.*)
 .binary_info.keep.__bi_ptr22
                0x1004246c        0x4 CMakeFiles/Interrupcao.dir/C_/Program_Files/Raspberry_Pi/Pico_SDK_v1.5.1/pico-sdk/src/rp2_common/pico_standard_link/binary_info.c.obj
 .binary_info.keep.__bi_ptr30
                0x10042470        0x4 CMakeFiles/Interrupcao.dir/C_/Program_Files/Raspberry_Pi/Pico_SDK_v1.5.1/pico-sdk/src/rp2_common/pico_standard_link/binary_info.c.obj
 .binary_info.keep.__bi_ptr38
                0x10042474        0x4 CMakeFiles/Interrupcao.dir/C_/Program_Files/Raspberry_Pi/Pico_SDK_v1.5.1/pico-sdk/src/rp2_common/pico_standard_link/binary_info.c.obj
 .binary_info.keep.__bi_ptr44
                0x10042478        0x4 CMakeFiles/Interrupcao.dir/C_/Program_Files/Raspberry_Pi/Pico_SDK_v1.5.1/pico-sdk/src/rp2_common/pico_standard_link/binary_info.c.obj
 .binary_info.keep.__bi_ptr50
                0x1004247c        0x4 CMakeFiles/Interrupcao.dir/C_/Program_Files/Raspberry_Pi/Pico_SDK_v1.5.1/pico-sdk/src/rp2_common/pico_standard_link/binary_info.c.obj
 .binary_info.keep.__bi_ptr75
                0x10042480        0x4 CMakeFiles/Interrupcao.dir/C_/Program_Files/Raspberry_Pi/Pico_SDK_v1.5.1/pico-sdk/src/rp2_common/pico_standard_link/binary_info.c.obj
 .binary_info.keep.__bi_ptr81
                0x10042484        0x4 CMakeFiles/Interrupcao.dir/C_/Program_Files/Raspberry_Pi/Pico_SDK_v1.5.1/pico-sdk/src/rp2_common/pico_standard_link/binary_info.c.obj
 *(.binary_info.*)
 .binary_info.__bi_ptr182
                0x10042488        0x4 CMakeFiles/Interrupcao.dir/C_/Program_Files/Raspberry_Pi/Pico_SDK_v1.5.1/pico-sdk/src/rp2_common/pico_stdio_usb/stdio_usb.c.obj
                0x1004248c                __binary_info_end = .

.rel.dyn        0x1004248c        0x0
 .rel.iplt      0x1004248c        0x0 c:/progra~1/raspbe~1/picosd~1.1/gcc-ar~1/bin/../lib/gcc/arm-none-eabi/10.3.1/thumb/v6-m/nofp/crtbegin.o
                0x1004248c                . = ALIGN (0x4)

.ram_vector_table
                0x20000000       0xc0
 *(.ram_vector_table)
 .ram_vector_table
                0x20000000       0xc0 CMakeFiles/Interrupcao.dir/C_/Program_Files/Raspberry_Pi/Pico_SDK_v1.5.1/pico-sdk/src/rp2_common/pico_runtime/runtime.c.obj
                0x20000000                ram_vector_table

.data           0x200000c0     0x10c8 load address 0x1004248c
                0x200000c0                __data_start__ = .
 *(vtable)
 *(.time_critical*)
 .time_critical.sem_acquire_block_until
                0x200000c0       0x68 CMakeFiles/Interrupcao.dir/C_/Program_Files/Raspberry_Pi/Pico_SDK_v1.5.1/pico-sdk/src/common/pico_sync/sem.c.obj
                0x200000c0                sem_acquire_block_until
 .time_critical.sem_release
                0x20000128       0x4c CMakeFiles/Interrupcao.dir/C_/Program_Files/Raspberry_Pi/Pico_SDK_v1.5.1/pico-sdk/src/common/pico_sync/sem.c.obj
                0x20000128                sem_release
 .time_critical.recursive_mutex_enter_blocking
                0x20000174       0x54 CMakeFiles/Interrupcao.dir/C_/Program_Files/Raspberry_Pi/Pico_SDK_v1.5.1/pico-sdk/src/common/pico_sync/mutex.c.obj
                0x20000174                recursive_mutex_enter_blocking
 .time_critical.mutex_try_enter
                0x200001c8       0x44 CMakeFiles/Interrupcao.dir/C_/Program_Files/Raspberry_Pi/Pico_SDK_v1.5.1/pico-sdk/src/common/pico_sync/mutex.c.obj
                0x200001c8                mutex_try_enter