Archive member included to satisfy reference by file (symbol)

c:/progra~1/raspbe~1/picosd~1.1/gcc-ar~1/bin/../lib/gcc/arm-none-eabi/10.3.1/thumb/v6-m/nofp\libgcc.a(_dvmd_tls.o)
                              CMakeFiles/temp_nucleo.dir/C_/Program_Files/Raspberry_Pi/Pico_SDK_v1.5.1/pico-sdk/src/rp2_common/pico_divider/divider.S.obj (__aeabi_idiv0)
c:/progra~1/raspbe~1/picosd~1.1/gcc-ar~1/bin/../lib/gcc/arm-none-eabi/10.3.1/../../../../arm-none-eabi/lib/thumb/v6-m/nofp\libc.a(lib_a-calloc.o)
                              CMakeFiles/temp_nucleo.dir/C_/Program_Files/Raspberry_Pi/Pico_SDK_v1.5.1/pico-sdk/src/rp2_common/pico_malloc/pico_malloc.c.obj (calloc)
c:/progra~1/raspbe~1/picosd~1.1/gcc-ar~1/bin/../lib/gcc/arm-none-eabi/10.3.1/../../../../arm-none-eabi/lib/thumb/v6-m/nofp\libc.a(lib_a-callocr.o)
                              c:/progra~1/raspbe~1/picosd~1.1/gcc-ar~1/bin/../lib/gcc/arm-none-eabi/10.3.1/../../../../arm-none-eabi/lib/thumb/v6-m/nofp\libc.a(lib_a-calloc.o) (_calloc_r)
c:/progra~1/raspbe~1/picosd~1.1/gcc-ar~1/bin/../lib/gcc/arm-none-eabi/10.3.1/../../../../arm-none-eabi/lib/thumb/v6-m/nofp\libc.a(lib_a-errno.o)
                              c:/progra~1/raspbe~1/picosd~1.1/gcc-ar~1/bin/../lib/gcc/arm-none-eabi/10.3.1/../../../../arm-none-eabi/lib/thumb/v6-m/nofp\libc.a(lib_a-callocr.o) (__errno)
c:/progra~1/raspbe~1/picosd~1.1/gcc-ar~1/bin/../lib/gcc/arm-none-eabi/10.3.1/../../../../arm-none-eabi/lib/thumb/v6-m/nofp\libc.a(lib_a-impure.o)
                              c:/progra~1/raspbe~1/picosd~1.1/gcc-ar~1/bin/../lib/gcc/arm-none-eabi/10.3.1/../../../../arm-none-eabi/lib/thumb/v6-m/nofp\libc.a(lib_a-calloc.o) (_impure_ptr)
c:/progra~1/raspbe~1/picosd~1.1/gcc-ar~1/bin/../lib/gcc/arm-none-eabi/10.3.1/../../../../arm-none-eabi/lib/thumb/v6-m/nofp\libc.a(lib_a-init.o)
                              c:/progra~1/raspbe~1/picosd~1.1/gcc-ar~1/bin/../lib/gcc/arm-none-eabi/10.3.1/../../../../arm-none-eabi/lib/thumb/v6-m/nofp/crt0.o (__libc_init_array)
c:/progra~1/raspbe~1/picosd~1.1/gcc-ar~1/bin/../lib/gcc/arm-none-eabi/10.3.1/../../../../arm-none-eabi/lib/thumb/v6-m/nofp\libc.a(lib_a-malloc.o)
                              CMakeFiles/temp_nucleo.dir/C_/Program_Files/Raspberry_Pi/Pico_SDK_v1.5.1/pico-sdk/src/rp2_common/pico_malloc/pico_malloc.c.obj (malloc)
c:/progra~1/raspbe~1/picosd~1.1/gcc-ar~1/bin/../lib/gcc/arm-none-eabi/10.3.1/../../../../arm-none-eabi/lib/thumb/v6-m/nofp\libc.a(lib_a-mallocr.o)
                              c:/progra~1/raspbe~1/picosd~1.1/gcc-ar~1/bin/../lib/gcc/arm-none-eabi/10.3.1/../../../../arm-none-eabi/lib/thumb/v6-m/nofp\libc.a(lib_a-callocr.o) (_malloc_r)
c:/progra~1/raspbe~1/picosd~1.1/gcc-ar~1/bin/../lib/gcc/arm-none-eabi/10.3.1/../../../../arm-none-eabi/lib/thumb/v6-m/nofp\libc.a(lib_a-memcmp.o)
                              CMakeFiles/temp_nucleo.dir/C_/Program_Files/Raspberry_Pi/Pico_SDK_v1.5.1/pico-sdk/lib/cyw43-driver/src/cyw43_ll.c.obj (memcmp)
c:/progra~1/raspbe~1/picosd~1.1/gcc-ar~1/bin/../lib/gcc/arm-none-eabi/10.3.1/../../../../arm-none-eabi/lib/thumb/v6-m/nofp\libc.a(lib_a-memmove.o)
                              CMakeFiles/temp_nucleo.dir/C_/Program_Files/Raspberry_Pi/Pico_SDK_v1.5.1/pico-sdk/lib/cyw43-driver/src/cyw43_ll.c.obj (memmove)
c:/progra~1/raspbe~1/picosd~1.1/gcc-ar~1/bin/../lib/gcc/arm-none-eabi/10.3.1/../../../../arm-none-eabi/lib/thumb/v6-m/nofp\libc.a(lib_a-mlock.o)
                              c:/progra~1/raspbe~1/picosd~1.1/gcc-ar~1/bin/../lib/gcc/arm-none-eabi/10.3.1/../../../../arm-none-eabi/lib/thumb/v6-m/nofp\libc.a(lib_a-mallocr.o) (__malloc_lock)
c:/progra~1/raspbe~1/picosd~1.1/gcc-ar~1/bin/../lib/gcc/arm-none-eabi/10.3.1/../../../../arm-none-eabi/lib/thumb/v6-m/nofp\libc.a(lib_a-realloc.o)
                              CMakeFiles/temp_nucleo.dir/C_/Program_Files/Raspberry_Pi/Pico_SDK_v1.5.1/pico-sdk/src/rp2_common/pico_malloc/pico_malloc.c.obj (realloc)
c:/progra~1/raspbe~1/picosd~1.1/gcc-ar~1/bin/../lib/gcc/arm-none-eabi/10.3.1/../../../../arm-none-eabi/lib/thumb/v6-m/nofp\libc.a(lib_a-reallocr.o)
                              c:/progra~1/raspbe~1/picosd~1.1/gcc-ar~1/bin/../lib/gcc/arm-none-eabi/10.3.1/../../../../arm-none-eabi/lib/thumb/v6-m/nofp\libc.a(lib_a-realloc.o) (_realloc_r)
c:/progra~1/raspbe~1/picosd~1.1/gcc-ar~1/bin/../lib/gcc/arm-none-eabi/10.3.1/../../../../arm-none-eabi/lib/thumb/v6-m/nofp\libc.a(lib_a-sbrkr.o)
                              c:/progra~1/raspbe~1/picosd~1.1/gcc-ar~1/bin/../lib/gcc/arm-none-eabi/10.3.1/../../../../arm-none-eabi/lib/thumb/v6-m/nofp\libc.a(lib_a-mallocr.o) (_sbrk_r)
c:/progra~1/raspbe~1/picosd~1.1/gcc-ar~1/bin/../lib/gcc/arm-none-eabi/10.3.1/../../../../arm-none-eabi/lib/thumb/v6-m/nofp\libc.a(lib_a-strlen-stub.o)
                              CMakeFiles/temp_nucleo.dir/C_/Program_Files/Raspberry_Pi/Pico_SDK_v1.5.1/pico-sdk/src/rp2_common/pico_stdio/stdio.c.obj (strlen)
[...]
Memory Configuration

Name             Origin             Length             Attributes
FLASH            0x10000000         0x00200000         xr
RAM              0x20000000         0x00040000         xrw
SCRATCH_X        0x20040000         0x00001000         xrw
SCRATCH_Y        0x20041000         0x00001000         xrw
*default*        0x00000000         0xffffffff

Linker script and memory map

LOAD c:/progra~1/raspbe~1/picosd~1.1/gcc-ar~1/bin/../lib/gcc/arm-none-eabi/10.3.1/thumb/v6-m/nofp/crti.o
LOAD c:/progra~1/raspbe~1/picosd~1.1/gcc-ar~1/bin/../lib/gcc/arm-none-eabi/10.3.1/thumb/v6-m/nofp/crtbegin.o
LOAD c:/progra~1/raspbe~1/picosd~1.1/gcc-ar~1/bin/../lib/gcc/arm-none-eabi/10.3.1/../../../../arm-none-eabi/lib/thumb/v6-m/nofp/crt0.o

.flash_begin    0x10000000        0x0
                0x10000000                __flash_binary_start = .

.boot2          0x10000000      0x100
                0x10000000                __boot2_start__ = .
 *(.boot2)
 .boot2         0x10000000      0x100 C:\Users\anton\AppData\Local\Temp\ccOosgGG.o
                0x10000100                __boot2_end__ = .
                0x00000001                ASSERT (((__boot2_end__ - __boot2_start__) == 0x100), ERROR: Pico second stage bootloader must be 256 bytes in size)

.text           0x10000100     0x7188
                0x10000100                __logical_binary_start = .
 *(.vectors)
 .vectors       0x10000100       0xd4 CMakeFiles/temp_nucleo.dir/C_/Program_Files/Raspberry_Pi/Pico_SDK_v1.5.1/pico-sdk/src/rp2_common/pico_standard_link/crt0.S.obj
                0x10000100                __VECTOR_TABLE
                0x10000100                __vectors
                0x100001c0                isr_invalid
                0x100001c0                __default_isrs_start
                0x100001c2                isr_nmi
                0x100001c4                isr_hardfault
                0x100001c6                isr_svcall
                0x100001c8                isr_pendsv
                0x100001ca                isr_systick
                0x100001cc                isr_irq23
                0x100001cc                isr_irq18
                0x100001cc                isr_irq11
                0x100001cc                isr_irq28
                0x100001cc                isr_irq19
                0x100001cc                isr_irq0
                0x100001cc                isr_irq6
                0x100001cc                isr_irq5
                0x100001cc                isr_irq12
                0x100001cc                isr_irq22
                0x100001cc                isr_irq31
                0x100001cc                isr_irq17
                0x100001cc                isr_irq27
                0x100001cc                isr_irq30
                0x100001cc                isr_irq2
                0x100001cc                isr_irq10
                0x100001cc                isr_irq8
                0x100001cc                isr_irq24
                0x100001cc                isr_irq1
                0x100001cc                isr_irq7
                0x100001cc                isr_irq21
                0x100001cc                isr_irq20
                0x100001cc                isr_irq15
                0x100001cc                isr_irq25
                0x100001cc                isr_irq13
                0x100001cc                __unhandled_user_irq
                0x100001cc                isr_irq4
                0x100001cc                isr_irq16
                0x100001cc                isr_irq29
                0x100001cc                isr_irq26
                0x100001cc                __default_isrs_end
                0x100001cc                isr_irq3
                0x100001cc                isr_irq14
                0x100001cc                isr_irq9
                0x100001d2                unhandled_user_irq_num_in_r0
 *(.binary_info_header)
 .binary_info_header
                0x100001d4       0x14 CMakeFiles/temp_nucleo.dir/C_/Program_Files/Raspberry_Pi/Pico_SDK_v1.5.1/pico-sdk/src/rp2_common/pico_standard_link/crt0.S.obj
                0x100001e8                __binary_info_header_end = .
 *(.reset)
 .reset         0x100001e8       0xa0 CMakeFiles/temp_nucleo.dir/C_/Program_Files/Raspberry_Pi/Pico_SDK_v1.5.1/pico-sdk/src/rp2_common/pico_standard_link/crt0.S.obj
                0x100001e8                _entry_point
 .reset         0x10000288       0x30 CMakeFiles/temp_nucleo.dir/C_/Program_Files/Raspberry_Pi/Pico_SDK_v1.5.1/pico-sdk/src/rp2_common/pico_standard_link/binary_info.c.obj
 *(.init)
 .init          0x100002b8        0x4 c:/progra~1/raspbe~1/picosd~1.1/gcc-ar~1/bin/../lib/gcc/arm-none-eabi/10.3.1/thumb/v6-m/nofp/crti.o
                0x100002b8                _init
 *(EXCLUDE_FILE(*libm.a: *libc.a:*lib_a-mem*.o *libgcc.a:) .text*)
 .text          0x100002bc       0x48 c:/progra~1/raspbe~1/picosd~1.1/gcc-ar~1/bin/../lib/gcc/arm-none-eabi/10.3.1/thumb/v6-m/nofp/crtbegin.o
 .text.per_timer_callback
                0x10000304       0xa8 CMakeFiles/temp_nucleo.dir/main.c.obj
                0x10000304                per_timer_callback
 .text.startup.main
                0x100003ac       0x50 CMakeFiles/temp_nucleo.dir/main.c.obj
                0x100003ac                main
 .text.gpio_set_pulls
                0x100003fc       0x30 CMakeFiles/temp_nucleo.dir/C_/Program_Files/Raspberry_Pi/Pico_SDK_v1.5.1/pico-sdk/src/rp2_common/hardware_gpio/gpio.c.obj
                0x100003fc                gpio_set_pulls
 .text.gpio_set_irq_enabled
                0x1000042c       0x54 CMakeFiles/temp_nucleo.dir/C_/Program_Files/Raspberry_Pi/Pico_SDK_v1.5.1/pico-sdk/src/rp2_common/hardware_gpio/gpio.c.obj
                0x1000042c                gpio_set_irq_enabled
 .text.gpio_add_raw_irq_handler_with_order_priority_masked
                0x10000480       0x44 CMakeFiles/temp_nucleo.dir/C_/Program_Files/Raspberry_Pi/Pico_SDK_v1.5.1/pico-sdk/src/rp2_common/hardware_gpio/gpio.c.obj
                0x10000480                gpio_add_raw_irq_handler_with_order_priority_masked
 .text.gpio_remove_raw_irq_handler_masked
                0x100004c4       0x20 CMakeFiles/temp_nucleo.dir/C_/Program_Files/Raspberry_Pi/Pico_SDK_v1.5.1/pico-sdk/src/rp2_common/hardware_gpio/gpio.c.obj
                0x100004c4                gpio_remove_raw_irq_handler_masked
 .text.running_on_fpga
                0x100004e4       0x10 CMakeFiles/temp_nucleo.dir/C_/Program_Files/Raspberry_Pi/Pico_SDK_v1.5.1/pico-sdk/src/rp2_common/pico_platform/platform.c.obj
                0x100004e4                running_on_fpga
 .text.hw_claim_lock
                0x100004f4       0x18 CMakeFiles/temp_nucleo.dir/C_/Program_Files/Raspberry_Pi/Pico_SDK_v1.5.1/pico-sdk/src/rp2_common/hardware_claim/claim.c.obj
                0x100004f4                hw_claim_lock
 .text.hw_claim_unlock
                0x1000050c       0x14 CMakeFiles/temp_nucleo.dir/C_/Program_Files/Raspberry_Pi/Pico_SDK_v1.5.1/pico-sdk/src/rp2_common/hardware_claim/claim.c.obj
                0x1000050c                hw_claim_unlock
 .text.hw_claim_or_assert
                0x10000520       0x44 CMakeFiles/temp_nucleo.dir/C_/Program_Files/Raspberry_Pi/Pico_SDK_v1.5.1/pico-sdk/src/rp2_common/hardware_claim/claim.c.obj
                0x10000520                hw_claim_or_assert
 .text.hw_claim_unused_from_range
                0x10000564       0x9c CMakeFiles/temp_nucleo.dir/C_/Program_Files/Raspberry_Pi/Pico_SDK_v1.5.1/pico-sdk/src/rp2_common/hardware_claim/claim.c.obj
                0x10000564                hw_claim_unused_from_range
 .text.hw_claim_clear
                0x10000600       0x38 CMakeFiles/temp_nucleo.dir/C_/Program_Files/Raspberry_Pi/Pico_SDK_v1.5.1/pico-sdk/src/rp2_common/hardware_claim/claim.c.obj
                0x10000600                hw_claim_clear
 .text.spin_locks_reset
                0x10000638       0x1c CMakeFiles/temp_nucleo.dir/C_/Program_Files/Raspberry_Pi/Pico_SDK_v1.5.1/pico-sdk/src/rp2_common/hardware_sync/sync.c.obj
                0x10000638                spin_locks_reset
 .text.next_striped_spin_lock_num
                0x10000654       0x18 CMakeFiles/temp_nucleo.dir/C_/Program_Files/Raspberry_Pi/Pico_SDK_v1.5.1/pico-sdk/src/rp2_common/hardware_sync/sync.c.obj
                0x10000654                next_striped_spin_lock_num
 .text.spin_lock_claim_unused
                0x1000066c       0x20 CMakeFiles/temp_nucleo.dir/C_/Program_Files/Raspberry_Pi/Pico_SDK_v1.5.1/pico-sdk/src/rp2_common/hardware_sync/sync.c.obj
                0x1000066c                spin_lock_claim_unused
 .text.irq_set_enabled
                0x1000068c       0x24 CMakeFiles/temp_nucleo.dir/C_/Program_Files/Raspberry_Pi/Pico_SDK_v1.5.1/pico-sdk/src/rp2_common/hardware_irq/irq.c.obj
                0x1000068c                irq_set_enabled
 .text.irq_set_pending
                0x100006b0       0x10 CMakeFiles/temp_nucleo.dir/C_/Program_Files/Raspberry_Pi/Pico_SDK_v1.5.1/pico-sdk/src/rp2_common/hardware_irq/irq.c.obj
                0x100006b0                irq_set_pending
 .text.irq_has_shared_handler
                0x100006c0       0x2c CMakeFiles/temp_nucleo.dir/C_/Program_Files/Raspberry_Pi/Pico_SDK_v1.5.1/pico-sdk/src/rp2_common/hardware_irq/irq.c.obj
                0x100006c0                irq_has_shared_handler
 .text.irq_get_vtable_handler
                0x100006ec       0x10 CMakeFiles/temp_nucleo.dir/C_/Program_Files/Raspberry_Pi/Pico_SDK_v1.5.1/pico-sdk/src/rp2_common/hardware_irq/irq.c.obj
                0x100006ec                irq_get_vtable_handler
 .text.irq_set_exclusive_handler
                0x100006fc       0x54 CMakeFiles/temp_nucleo.dir/C_/Program_Files/Raspberry_Pi/Pico_SDK_v1.5.1/pico-sdk/src/rp2_common/hardware_irq/irq.c.obj
                0x100006fc                irq_set_exclusive_handler
 .text.irq_add_shared_handler
                0x10000750      0x1e8 CMakeFiles/temp_nucleo.dir/C_/Program_Files/Raspberry_Pi/Pico_SDK_v1.5.1/pico-sdk/src/rp2_common/hardware_irq/irq.c.obj
                0x10000750                irq_add_shared_handler
 .text.irq_remove_handler
                0x10000938      0x1b0 CMakeFiles/temp_nucleo.dir/C_/Program_Files/Raspberry_Pi/Pico_SDK_v1.5.1/pico-sdk/src/rp2_common/hardware_irq/irq.c.obj
                0x10000938                irq_remove_handler
 .text.irq_set_priority
                0x10000ae8       0x28 CMakeFiles/temp_nucleo.dir/C_/Program_Files/Raspberry_Pi/Pico_SDK_v1.5.1/pico-sdk/src/rp2_common/hardware_irq/irq.c.obj
                0x10000ae8                irq_set_priority
 .text.irq_add_tail_to_free_list
                0x10000b10       0xb4 CMakeFiles/temp_nucleo.dir/C_/Program_Files/Raspberry_Pi/Pico_SDK_v1.5.1/pico-sdk/src/rp2_common/hardware_irq/irq.c.obj
                0x10000b10                irq_add_tail_to_free_list
 .text.irq_init_priorities
                0x10000bc4       0x24 CMakeFiles/temp_nucleo.dir/C_/Program_Files/Raspberry_Pi/Pico_SDK_v1.5.1/pico-sdk/src/rp2_common/hardware_irq/irq.c.obj
                0x10000bc4                irq_init_priorities
 .text.user_irq_unclaim
                0x10000be8       0x14 CMakeFiles/temp_nucleo.dir/C_/Program_Files/Raspberry_Pi/Pico_SDK_v1.5.1/pico-sdk/src/rp2_common/hardware_irq/irq.c.obj
                0x10000be8                user_irq_unclaim
 .text.user_irq_claim_unused
                0x10000bfc       0x28 CMakeFiles/temp_nucleo.dir/C_/Program_Files/Raspberry_Pi/Pico_SDK_v1.5.1/pico-sdk/src/rp2_common/hardware_irq/irq.c.obj
                0x10000bfc                user_irq_claim_unused
 .text.sem_init
                0x10000c24       0x20 CMakeFiles/temp_nucleo.dir/C_/Program_Files/Raspberry_Pi/Pico_SDK_v1.5.1/pico-sdk/src/common/pico_sync/sem.c.obj
                0x10000c24                sem_init
 .text.lock_init
                0x10000c44       0x10 CMakeFiles/temp_nucleo.dir/C_/Program_Files/Raspberry_Pi/Pico_SDK_v1.5.1/pico-sdk/src/common/pico_sync/lock_core.c.obj
                0x10000c44                lock_init
 .text.mutex_init
                0x10000c54       0x1c CMakeFiles/temp_nucleo.dir/C_/Program_Files/Raspberry_Pi/Pico_SDK_v1.5.1/pico-sdk/src/common/pico_sync/mutex.c.obj
                0x10000c54                mutex_init
 .text.recursive_mutex_init
                0x10000c70       0x1c CMakeFiles/temp_nucleo.dir/C_/Program_Files/Raspberry_Pi/Pico_SDK_v1.5.1/pico-sdk/src/common/pico_sync/mutex.c.obj
                0x10000c70                recursive_mutex_init
 .text.critical_section_init
                0x10000c8c       0x20 CMakeFiles/temp_nucleo.dir/C_/Program_Files/Raspberry_Pi/Pico_SDK_v1.5.1/pico-sdk/src/common/pico_sync/critical_section.c.obj
                0x10000c8c                critical_section_init
 .text.critical_section_init_with_lock_num
                0x10000cac       0x14 CMakeFiles/temp_nucleo.dir/C_/Program_Files/Raspberry_Pi/Pico_SDK_v1.5.1/pico-sdk/src/common/pico_sync/critical_section.c.obj
                0x10000cac                critical_section_init_with_lock_num
 .text.timer_pool_entry_comparator
                0x10000cc0       0x34 CMakeFiles/temp_nucleo.dir/C_/Program_Files/Raspberry_Pi/Pico_SDK_v1.5.1/pico-sdk/src/common/pico_time/time.c.obj
                0x10000cc0                timer_pool_entry_comparator
 .text.repeating_timer_callback
                0x10000cf4       0x1c CMakeFiles/temp_nucleo.dir/C_/Program_Files/Raspberry_Pi/Pico_SDK_v1.5.1/pico-sdk/src/common/pico_time/time.c.obj
 .text.sleep_until_callback
                0x10000d10       0x30 CMakeFiles/temp_nucleo.dir/C_/Program_Files/Raspberry_Pi/Pico_SDK_v1.5.1/pico-sdk/src/common/pico_time/time.c.obj
 .text.add_alarm_under_lock.isra.0
                0x10000d40      0x100 CMakeFiles/temp_nucleo.dir/C_/Program_Files/Raspberry_Pi/Pico_SDK_v1.5.1/pico-sdk/src/common/pico_time/time.c.obj
 .text.alarm_pool_alarm_callback
                0x10000e40      0x1bc CMakeFiles/temp_nucleo.dir/C_/Program_Files/Raspberry_Pi/Pico_SDK_v1.5.1/pico-sdk/src/common/pico_time/time.c.obj
 .text.alarm_pool_init_default
                0x10000ffc       0x6c CMakeFiles/temp_nucleo.dir/C_/Program_Files/Raspberry_Pi/Pico_SDK_v1.5.1/pico-sdk/src/common/pico_time/time.c.obj
                0x10000ffc                alarm_pool_init_default
 .text.alarm_pool_get_default
                0x10001068        0x8 CMakeFiles/temp_nucleo.dir/C_/Program_Files/Raspberry_Pi/Pico_SDK_v1.5.1/pico-sdk/src/common/pico_time/time.c.obj
                0x10001068                alarm_pool_get_default
 .text.alarm_pool_add_alarm_at
                0x10001070      0x178 CMakeFiles/temp_nucleo.dir/C_/Program_Files/Raspberry_Pi/Pico_SDK_v1.5.1/pico-sdk/src/common/pico_time/time.c.obj
                0x10001070                alarm_pool_add_alarm_at
 .text.alarm_pool_cancel_alarm
                0x100011e8       0x78 CMakeFiles/temp_nucleo.dir/C_/Program_Files/Raspberry_Pi/Pico_SDK_v1.5.1/pico-sdk/src/common/pico_time/time.c.obj
                0x100011e8                alarm_pool_cancel_alarm
 .text.alarm_pool_core_num
                0x10001260        0x4 CMakeFiles/temp_nucleo.dir/C_/Program_Files/Raspberry_Pi/Pico_SDK_v1.5.1/pico-sdk/src/common/pico_time/time.c.obj
                0x10001260                alarm_pool_core_num
 .text.alarm_pool_add_repeating_timer_us
                0x10001264      0x208 CMakeFiles/temp_nucleo.dir/C_/Program_Files/Raspberry_Pi/Pico_SDK_v1.5.1/pico-sdk/src/common/pico_time/time.c.obj
                0x10001264                alarm_pool_add_repeating_timer_us
 .text.sleep_until
                0x1000146c       0xc4 CMakeFiles/temp_nucleo.dir/C_/Program_Files/Raspberry_Pi/Pico_SDK_v1.5.1/pico-sdk/src/common/pico_time/time.c.obj
                0x1000146c                sleep_until
 .text.best_effort_wfe_or_timeout
                0x10001530       0xd4 CMakeFiles/temp_nucleo.dir/C_/Program_Files/Raspberry_Pi/Pico_SDK_v1.5.1/pico-sdk/src/common/pico_time/time.c.obj
                0x10001530                best_effort_wfe_or_timeout
 .text.hardware_alarm_irq_handler
                0x10001604       0xbc CMakeFiles/temp_nucleo.dir/C_/Program_Files/Raspberry_Pi/Pico_SDK_v1.5.1/pico-sdk/src/rp2_common/hardware_timer/timer.c.obj
 .text.hardware_alarm_claim
                0x100016c0       0x18 CMakeFiles/temp_nucleo.dir/C_/Program_Files/Raspberry_Pi/Pico_SDK_v1.5.1/pico-sdk/src/rp2_common/hardware_timer/timer.c.obj
                0x100016c0                hardware_alarm_claim
 .text.time_us_64
                0x100016d8       0x14 CMakeFiles/temp_nucleo.dir/C_/Program_Files/Raspberry_Pi/Pico_SDK_v1.5.1/pico-sdk/src/rp2_common/hardware_timer/timer.c.obj
                0x100016d8                time_us_64
 .text.busy_wait_until
                0x100016ec       0x20 CMakeFiles/temp_nucleo.dir/C_/Program_Files/Raspberry_Pi/Pico_SDK_v1.5.1/pico-sdk/src/rp2_common/hardware_timer/timer.c.obj
                0x100016ec                busy_wait_until
 .text.hardware_alarm_set_callback
                0x1000170c       0x8c CMakeFiles/temp_nucleo.dir/C_/Program_Files/Raspberry_Pi/Pico_SDK_v1.5.1/pico-sdk/src/rp2_common/hardware_timer/timer.c.obj
                0x1000170c                hardware_alarm_set_callback
 .text.hardware_alarm_set_target
                0x10001798       0xd4 CMakeFiles/temp_nucleo.dir/C_/Program_Files/Raspberry_Pi/Pico_SDK_v1.5.1/pico-sdk/src/rp2_common/hardware_timer/timer.c.obj
                0x10001798                hardware_alarm_set_target
 .text.hardware_alarm_cancel
                0x1000186c       0x3c CMakeFiles/temp_nucleo.dir/C_/Program_Files/Raspberry_Pi/Pico_SDK_v1.5.1/pico-sdk/src/rp2_common/hardware_timer/timer.c.obj
                0x1000186c                hardware_alarm_cancel
 .text.ph_merge_nodes
                0x100018a8       0x68 CMakeFiles/temp_nucleo.dir/C_/Program_Files/Raspberry_Pi/Pico_SDK_v1.5.1/pico-sdk/src/common/pico_util/pheap.c.obj
 .text.ph_post_alloc_init
                0x10001910       0x3c CMakeFiles/temp_nucleo.dir/C_/Program_Files/Raspberry_Pi/Pico_SDK_v1.5.1/pico-sdk/src/common/pico_util/pheap.c.obj
                0x10001910                ph_post_alloc_init
 .text.ph_merge_two_pass
                0x1000194c       0x90 CMakeFiles/temp_nucleo.dir/C_/Program_Files/Raspberry_Pi/Pico_SDK_v1.5.1/pico-sdk/src/common/pico_util/pheap.c.obj
                0x1000194c                ph_merge_two_pass
 .text.ph_remove_any_head
                0x100019dc      0x100 CMakeFiles/temp_nucleo.dir/C_/Program_Files/Raspberry_Pi/Pico_SDK_v1.5.1/pico-sdk/src/common/pico_util/pheap.c.obj
 .text.ph_remove_head
                0x10001adc      0x104 CMakeFiles/temp_nucleo.dir/C_/Program_Files/Raspberry_Pi/Pico_SDK_v1.5.1/pico-sdk/src/common/pico_util/pheap.c.obj
                0x10001adc                ph_remove_head
 .text.ph_remove_and_free_node
                0x10001be0       0x7c CMakeFiles/temp_nucleo.dir/C_/Program_Files/Raspberry_Pi/Pico_SDK_v1.5.1/pico-sdk/src/common/pico_util/pheap.c.obj
                0x10001be0                ph_remove_and_free_node
 .text.clocks_init
                0x10001c5c      0x2d0 CMakeFiles/temp_nucleo.dir/C_/Program_Files/Raspberry_Pi/Pico_SDK_v1.5.1/pico-sdk/src/rp2_common/hardware_clocks/clocks.c.obj
                0x10001c5c                clocks_init
 .text.pll_init
                0x10001f2c       0xa0 CMakeFiles/temp_nucleo.dir/C_/Program_Files/Raspberry_Pi/Pico_SDK_v1.5.1/pico-sdk/src/rp2_common/hardware_pll/pll.c.obj
                0x10001f2c                pll_init
 .text.watchdog_start_tick
                0x10001fcc       0x10 CMakeFiles/temp_nucleo.dir/C_/Program_Files/Raspberry_Pi/Pico_SDK_v1.5.1/pico-sdk/src/rp2_common/hardware_watchdog/watchdog.c.obj
                0x10001fcc                watchdog_start_tick
 .text.watchdog_reboot
                0x10001fdc       0x98 CMakeFiles/temp_nucleo.dir/C_/Program_Files/Raspberry_Pi/Pico_SDK_v1.5.1/pico-sdk/src/rp2_common/hardware_watchdog/watchdog.c.obj
                0x10001fdc                watchdog_reboot
 .text.xosc_init
                0x10002074       0x28 CMakeFiles/temp_nucleo.dir/C_/Program_Files/Raspberry_Pi/Pico_SDK_v1.5.1/pico-sdk/src/rp2_common/hardware_xosc/xosc.c.obj
                0x10002074                xosc_init
 .text.runtime_init
                0x1000209c       0xf0 CMakeFiles/temp_nucleo.dir/C_/Program_Files/Raspberry_Pi/Pico_SDK_v1.5.1/pico-sdk/src/rp2_common/pico_runtime/runtime.c.obj
                0x1000209c                runtime_init
 .text._exit    0x1000218c        0x4 CMakeFiles/temp_nucleo.dir/C_/Program_Files/Raspberry_Pi/Pico_SDK_v1.5.1/pico-sdk/src/rp2_common/pico_runtime/runtime.c.obj
                0x1000218c                _exit
 .text.exit     0x10002190        0x8 CMakeFiles/temp_nucleo.dir/C_/Program_Files/Raspberry_Pi/Pico_SDK_v1.5.1/pico-sdk/src/rp2_common/pico_runtime/runtime.c.obj
                0x10002190                exit
 .text.panic    0x10002198       0x30 CMakeFiles/temp_nucleo.dir/C_/Program_Files/Raspberry_Pi/Pico_SDK_v1.5.1/pico-sdk/src/rp2_common/pico_runtime/runtime.c.obj
                0x10002198                panic
 .text.hard_assertion_failure
                0x100021c8        0xc CMakeFiles/temp_nucleo.dir/C_/Program_Files/Raspberry_Pi/Pico_SDK_v1.5.1/pico-sdk/src/rp2_common/pico_runtime/runtime.c.obj
                0x100021c8                hard_assertion_failure
 .text._out_null
                0x100021d4        0x4 CMakeFiles/temp_nucleo.dir/C_/Program_Files/Raspberry_Pi/Pico_SDK_v1.5.1/pico-sdk/src/rp2_common/pico_printf/printf.c.obj
 .text._out_rev
                0x100021d8       0x9c CMakeFiles/temp_nucleo.dir/C_/Program_Files/Raspberry_Pi/Pico_SDK_v1.5.1/pico-sdk/src/rp2_common/pico_printf/printf.c.obj
 .text._ntoa_format
                0x10002274      0x1cc CMakeFiles/temp_nucleo.dir/C_/Program_Files/Raspberry_Pi/Pico_SDK_v1.5.1/pico-sdk/src/rp2_common/pico_printf/printf.c.obj
 .text._out_char
                0x10002440       0x10 CMakeFiles/temp_nucleo.dir/C_/Program_Files/Raspberry_Pi/Pico_SDK_v1.5.1/pico-sdk/src/rp2_common/pico_printf/printf.c.obj
 .text._out_fct
                0x10002450       0x10 CMakeFiles/temp_nucleo.dir/C_/Program_Files/Raspberry_Pi/Pico_SDK_v1.5.1/pico-sdk/src/rp2_common/pico_printf/printf.c.obj
 .text._etoa    0x10002460      0x44c CMakeFiles/temp_nucleo.dir/C_/Program_Files/Raspberry_Pi/Pico_SDK_v1.5.1/pico-sdk/src/rp2_common/pico_printf/printf.c.obj
 .text._ftoa    0x100028ac      0x398 CMakeFiles/temp_nucleo.dir/C_/Program_Files/Raspberry_Pi/Pico_SDK_v1.5.1/pico-sdk/src/rp2_common/pico_printf/printf.c.obj
 .text._vsnprintf
                0x10002c44      0xb04 CMakeFiles/temp_nucleo.dir/C_/Program_Files/Raspberry_Pi/Pico_SDK_v1.5.1/pico-sdk/src/rp2_common/pico_printf/printf.c.obj
 .text.vfctprintf
                0x10003748       0x20 CMakeFiles/temp_nucleo.dir/C_/Program_Files/Raspberry_Pi/Pico_SDK_v1.5.1/pico-sdk/src/rp2_common/pico_printf/printf.c.obj
                0x10003748                vfctprintf
 .text.weak_raw_vprintf
                0x10003768       0x30 CMakeFiles/temp_nucleo.dir/C_/Program_Files/Raspberry_Pi/Pico_SDK_v1.5.1/pico-sdk/src/rp2_common/pico_printf/printf.c.obj
                0x10003768                weak_raw_vprintf
 .text          0x10003798       0x10 CMakeFiles/temp_nucleo.dir/C_/Program_Files/Raspberry_Pi/Pico_SDK_v1.5.1/pico-sdk/src/rp2_common/pico_bit_ops/bit_ops_aeabi.S.obj
 .text.rom_func_lookup
                0x100037a8       0x10 CMakeFiles/temp_nucleo.dir/C_/Program_Files/Raspberry_Pi/Pico_SDK_v1.5.1/pico-sdk/src/rp2_common/pico_bootrom/bootrom.c.obj
                0x100037a8                rom_func_lookup
 .text.rom_data_lookup
                0x100037b8       0x10 CMakeFiles/temp_nucleo.dir/C_/Program_Files/Raspberry_Pi/Pico_SDK_v1.5.1/pico-sdk/src/rp2_common/pico_bootrom/bootrom.c.obj
                0x100037b8                rom_data_lookup
 .text.rom_funcs_lookup
                0x100037c8       0x44 CMakeFiles/temp_nucleo.dir/C_/Program_Files/Raspberry_Pi/Pico_SDK_v1.5.1/pico-sdk/src/rp2_common/pico_bootrom/bootrom.c.obj
                0x100037c8                rom_funcs_lookup
 .text.__wrap___aeabi_idiv
                0x1000380c       0x50 CMakeFiles/temp_nucleo.dir/C_/Program_Files/Raspberry_Pi/Pico_SDK_v1.5.1/pico-sdk/src/rp2_common/pico_divider/divider.S.obj
                0x1000380c                __wrap___aeabi_idivmod
                0x1000380c                divmod_s32s32
                0x1000380c                div_s32s32
                0x1000380c                __wrap___aeabi_idiv
                0x10003814                divmod_s32s32_unsafe
                0x10003840                divmod_s32s32_savestate
 .text.__wrap___aeabi_uidiv
                0x1000385c       0x4c CMakeFiles/temp_nucleo.dir/C_/Program_Files/Raspberry_Pi/Pico_SDK_v1.5.1/pico-sdk/src/rp2_common/pico_divider/divider.S.obj
                0x1000385c                __wrap___aeabi_uidiv
                0x1000385c                __wrap___aeabi_uidivmod
                0x1000385c                div_u32u32
                0x1000385c                divmod_u32u32
                0x10003864                divmod_u32u32_unsafe
                0x1000388c                divmod_u32u32_savestate
 .text.__wrap___aeabi_ldiv
                0x100038a8      0x424 CMakeFiles/temp_nucleo.dir/C_/Program_Files/Raspberry_Pi/Pico_SDK_v1.5.1/pico-sdk/src/rp2_common/pico_divider/divider.S.obj
                0x100038a8                div_s64s64
                0x100038a8                divmod_s64s64
                0x100038a8                __wrap___aeabi_ldivmod
                0x100038d8                divmod_u64u64
                0x100038d8                div_u64u64
                0x100038d8                __wrap___aeabi_uldivmod
                0x100038e8                divmod_u64u64_savestate
                0x10003908                divmod_s64s64_unsafe
                0x10003990                divmod_u64u64_unsafe
 .text.__wrap___aeabi_darithmetic
                0x10003ccc       0x60 CMakeFiles/temp_nucleo.dir/C_/Program_Files/Raspberry_Pi/Pico_SDK_v1.5.1/pico-sdk/src/rp2_common/pico_double/double_aeabi.S.obj
                0x10003ccc                __wrap___aeabi_drsub
                0x10003cd2                __wrap___aeabi_dsub
                0x10003cdc                __wrap___aeabi_dadd
                0x10003ce6                __wrap___aeabi_ddiv
                0x10003d1a                __wrap___aeabi_dmul
 .text.__wrap___aeabi_cdcmple
                0x10003d2c       0x6c CMakeFiles/temp_nucleo.dir/C_/Program_Files/Raspberry_Pi/Pico_SDK_v1.5.1/pico-sdk/src/rp2_common/pico_double/double_aeabi.S.obj
                0x10003d2c                __wrap___aeabi_cdrcmple
                0x10003d3c                __wrap___aeabi_cdcmpeq
                0x10003d3c                __wrap___aeabi_cdcmple
 .text.__wrap___aeabi_dcmplt
                0x10003d98        0xc CMakeFiles/temp_nucleo.dir/C_/Program_Files/Raspberry_Pi/Pico_SDK_v1.5.1/pico-sdk/src/rp2_common/pico_double/double_aeabi.S.obj
                0x10003d98                __wrap___aeabi_dcmplt
 .text.__wrap___aeabi_dcmple
                0x10003da4       0x10 CMakeFiles/temp_nucleo.dir/C_/Program_Files/Raspberry_Pi/Pico_SDK_v1.5.1/pico-sdk/src/rp2_common/pico_double/double_aeabi.S.obj
                0x10003da4                __wrap___aeabi_dcmple
 .text.__wrap___aeabi_dcmpge
                0x10003db4       0x10 CMakeFiles/temp_nucleo.dir/C_/Program_Files/Raspberry_Pi/Pico_SDK_v1.5.1/pico-sdk/src/rp2_common/pico_double/double_aeabi.S.obj
                0x10003db4                __wrap___aeabi_dcmpge
 .text.__wrap___aeabi_dcmpgt
                0x10003dc4        0xa CMakeFiles/temp_nucleo.dir/C_/Program_Files/Raspberry_Pi/Pico_SDK_v1.5.1/pico-sdk/src/rp2_common/pico_double/double_aeabi.S.obj
                0x10003dc4                __wrap___aeabi_dcmpgt
 .text.__wrap___aeabi_dcmpun
                0x10003dce       0x1c CMakeFiles/temp_nucleo.dir/C_/Program_Files/Raspberry_Pi/Pico_SDK_v1.5.1/pico-sdk/src/rp2_common/pico_double/double_aeabi.S.obj
                0x10003dce                __wrap___aeabi_dcmpun
 *fill*         0x10003dea        0x2 
 .text.__wrap___aeabi_i2d
                0x10003dec       0x38 CMakeFiles/temp_nucleo.dir/C_/Program_Files/Raspberry_Pi/Pico_SDK_v1.5.1/pico-sdk/src/rp2_common/pico_double/double_aeabi.S.obj
                0x10003dec                __wrap___aeabi_ui2d
                0x10003df4                __wrap___aeabi_i2d
 .text.__wrap___aeabi_d2iz
                0x10003e24       0x48 CMakeFiles/temp_nucleo.dir/C_/Program_Files/Raspberry_Pi/Pico_SDK_v1.5.1/pico-sdk/src/rp2_common/pico_double/double_aeabi.S.obj
                0x10003e24                double2int_z
                0x10003e24                __wrap___aeabi_d2iz
 .text.__wrap___aeabi_d2uiz
                0x10003e6c       0x10 CMakeFiles/temp_nucleo.dir/C_/Program_Files/Raspberry_Pi/Pico_SDK_v1.5.1/pico-sdk/src/rp2_common/pico_double/double_aeabi.S.obj
                0x10003e6c                __wrap___aeabi_d2uiz
                0x10003e6c                double2uint
 .text.__wrap___aeabi_d2f
                0x10003e7c       0x10 CMakeFiles/temp_nucleo.dir/C_/Program_Files/Raspberry_Pi/Pico_SDK_v1.5.1/pico-sdk/src/rp2_common/pico_double/double_aeabi.S.obj
                0x10003e7c                __wrap___aeabi_d2f
 .text.missing_double_func_shim
                0x10003e8c        0xc CMakeFiles/temp_nucleo.dir/C_/Program_Files/Raspberry_Pi/Pico_SDK_v1.5.1/pico-sdk/src/rp2_common/pico_double/double_init_rom.c.obj
 .text.__aeabi_double_init
                0x10003e98       0x98 CMakeFiles/temp_nucleo.dir/C_/Program_Files/Raspberry_Pi/Pico_SDK_v1.5.1/pico-sdk/src/rp2_common/pico_double/double_init_rom.c.obj
                0x10003e98                __aeabi_double_init
 .text.double_table_shim_on_use_helper
                0x10003f30       0x2c CMakeFiles/temp_nucleo.dir/C_/Program_Files/Raspberry_Pi/Pico_SDK_v1.5.1/pico-sdk/src/rp2_common/pico_double/double_v1_rom_shim.S.obj
                0x10003f30                double_table_shim_on_use_helper
 .text.__aeabi_lmul
                0x10003f5c       0x32 CMakeFiles/temp_nucleo.dir/C_/Program_Files/Raspberry_Pi/Pico_SDK_v1.5.1/pico-sdk/src/rp2_common/pico_int64_ops/pico_int64_ops_aeabi.S.obj
                0x10003f5c                __wrap___aeabi_lmul
 *fill*         0x10003f8e        0x2 
 .text.__wrap___aeabi_f2d
                0x10003f90        0xc CMakeFiles/temp_nucleo.dir/C_/Program_Files/Raspberry_Pi/Pico_SDK_v1.5.1/pico-sdk/src/rp2_common/pico_float/float_aeabi.S.obj
                0x10003f90                __wrap___aeabi_f2d
 .text.missing_float_func_shim
                0x10003f9c        0xc CMakeFiles/temp_nucleo.dir/C_/Program_Files/Raspberry_Pi/Pico_SDK_v1.5.1/pico-sdk/src/rp2_common/pico_float/float_init_rom.c.obj
 .text.__aeabi_float_init
                0x10003fa8       0x5c CMakeFiles/temp_nucleo.dir/C_/Program_Files/Raspberry_Pi/Pico_SDK_v1.5.1/pico-sdk/src/rp2_common/pico_float/float_init_rom.c.obj
                0x10003fa8                __aeabi_float_init
 .text          0x10004004       0x10 CMakeFiles/temp_nucleo.dir/C_/Program_Files/Raspberry_Pi/Pico_SDK_v1.5.1/pico-sdk/src/rp2_common/pico_mem_ops/mem_ops_aeabi.S.obj
                0x10004004                __aeabi_mem_init
 .text.memset   0x10004014        0xc CMakeFiles/temp_nucleo.dir/C_/Program_Files/Raspberry_Pi/Pico_SDK_v1.5.1/pico-sdk/src/rp2_common/pico_mem_ops/mem_ops_aeabi.S.obj
                0x10004014                __wrap_memset
 .text.memcpy   0x10004020        0xc CMakeFiles/temp_nucleo.dir/C_/Program_Files/Raspberry_Pi/Pico_SDK_v1.5.1/pico-sdk/src/rp2_common/pico_mem_ops/mem_ops_aeabi.S.obj
                0x10004020                __wrap_memcpy
                0x10004020                __wrap___aeabi_memcpy
 .text.stdio_out_chars_no_crlf
                0x1000402c       0x10 CMakeFiles/temp_nucleo.dir/C_/Program_Files/Raspberry_Pi/Pico_SDK_v1.5.1/pico-sdk/src/rp2_common/pico_stdio/stdio.c.obj
 .text.stdio_out_chars_crlf
                0x1000403c       0xb4 CMakeFiles/temp_nucleo.dir/C_/Program_Files/Raspberry_Pi/Pico_SDK_v1.5.1/pico-sdk/src/rp2_common/pico_stdio/stdio.c.obj
 .text.stdio_buffered_printer
                0x100040f0       0x64 CMakeFiles/temp_nucleo.dir/C_/Program_Files/Raspberry_Pi/Pico_SDK_v1.5.1/pico-sdk/src/rp2_common/pico_stdio/stdio.c.obj
 .text.stdio_put_string.isra.0
                0x10004154       0xfc CMakeFiles/temp_nucleo.dir/C_/Program_Files/Raspberry_Pi/Pico_SDK_v1.5.1/pico-sdk/src/rp2_common/pico_stdio/stdio.c.obj
 .text.__wrap_putchar
                0x10004250       0x98 CMakeFiles/temp_nucleo.dir/C_/Program_Files/Raspberry_Pi/Pico_SDK_v1.5.1/pico-sdk/src/rp2_common/pico_stdio/stdio.c.obj
                0x10004250                __wrap_putchar
 .text.__wrap_puts
                0x100042e8       0x3c CMakeFiles/temp_nucleo.dir/C_/Program_Files/Raspberry_Pi/Pico_SDK_v1.5.1/pico-sdk/src/rp2_common/pico_stdio/stdio.c.obj
                0x100042e8                __wrap_puts
 .text.stdio_set_driver_enabled
                0x10004324       0x30 CMakeFiles/temp_nucleo.dir/C_/Program_Files/Raspberry_Pi/Pico_SDK_v1.5.1/pico-sdk/src/rp2_common/pico_stdio/stdio.c.obj
                0x10004324                stdio_set_driver_enabled
 .text.__wrap_vprintf
                0x10004354       0xd8 CMakeFiles/temp_nucleo.dir/C_/Program_Files/Raspberry_Pi/Pico_SDK_v1.5.1/pico-sdk/src/rp2_common/pico_stdio/stdio.c.obj
                0x10004354                __wrap_vprintf
 .text.__wrap_printf
                0x1000442c       0x18 CMakeFiles/temp_nucleo.dir/C_/Program_Files/Raspberry_Pi/Pico_SDK_v1.5.1/pico-sdk/src/rp2_common/pico_stdio/stdio.c.obj
                0x1000442c                __wrap_printf
 .text.stdio_init_all
                0x10004444        0x8 CMakeFiles/temp_nucleo.dir/C_/Program_Files/Raspberry_Pi/Pico_SDK_v1.5.1/pico-sdk/src/rp2_common/pico_stdio/stdio.c.obj
                0x10004444                stdio_init_all
 .text.resetd_init
                0x1000444c        0x4 CMakeFiles/temp_nucleo.dir/C_/Program_Files/Raspberry_Pi/Pico_SDK_v1.5.1/pico-sdk/src/rp2_common/pico_stdio_usb/reset_interface.c.obj
 .text.resetd_reset
                0x10004450        0xc CMakeFiles/temp_nucleo.dir/C_/Program_Files/Raspberry_Pi/Pico_SDK_v1.5.1/pico-sdk/src/rp2_common/pico_stdio_usb/reset_interface.c.obj
 .text.resetd_open
                0x1000445c       0x28 CMakeFiles/temp_nucleo.dir/C_/Program_Files/Raspberry_Pi/Pico_SDK_v1.5.1/pico-sdk/src/rp2_common/pico_stdio_usb/reset_interface.c.obj
 .text.resetd_xfer_cb
                0x10004484        0x4 CMakeFiles/temp_nucleo.dir/C_/Program_Files/Raspberry_Pi/Pico_SDK_v1.5.1/pico-sdk/src/rp2_common/pico_stdio_usb/reset_interface.c.obj
 .text.resetd_control_xfer_cb
                0x10004488       0x64 CMakeFiles/temp_nucleo.dir/C_/Program_Files/Raspberry_Pi/Pico_SDK_v1.5.1/pico-sdk/src/rp2_common/pico_stdio_usb/reset_interface.c.obj
 .text.usbd_app_driver_get_cb
                0x100044ec        0xc CMakeFiles/temp_nucleo.dir/C_/Program_Files/Raspberry_Pi/Pico_SDK_v1.5.1/pico-sdk/src/rp2_common/pico_stdio_usb/reset_interface.c.obj
                0x100044ec                usbd_app_driver_get_cb
 .text.tud_cdc_line_coding_cb
                0x100044f8       0x34 CMakeFiles/temp_nucleo.dir/C_/Program_Files/Raspberry_Pi/Pico_SDK_v1.5.1/pico-sdk/src/rp2_common/pico_stdio_usb/reset_interface.c.obj
                0x100044f8                tud_cdc_line_coding_cb
 .text.stdio_usb_set_chars_available_callback
                0x1000452c       0x14 CMakeFiles/temp_nucleo.dir/C_/Program_Files/Raspberry_Pi/Pico_SDK_v1.5.1/pico-sdk/src/rp2_common/pico_stdio_usb/stdio_usb.c.obj
                0x1000452c                stdio_usb_set_chars_available_callback
 .text.usb_irq  0x10004540       0x10 CMakeFiles/temp_nucleo.dir/C_/Program_Files/Raspberry_Pi/Pico_SDK_v1.5.1/pico-sdk/src/rp2_common/pico_stdio_usb/stdio_usb.c.obj
 .text.timer_task
                0x10004550       0x54 CMakeFiles/temp_nucleo.dir/C_/Program_Files/Raspberry_Pi/Pico_SDK_v1.5.1/pico-sdk/src/rp2_common/pico_stdio_usb/stdio_usb.c.obj
 .text.stdio_usb_in_chars
                0x100045a4       0x90 CMakeFiles/temp_nucleo.dir/C_/Program_Files/Raspberry_Pi/Pico_SDK_v1.5.1/pico-sdk/src/rp2_common/pico_stdio_usb/stdio_usb.c.obj
                0x100045a4                stdio_usb_in_chars
 .text.stdio_usb_out_chars
                0x10004634      0x100 CMakeFiles/temp_nucleo.dir/C_/Program_Files/Raspberry_Pi/Pico_SDK_v1.5.1/pico-sdk/src/rp2_common/pico_stdio_usb/stdio_usb.c.obj
 .text.low_priority_worker_irq
                0x10004734       0xa8 CMakeFiles/temp_nucleo.dir/C_/Program_Files/Raspberry_Pi/Pico_SDK_v1.5.1/pico-sdk/src/rp2_common/pico_stdio_usb/stdio_usb.c.obj
 .text.tud_cdc_rx_cb
                0x100047dc       0x20 CMakeFiles/temp_nucleo.dir/C_/Program_Files/Raspberry_Pi/Pico_SDK_v1.5.1/pico-sdk/src/rp2_common/pico_stdio_usb/stdio_usb.c.obj
                0x100047dc                tud_cdc_rx_cb
 .text.stdio_usb_init
                0x100047fc       0xdc CMakeFiles/temp_nucleo.dir/C_/Program_Files/Raspberry_Pi/Pico_SDK_v1.5.1/pico-sdk/src/rp2_common/pico_stdio_usb/stdio_usb.c.obj
                0x100047fc                stdio_usb_init
 .text.tud_descriptor_device_cb
                0x100048d8        0x8 CMakeFiles/temp_nucleo.dir/C_/Program_Files/Raspberry_Pi/Pico_SDK_v1.5.1/pico-sdk/src/rp2_common/pico_stdio_usb/stdio_usb_descriptors.c.obj
                0x100048d8                tud_descriptor_device_cb
 .text.tud_descriptor_configuration_cb
                0x100048e0        0x8 CMakeFiles/temp_nucleo.dir/C_/Program_Files/Raspberry_Pi/Pico_SDK_v1.5.1/pico-sdk/src/rp2_common/pico_stdio_usb/stdio_usb_descriptors.c.obj
                0x100048e0                tud_descriptor_configuration_cb
 .text.tud_descriptor_string_cb
                0x100048e8       0x74 CMakeFiles/temp_nucleo.dir/C_/Program_Files/Raspberry_Pi/Pico_SDK_v1.5.1/pico-sdk/src/rp2_common/pico_stdio_usb/stdio_usb_descriptors.c.obj
                0x100048e8                tud_descriptor_string_cb
 .text.startup._retrieve_unique_id_on_boot
                0x1000495c       0x10 CMakeFiles/temp_nucleo.dir/C_/Program_Files/Raspberry_Pi/Pico_SDK_v1.5.1/pico-sdk/src/rp2_common/pico_unique_id/unique_id.c.obj
 .text.pico_get_unique_board_id_string
                0x1000496c      0x1a8 CMakeFiles/temp_nucleo.dir/C_/Program_Files/Raspberry_Pi/Pico_SDK_v1.5.1/pico-sdk/src/rp2_common/pico_unique_id/unique_id.c.obj
                0x1000496c                pico_get_unique_board_id_string
 .text.flash_get_unique_id
                0x10004b14       0x40 CMakeFiles/temp_nucleo.dir/C_/Program_Files/Raspberry_Pi/Pico_SDK_v1.5.1/pico-sdk/src/rp2_common/hardware_flash/flash.c.obj
                0x10004b14                flash_get_unique_id
 .text.dcd_int_enable
                0x10004b54        0xc CMakeFiles/temp_nucleo.dir/C_/Program_Files/Raspberry_Pi/Pico_SDK_v1.5.1/pico-sdk/lib/tinyusb/src/portable/raspberrypi/rp2040/dcd_rp2040.c.obj
                0x10004b54                dcd_int_enable
 .text.dcd_set_address
                0x10004b60       0x14 CMakeFiles/temp_nucleo.dir/C_/Program_Files/Raspberry_Pi/Pico_SDK_v1.5.1/pico-sdk/lib/tinyusb/src/portable/raspberrypi/rp2040/dcd_rp2040.c.obj
                0x10004b60                dcd_set_address
 .text.dcd_connect
                0x10004b74       0x10 CMakeFiles/temp_nucleo.dir/C_/Program_Files/Raspberry_Pi/Pico_SDK_v1.5.1/pico-sdk/lib/tinyusb/src/portable/raspberrypi/rp2040/dcd_rp2040.c.obj
                0x10004b74                dcd_connect
 .text.dcd_init
                0x10004b84       0x98 CMakeFiles/temp_nucleo.dir/C_/Program_Files/Raspberry_Pi/Pico_SDK_v1.5.1/pico-sdk/lib/tinyusb/src/portable/raspberrypi/rp2040/dcd_rp2040.c.obj
                0x10004b84                dcd_init
 .text.dcd_edpt0_status_complete
                0x10004c1c       0x1c CMakeFiles/temp_nucleo.dir/C_/Program_Files/Raspberry_Pi/Pico_SDK_v1.5.1/pico-sdk/lib/tinyusb/src/portable/raspberrypi/rp2040/dcd_rp2040.c.obj
                0x10004c1c                dcd_edpt0_status_complete
 .text.dcd_edpt_open
                0x10004c38      0x108 CMakeFiles/temp_nucleo.dir/C_/Program_Files/Raspberry_Pi/Pico_SDK_v1.5.1/pico-sdk/lib/tinyusb/src/portable/raspberrypi/rp2040/dcd_rp2040.c.obj
                0x10004c38                dcd_edpt_open
 .text.dcd_edpt_close_all
                0x10004d40        0x8 CMakeFiles/temp_nucleo.dir/C_/Program_Files/Raspberry_Pi/Pico_SDK_v1.5.1/pico-sdk/lib/tinyusb/src/portable/raspberrypi/rp2040/dcd_rp2040.c.obj
                0x10004d40                dcd_edpt_close_all
 .text.dcd_edpt_xfer
                0x10004d48       0x24 CMakeFiles/temp_nucleo.dir/C_/Program_Files/Raspberry_Pi/Pico_SDK_v1.5.1/pico-sdk/lib/tinyusb/src/portable/raspberrypi/rp2040/dcd_rp2040.c.obj
                0x10004d48                dcd_edpt_xfer
 .text.dcd_edpt_stall
                0x10004d6c       0x38 CMakeFiles/temp_nucleo.dir/C_/Program_Files/Raspberry_Pi/Pico_SDK_v1.5.1/pico-sdk/lib/tinyusb/src/portable/raspberrypi/rp2040/dcd_rp2040.c.obj
                0x10004d6c                dcd_edpt_stall
 .text.dcd_edpt_clear_stall
                0x10004da4       0x30 CMakeFiles/temp_nucleo.dir/C_/Program_Files/Raspberry_Pi/Pico_SDK_v1.5.1/pico-sdk/lib/tinyusb/src/portable/raspberrypi/rp2040/dcd_rp2040.c.obj
                0x10004da4                dcd_edpt_clear_stall
 .text.rp2040_usb_init
                0x10004dd4       0x4c CMakeFiles/temp_nucleo.dir/C_/Program_Files/Raspberry_Pi/Pico_SDK_v1.5.1/pico-sdk/lib/tinyusb/src/portable/raspberrypi/rp2040/rp2040_usb.c.obj
                0x10004dd4                rp2040_usb_init
 .text.hw_endpoint_xfer_start
                0x10004e20       0x50 CMakeFiles/temp_nucleo.dir/C_/Program_Files/Raspberry_Pi/Pico_SDK_v1.5.1/pico-sdk/lib/tinyusb/src/portable/raspberrypi/rp2040/rp2040_usb.c.obj
                0x10004e20                hw_endpoint_xfer_start
 .text.tud_mounted
                0x10004e70       0x10 CMakeFiles/temp_nucleo.dir/C_/Program_Files/Raspberry_Pi/Pico_SDK_v1.5.1/pico-sdk/lib/tinyusb/src/device/usbd.c.obj
                0x10004e70                tud_mounted
 .text.tud_suspended
                0x10004e80       0x10 CMakeFiles/temp_nucleo.dir/C_/Program_Files/Raspberry_Pi/Pico_SDK_v1.5.1/pico-sdk/lib/tinyusb/src/device/usbd.c.obj
                0x10004e80                tud_suspended
 .text.tud_inited
                0x10004e90       0x14 CMakeFiles/temp_nucleo.dir/C_/Program_Files/Raspberry_Pi/Pico_SDK_v1.5.1/pico-sdk/lib/tinyusb/src/device/usbd.c.obj
                0x10004e90                tud_inited
 .text.tud_init
                0x10004ea4       0xe4 CMakeFiles/temp_nucleo.dir/C_/Program_Files/Raspberry_Pi/Pico_SDK_v1.5.1/pico-sdk/lib/tinyusb/src/device/usbd.c.obj
                0x10004ea4                tud_init
 .text.tud_task_ext
                0x10004f88      0x854 CMakeFiles/temp_nucleo.dir/C_/Program_Files/Raspberry_Pi/Pico_SDK_v1.5.1/pico-sdk/lib/tinyusb/src/device/usbd.c.obj
                0x10004f88                tud_task_ext
 .text.usbd_open_edpt_pair
                0x100057dc       0x9c CMakeFiles/temp_nucleo.dir/C_/Program_Files/Raspberry_Pi/Pico_SDK_v1.5.1/pico-sdk/lib/tinyusb/src/device/usbd.c.obj
                0x100057dc                usbd_open_edpt_pair
 .text.usbd_defer_func
                0x10005878       0x48 CMakeFiles/temp_nucleo.dir/C_/Program_Files/Raspberry_Pi/Pico_SDK_v1.5.1/pico-sdk/lib/tinyusb/src/device/usbd.c.obj
                0x10005878                usbd_defer_func
 .text.usbd_edpt_open
                0x100058c0       0x34 CMakeFiles/temp_nucleo.dir/C_/Program_Files/Raspberry_Pi/Pico_SDK_v1.5.1/pico-sdk/lib/tinyusb/src/device/usbd.c.obj
                0x100058c0                usbd_edpt_open
 .text.usbd_edpt_claim
                0x100058f4       0x28 CMakeFiles/temp_nucleo.dir/C_/Program_Files/Raspberry_Pi/Pico_SDK_v1.5.1/pico-sdk/lib/tinyusb/src/device/usbd.c.obj
                0x100058f4                usbd_edpt_claim
 .text.usbd_edpt_release
                0x1000591c       0x28 CMakeFiles/temp_nucleo.dir/C_/Program_Files/Raspberry_Pi/Pico_SDK_v1.5.1/pico-sdk/lib/tinyusb/src/device/usbd.c.obj
                0x1000591c                usbd_edpt_release
 .text.usbd_edpt_xfer
                0x10005944       0x4c CMakeFiles/temp_nucleo.dir/C_/Program_Files/Raspberry_Pi/Pico_SDK_v1.5.1/pico-sdk/lib/tinyusb/src/device/usbd.c.obj
                0x10005944                usbd_edpt_xfer
 .text.tud_control_status
                0x10005990       0x30 CMakeFiles/temp_nucleo.dir/C_/Program_Files/Raspberry_Pi/Pico_SDK_v1.5.1/pico-sdk/lib/tinyusb/src/device/usbd_control.c.obj
                0x10005990                tud_control_status
 .text.tud_control_xfer
                0x100059c0       0xbc CMakeFiles/temp_nucleo.dir/C_/Program_Files/Raspberry_Pi/Pico_SDK_v1.5.1/pico-sdk/lib/tinyusb/src/device/usbd_control.c.obj
                0x100059c0                tud_control_xfer
 .text.usbd_control_reset
                0x10005a7c       0x14 CMakeFiles/temp_nucleo.dir/C_/Program_Files/Raspberry_Pi/Pico_SDK_v1.5.1/pico-sdk/lib/tinyusb/src/device/usbd_control.c.obj
                0x10005a7c                usbd_control_reset
 .text.usbd_control_set_complete_callback
                0x10005a90        0xc CMakeFiles/temp_nucleo.dir/C_/Program_Files/Raspberry_Pi/Pico_SDK_v1.5.1/pico-sdk/lib/tinyusb/src/device/usbd_control.c.obj
                0x10005a90                usbd_control_set_complete_callback
 .text.usbd_control_set_request
                0x10005a9c       0x1c CMakeFiles/temp_nucleo.dir/C_/Program_Files/Raspberry_Pi/Pico_SDK_v1.5.1/pico-sdk/lib/tinyusb/src/device/usbd_control.c.obj
                0x10005a9c                usbd_control_set_request
 .text.usbd_control_xfer_cb
                0x10005ab8       0xfc CMakeFiles/temp_nucleo.dir/C_/Program_Files/Raspberry_Pi/Pico_SDK_v1.5.1/pico-sdk/lib/tinyusb/src/device/usbd_control.c.obj
                0x10005ab8                usbd_control_xfer_cb
 .text.tud_cdc_n_connected
                0x10005bb4       0x30 CMakeFiles/temp_nucleo.dir/C_/Program_Files/Raspberry_Pi/Pico_SDK_v1.5.1/pico-sdk/lib/tinyusb/src/class/cdc/cdc_device.c.obj
                0x10005bb4                tud_cdc_n_connected
 .text.tud_cdc_n_available
                0x10005be4       0x18 CMakeFiles/temp_nucleo.dir/C_/Program_Files/Raspberry_Pi/Pico_SDK_v1.5.1/pico-sdk/lib/tinyusb/src/class/cdc/cdc_device.c.obj
                0x10005be4                tud_cdc_n_available
 .text.tud_cdc_n_read
                0x10005bfc       0x70 CMakeFiles/temp_nucleo.dir/C_/Program_Files/Raspberry_Pi/Pico_SDK_v1.5.1/pico-sdk/lib/tinyusb/src/class/cdc/cdc_device.c.obj
                0x10005bfc                tud_cdc_n_read
 .text.tud_cdc_n_write_flush
                0x10005c6c       0x78 CMakeFiles/temp_nucleo.dir/C_/Program_Files/Raspberry_Pi/Pico_SDK_v1.5.1/pico-sdk/lib/tinyusb/src/class/cdc/cdc_device.c.obj
                0x10005c6c                tud_cdc_n_write_flush
 .text.tud_cdc_n_write
                0x10005ce4       0x34 CMakeFiles/temp_nucleo.dir/C_/Program_Files/Raspberry_Pi/Pico_SDK_v1.5.1/pico-sdk/lib/tinyusb/src/class/cdc/cdc_device.c.obj
                0x10005ce4                tud_cdc_n_write
 .text.tud_cdc_n_write_available
                0x10005d18       0x18 CMakeFiles/temp_nucleo.dir/C_/Program_Files/Raspberry_Pi/Pico_SDK_v1.5.1/pico-sdk/lib/tinyusb/src/class/cdc/cdc_device.c.obj
                0x10005d18                tud_cdc_n_write_available
 .text.cdcd_init
                0x10005d30       0x7c CMakeFiles/temp_nucleo.dir/C_/Program_Files/Raspberry_Pi/Pico_SDK_v1.5.1/pico-sdk/lib/tinyusb/src/class/cdc/cdc_device.c.obj
                0x10005d30                cdcd_init
 .text.cdcd_reset
                0x10005dac       0x2c CMakeFiles/temp_nucleo.dir/C_/Program_Files/Raspberry_Pi/Pico_SDK_v1.5.1/pico-sdk/lib/tinyusb/src/class/cdc/cdc_device.c.obj
                0x10005dac                cdcd_reset
 .text.cdcd_open
                0x10005dd8       0xe8 CMakeFiles/temp_nucleo.dir/C_/Program_Files/Raspberry_Pi/Pico_SDK_v1.5.1/pico-sdk/lib/tinyusb/src/class/cdc/cdc_device.c.obj
                0x10005dd8                cdcd_open
 .text.cdcd_control_xfer_cb
                0x10005ec0       0xe4 CMakeFiles/temp_nucleo.dir/C_/Program_Files/Raspberry_Pi/Pico_SDK_v1.5.1/pico-sdk/lib/tinyusb/src/class/cdc/cdc_device.c.obj
                0x10005ec0                cdcd_control_xfer_cb
 .text.cdcd_xfer_cb
                0x10005fa4      0x148 CMakeFiles/temp_nucleo.dir/C_/Program_Files/Raspberry_Pi/Pico_SDK_v1.5.1/pico-sdk/lib/tinyusb/src/class/cdc/cdc_device.c.obj
                0x10005fa4                cdcd_xfer_cb
 .text.tusb_init
                0x100060ec        0xc CMakeFiles/temp_nucleo.dir/C_/Program_Files/Raspberry_Pi/Pico_SDK_v1.5.1/pico-sdk/lib/tinyusb/src/tusb.c.obj
                0x100060ec                tusb_init
 .text.tusb_inited
                0x100060f8        0x8 CMakeFiles/temp_nucleo.dir/C_/Program_Files/Raspberry_Pi/Pico_SDK_v1.5.1/pico-sdk/lib/tinyusb/src/tusb.c.obj
                0x100060f8                tusb_inited
 .text.tu_edpt_claim
                0x10006100       0x50 CMakeFiles/temp_nucleo.dir/C_/Program_Files/Raspberry_Pi/Pico_SDK_v1.5.1/pico-sdk/lib/tinyusb/src/tusb.c.obj
                0x10006100                tu_edpt_claim
 .text.tu_edpt_release
                0x10006150       0x38 CMakeFiles/temp_nucleo.dir/C_/Program_Files/Raspberry_Pi/Pico_SDK_v1.5.1/pico-sdk/lib/tinyusb/src/tusb.c.obj
                0x10006150                tu_edpt_release
 .text.tu_edpt_validate
                0x10006188       0x78 CMakeFiles/temp_nucleo.dir/C_/Program_Files/Raspberry_Pi/Pico_SDK_v1.5.1/pico-sdk/lib/tinyusb/src/tusb.c.obj
                0x10006188                tu_edpt_validate
 .text.tu_edpt_bind_driver
                0x10006200       0x34 CMakeFiles/temp_nucleo.dir/C_/Program_Files/Raspberry_Pi/Pico_SDK_v1.5.1/pico-sdk/lib/tinyusb/src/tusb.c.obj
                0x10006200                tu_edpt_bind_driver
 .text.tu_fifo_config
                0x10006234       0x70 CMakeFiles/temp_nucleo.dir/C_/Program_Files/Raspberry_Pi/Pico_SDK_v1.5.1/pico-sdk/lib/tinyusb/src/common/tusb_fifo.c.obj
                0x10006234                tu_fifo_config
 .text.tu_fifo_count
                0x100062a4       0x2c CMakeFiles/temp_nucleo.dir/C_/Program_Files/Raspberry_Pi/Pico_SDK_v1.5.1/pico-sdk/lib/tinyusb/src/common/tusb_fifo.c.obj
                0x100062a4                tu_fifo_count
 .text.tu_fifo_empty
                0x100062d0       0x10 CMakeFiles/temp_nucleo.dir/C_/Program_Files/Raspberry_Pi/Pico_SDK_v1.5.1/pico-sdk/lib/tinyusb/src/common/tusb_fifo.c.obj
                0x100062d0                tu_fifo_empty
 .text.tu_fifo_remaining
                0x100062e0       0x2c CMakeFiles/temp_nucleo.dir/C_/Program_Files/Raspberry_Pi/Pico_SDK_v1.5.1/pico-sdk/lib/tinyusb/src/common/tusb_fifo.c.obj
                0x100062e0                tu_fifo_remaining
 .text.tu_fifo_read
                0x1000630c       0xa0 CMakeFiles/temp_nucleo.dir/C_/Program_Files/Raspberry_Pi/Pico_SDK_v1.5.1/pico-sdk/lib/tinyusb/src/common/tusb_fifo.c.obj
                0x1000630c                tu_fifo_read
 .text.tu_fifo_read_n
                0x100063ac       0xec CMakeFiles/temp_nucleo.dir/C_/Program_Files/Raspberry_Pi/Pico_SDK_v1.5.1/pico-sdk/lib/tinyusb/src/common/tusb_fifo.c.obj
                0x100063ac                tu_fifo_read_n
 .text.tu_fifo_write
                0x10006498       0x88 CMakeFiles/temp_nucleo.dir/C_/Program_Files/Raspberry_Pi/Pico_SDK_v1.5.1/pico-sdk/lib/tinyusb/src/common/tusb_fifo.c.obj
                0x10006498                tu_fifo_write
 .text.tu_fifo_write_n
                0x10006520      0x168 CMakeFiles/temp_nucleo.dir/C_/Program_Files/Raspberry_Pi/Pico_SDK_v1.5.1/pico-sdk/lib/tinyusb/src/common/tusb_fifo.c.obj
                0x10006520                tu_fifo_write_n
 .text.tu_fifo_clear
                0x10006688       0x40 CMakeFiles/temp_nucleo.dir/C_/Program_Files/Raspberry_Pi/Pico_SDK_v1.5.1/pico-sdk/lib/tinyusb/src/common/tusb_fifo.c.obj
                0x10006688                tu_fifo_clear
 .text.tu_fifo_set_overwritable
                0x100066c8       0x48 CMakeFiles/temp_nucleo.dir/C_/Program_Files/Raspberry_Pi/Pico_SDK_v1.5.1/pico-sdk/lib/tinyusb/src/common/tusb_fifo.c.obj
                0x100066c8                tu_fifo_set_overwritable
 .text.cyw43_arch_set_async_context
                0x10006710        0xc CMakeFiles/temp_nucleo.dir/C_/Program_Files/Raspberry_Pi/Pico_SDK_v1.5.1/pico-sdk/src/rp2_common/pico_cyw43_arch/cyw43_arch.c.obj
                0x10006710                cyw43_arch_set_async_context
 .text.cyw43_arch_async_context
                0x1000671c        0xc CMakeFiles/temp_nucleo.dir/C_/Program_Files/Raspberry_Pi/Pico_SDK_v1.5.1/pico-sdk/src/rp2_common/pico_cyw43_arch/cyw43_arch.c.obj
                0x1000671c                cyw43_arch_async_context
 .text.cyw43_arch_init
                0x10006728       0x6c CMakeFiles/temp_nucleo.dir/C_/Program_Files/Raspberry_Pi/Pico_SDK_v1.5.1/pico-sdk/src/rp2_common/pico_cyw43_arch/cyw43_arch_threadsafe_background.c.obj
                0x10006728                cyw43_arch_init
 .text.cyw43_spi_deinit
                0x10006794       0x7c CMakeFiles/temp_nucleo.dir/C_/Program_Files/Raspberry_Pi/Pico_SDK_v1.5.1/pico-sdk/src/rp2_common/pico_cyw43_driver/cyw43_bus_pio_spi.c.obj
                0x10006794                cyw43_spi_deinit
 .text.cyw43_ll_init
                0x10006810       0x1c CMakeFiles/temp_nucleo.dir/C_/Program_Files/Raspberry_Pi/Pico_SDK_v1.5.1/pico-sdk/lib/cyw43-driver/src/cyw43_ll.c.obj
                0x10006810                cyw43_ll_init
 .text.cyw43_ll_deinit
                0x1000682c        0x8 CMakeFiles/temp_nucleo.dir/C_/Program_Files/Raspberry_Pi/Pico_SDK_v1.5.1/pico-sdk/lib/cyw43-driver/src/cyw43_ll.c.obj
                0x1000682c                cyw43_ll_deinit
 .text.cyw43_init
                0x10006834       0x6c CMakeFiles/temp_nucleo.dir/C_/Program_Files/Raspberry_Pi/Pico_SDK_v1.5.1/pico-sdk/lib/cyw43-driver/src/cyw43_ctrl.c.obj
                0x10006834                cyw43_init
 .text.cyw43_deinit
                0x100068a0       0x90 CMakeFiles/temp_nucleo.dir/C_/Program_Files/Raspberry_Pi/Pico_SDK_v1.5.1/pico-sdk/lib/cyw43-driver/src/cyw43_ctrl.c.obj
                0x100068a0                cyw43_deinit
 .text.pio_sm_unclaim
                0x10006930       0x20 CMakeFiles/temp_nucleo.dir/C_/Program_Files/Raspberry_Pi/Pico_SDK_v1.5.1/pico-sdk/src/rp2_common/hardware_pio/pio.c.obj
                0x10006930                pio_sm_unclaim
 .text.pio_remove_program
                0x10006950       0x34 CMakeFiles/temp_nucleo.dir/C_/Program_Files/Raspberry_Pi/Pico_SDK_v1.5.1/pico-sdk/src/rp2_common/hardware_pio/pio.c.obj
                0x10006950                pio_remove_program
 .text.dma_channel_unclaim
                0x10006984       0x10 CMakeFiles/temp_nucleo.dir/C_/Program_Files/Raspberry_Pi/Pico_SDK_v1.5.1/pico-sdk/src/rp2_common/hardware_dma/dma.c.obj
                0x10006984                dma_channel_unclaim
 .text.dma_channel_cleanup
                0x10006994       0x60 CMakeFiles/temp_nucleo.dir/C_/Program_Files/Raspberry_Pi/Pico_SDK_v1.5.1/pico-sdk/src/rp2_common/hardware_dma/dma.c.obj
                0x10006994                dma_channel_cleanup
 .text.cyw43_sleep_timeout_reached
                0x100069f4       0x10 CMakeFiles/temp_nucleo.dir/C_/Program_Files/Raspberry_Pi/Pico_SDK_v1.5.1/pico-sdk/src/rp2_common/pico_cyw43_driver/cyw43_driver.c.obj
 .text.cyw43_irq_init
                0x10006a04       0x28 CMakeFiles/temp_nucleo.dir/C_/Program_Files/Raspberry_Pi/Pico_SDK_v1.5.1/pico-sdk/src/rp2_common/pico_cyw43_driver/cyw43_driver.c.obj
                0x10006a04                cyw43_irq_init
 .text.cyw43_irq_deinit
                0x10006a2c       0x20 CMakeFiles/temp_nucleo.dir/C_/Program_Files/Raspberry_Pi/Pico_SDK_v1.5.1/pico-sdk/src/rp2_common/pico_cyw43_driver/cyw43_driver.c.obj
                0x10006a2c                cyw43_irq_deinit
 .text.cyw43_gpio_irq_handler
                0x10006a4c       0x44 CMakeFiles/temp_nucleo.dir/C_/Program_Files/Raspberry_Pi/Pico_SDK_v1.5.1/pico-sdk/src/rp2_common/pico_cyw43_driver/cyw43_driver.c.obj
 .text.cyw43_do_poll
                0x10006a90       0x6c CMakeFiles/temp_nucleo.dir/C_/Program_Files/Raspberry_Pi/Pico_SDK_v1.5.1/pico-sdk/src/rp2_common/pico_cyw43_driver/cyw43_driver.c.obj
 .text.cyw43_driver_init
                0x10006afc       0x38 CMakeFiles/temp_nucleo.dir/C_/Program_Files/Raspberry_Pi/Pico_SDK_v1.5.1/pico-sdk/src/rp2_common/pico_cyw43_driver/cyw43_driver.c.obj
                0x10006afc                cyw43_driver_init
 .text.cyw43_driver_deinit
                0x10006b34       0x44 CMakeFiles/temp_nucleo.dir/C_/Program_Files/Raspberry_Pi/Pico_SDK_v1.5.1/pico-sdk/src/rp2_common/pico_cyw43_driver/cyw43_driver.c.obj
                0x10006b34                cyw43_driver_deinit
 .text.cyw43_thread_enter
                0x10006b78       0x14 CMakeFiles/temp_nucleo.dir/C_/Program_Files/Raspberry_Pi/Pico_SDK_v1.5.1/pico-sdk/src/rp2_common/pico_cyw43_driver/cyw43_driver.c.obj
                0x10006b78                cyw43_thread_enter
 .text.cyw43_thread_exit
                0x10006b8c       0x14 CMakeFiles/temp_nucleo.dir/C_/Program_Files/Raspberry_Pi/Pico_SDK_v1.5.1/pico-sdk/src/rp2_common/pico_cyw43_driver/cyw43_driver.c.obj
                0x10006b8c                cyw43_thread_exit
 .text.cyw43_cb_tcpip_deinit
                0x10006ba0        0x4 CMakeFiles/temp_nucleo.dir/C_/Program_Files/Raspberry_Pi/Pico_SDK_v1.5.1/pico-sdk/src/rp2_common/pico_cyw43_driver/cyw43_driver.c.obj
                0x10006ba0                cyw43_cb_tcpip_deinit
 .text.async_context_threadsafe_background_acquire_lock_blocking
                0x10006ba4        0xc CMakeFiles/temp_nucleo.dir/C_/Program_Files/Raspberry_Pi/Pico_SDK_v1.5.1/pico-sdk/src/rp2_common/pico_async_context/async_context_threadsafe_background.c.obj
 .text.alarm_handler
                0x10006bb0       0x20 CMakeFiles/temp_nucleo.dir/C_/Program_Files/Raspberry_Pi/Pico_SDK_v1.5.1/pico-sdk/src/rp2_common/pico_async_context/async_context_threadsafe_background.c.obj
 .text.async_context_threadsafe_background_set_work_pending
                0x10006bd0       0x1c CMakeFiles/temp_nucleo.dir/C_/Program_Files/Raspberry_Pi/Pico_SDK_v1.5.1/pico-sdk/src/rp2_common/pico_async_context/async_context_threadsafe_background.c.obj
 .text.process_under_lock
                0x10006bec       0xc8 CMakeFiles/temp_nucleo.dir/C_/Program_Files/Raspberry_Pi/Pico_SDK_v1.5.1/pico-sdk/src/rp2_common/pico_async_context/async_context_threadsafe_background.c.obj
 .text.async_context_threadsafe_background_execute_sync
                0x10006cb4       0x30 CMakeFiles/temp_nucleo.dir/C_/Program_Files/Raspberry_Pi/Pico_SDK_v1.5.1/pico-sdk/src/rp2_common/pico_async_context/async_context_threadsafe_background.c.obj
                0x10006cb4                async_context_threadsafe_background_execute_sync
 .text.async_context_threadsafe_background_deinit
                0x10006ce4       0x54 CMakeFiles/temp_nucleo.dir/C_/Program_Files/Raspberry_Pi/Pico_SDK_v1.5.1/pico-sdk/src/rp2_common/pico_async_context/async_context_threadsafe_background.c.obj
 .text.low_priority_irq_handler
                0x10006d38       0x3c CMakeFiles/temp_nucleo.dir/C_/Program_Files/Raspberry_Pi/Pico_SDK_v1.5.1/pico-sdk/src/rp2_common/pico_async_context/async_context_threadsafe_background.c.obj
 .text.async_context_threadsafe_background_wait_for_work_until
                0x10006d74        0xc CMakeFiles/temp_nucleo.dir/C_/Program_Files/Raspberry_Pi/Pico_SDK_v1.5.1/pico-sdk/src/rp2_common/pico_async_context/async_context_threadsafe_background.c.obj
 .text.async_context_threadsafe_background_wait_until
                0x10006d80       0x1c CMakeFiles/temp_nucleo.dir/C_/Program_Files/Raspberry_Pi/Pico_SDK_v1.5.1/pico-sdk/src/rp2_common/pico_async_context/async_context_threadsafe_background.c.obj
 .text.async_context_threadsafe_background_lock_check
                0x10006d9c       0x28 CMakeFiles/temp_nucleo.dir/C_/Program_Files/Raspberry_Pi/Pico_SDK_v1.5.1/pico-sdk/src/rp2_common/pico_async_context/async_context_threadsafe_background.c.obj
 .text.async_context_threadsafe_background_release_lock
                0x10006dc4       0x1c CMakeFiles/temp_nucleo.dir/C_/Program_Files/Raspberry_Pi/Pico_SDK_v1.5.1/pico-sdk/src/rp2_common/pico_async_context/async_context_threadsafe_background.c.obj
 .text.async_context_threadsafe_background_when_pending_worker
                0x10006de0       0x34 CMakeFiles/temp_nucleo.dir/C_/Program_Files/Raspberry_Pi/Pico_SDK_v1.5.1/pico-sdk/src/rp2_common/pico_async_context/async_context_threadsafe_background.c.obj
 .text.async_context_threadsafe_background_remove_at_time_worker
                0x10006e14       0x34 CMakeFiles/temp_nucleo.dir/C_/Program_Files/Raspberry_Pi/Pico_SDK_v1.5.1/pico-sdk/src/rp2_common/pico_async_context/async_context_threadsafe_background.c.obj
 .text.async_context_threadsafe_background_add_when_pending_worker
                0x10006e48       0x34 CMakeFiles/temp_nucleo.dir/C_/Program_Files/Raspberry_Pi/Pico_SDK_v1.5.1/pico-sdk/src/rp2_common/pico_async_context/async_context_threadsafe_background.c.obj
 .text.async_context_threadsafe_background_add_at_time_worker
                0x10006e7c       0x34 CMakeFiles/temp_nucleo.dir/C_/Program_Files/Raspberry_Pi/Pico_SDK_v1.5.1/pico-sdk/src/rp2_common/pico_async_context/async_context_threadsafe_background.c.obj
 .text.async_context_threadsafe_background_default_config
                0x10006eb0        0xc CMakeFiles/temp_nucleo.dir/C_/Program_Files/Raspberry_Pi/Pico_SDK_v1.5.1/pico-sdk/src/rp2_common/pico_async_context/async_context_threadsafe_background.c.obj
                0x10006eb0                async_context_threadsafe_background_default_config
 .text.async_context_threadsafe_background_init
                0x10006ebc       0x8c CMakeFiles/temp_nucleo.dir/C_/Program_Files/Raspberry_Pi/Pico_SDK_v1.5.1/pico-sdk/src/rp2_common/pico_async_context/async_context_threadsafe_background.c.obj
                0x10006ebc                async_context_threadsafe_background_init
 .text.async_context_base_add_at_time_worker
                0x10006f48       0x28 CMakeFiles/temp_nucleo.dir/C_/Program_Files/Raspberry_Pi/Pico_SDK_v1.5.1/pico-sdk/src/rp2_common/pico_async_context/async_context_base.c.obj
                0x10006f48                async_context_base_add_at_time_worker
 .text.async_context_base_remove_at_time_worker
                0x10006f70       0x28 CMakeFiles/temp_nucleo.dir/C_/Program_Files/Raspberry_Pi/Pico_SDK_v1.5.1/pico-sdk/src/rp2_common/pico_async_context/async_context_base.c.obj
                0x10006f70                async_context_base_remove_at_time_worker
 .text.async_context_base_add_when_pending_worker
                0x10006f98       0x24 CMakeFiles/temp_nucleo.dir/C_/Program_Files/Raspberry_Pi/Pico_SDK_v1.5.1/pico-sdk/src/rp2_common/pico_async_context/async_context_base.c.obj
                0x10006f98                async_context_base_add_when_pending_worker
 .text.async_context_base_remove_when_pending_worker
                0x10006fbc       0x28 CMakeFiles/temp_nucleo.dir/C_/Program_Files/Raspberry_Pi/Pico_SDK_v1.5.1/pico-sdk/src/rp2_common/pico_async_context/async_context_base.c.obj
                0x10006fbc                async_context_base_remove_when_pending_worker
 .text.async_context_base_execute_once
                0x10006fe4       0xe8 CMakeFiles/temp_nucleo.dir/C_/Program_Files/Raspberry_Pi/Pico_SDK_v1.5.1/pico-sdk/src/rp2_common/pico_async_context/async_context_base.c.obj
                0x10006fe4                async_context_base_execute_once
 .text.adc_init
                0x100070cc       0x38 CMakeFiles/temp_nucleo.dir/C_/Program_Files/Raspberry_Pi/Pico_SDK_v1.5.1/pico-sdk/src/rp2_common/hardware_adc/adc.c.obj
                0x100070cc                adc_init
 .text.strlen   0x10007104       0x5c c:/progra~1/raspbe~1/picosd~1.1/gcc-ar~1/bin/../lib/gcc/arm-none-eabi/10.3.1/../../../../arm-none-eabi/lib/thumb/v6-m/nofp\libc.a(lib_a-strlen-stub.o)
                0x10007104                strlen
 *(.fini)
 .fini          0x10007160        0x4 c:/progra~1/raspbe~1/picosd~1.1/gcc-ar~1/bin/../lib/gcc/arm-none-eabi/10.3.1/thumb/v6-m/nofp/crti.o
                0x10007160                _fini
 *fill*         0x10007164        0x4 
 .fini.__stub   0x10007168      0x120 linker stubs
 *crtbegin.o(.ctors)
 *crtbegin?.o(.ctors)
 *(EXCLUDE_FILE(*crtend.o *crtend?.o) .ctors)
 *(SORT_BY_NAME(.ctors.*))
 *(.ctors)
 *crtbegin.o(.dtors)
 *crtbegin?.o(.dtors)
 *(EXCLUDE_FILE(*crtend.o *crtend?.o) .dtors)
 *(SORT_BY_NAME(.dtors.*))
 *(.dtors)
 *(.eh_frame*)
 .eh_frame      0x10007288        0x0 c:/progra~1/raspbe~1/picosd~1.1/gcc-ar~1/bin/../lib/gcc/arm-none-eabi/10.3.1/thumb/v6-m/nofp/crtbegin.o
                0x10007288                . = ALIGN (0x4)

.glue_7         0x10007288        0x0
 .glue_7        0x10007288        0x0 linker stubs

.glue_7t        0x10007288        0x0
 .glue_7t       0x10007288        0x0 linker stubs

.vfp11_veneer   0x10007288        0x0
 .vfp11_veneer  0x10007288        0x0 linker stubs

.v4_bx          0x10007288        0x0
 .v4_bx         0x10007288        0x0 linker stubs

.iplt           0x10007288        0x0
 .iplt          0x10007288        0x0 c:/progra~1/raspbe~1/picosd~1.1/gcc-ar~1/bin/../lib/gcc/arm-none-eabi/10.3.1/thumb/v6-m/nofp/crtbegin.o

.rodata         0x10007288      0x5c4
 *(EXCLUDE_FILE(*libm.a: *libc.a:*lib_a-mem*.o *libgcc.a:) .rodata*)
 .rodata.per_timer_callback.str1.4
                0x10007288       0x16 CMakeFiles/temp_nucleo.dir/main.c.obj
 *fill*         0x1000729e        0x2 
 .rodata.main.str1.4
                0x100072a0        0x8 CMakeFiles/temp_nucleo.dir/main.c.obj
 .rodata.spin_lock_claim_unused.str1.4
                0x100072a8       0x1b CMakeFiles/temp_nucleo.dir/C_/Program_Files/Raspberry_Pi/Pico_SDK_v1.5.1/pico-sdk/src/rp2_common/hardware_sync/sync.c.obj
 *fill*         0x100072c3        0x1 
 .rodata.user_irq_claim_unused.str1.4
                0x100072c4       0x1b CMakeFiles/temp_nucleo.dir/C_/Program_Files/Raspberry_Pi/Pico_SDK_v1.5.1/pico-sdk/src/rp2_common/hardware_irq/irq.c.obj
 *fill*         0x100072df        0x1 
 .rodata.at_the_end_of_time
                0x100072e0        0x8 CMakeFiles/temp_nucleo.dir/C_/Program_Files/Raspberry_Pi/Pico_SDK_v1.5.1/pico-sdk/src/common/pico_time/time.c.obj
                0x100072e0                at_the_end_of_time
 .rodata.hardware_alarm_claim.str1.4
                0x100072e8       0x22 CMakeFiles/temp_nucleo.dir/C_/Program_Files/Raspberry_Pi/Pico_SDK_v1.5.1/pico-sdk/src/rp2_common/hardware_timer/timer.c.obj
 *fill*         0x1000730a        0x2 
 .rodata.panic.str1.4
                0x1000730c       0x10 CMakeFiles/temp_nucleo.dir/C_/Program_Files/Raspberry_Pi/Pico_SDK_v1.5.1/pico-sdk/src/rp2_common/pico_runtime/runtime.c.obj
                                 0x12 (size before relaxing)
 .rodata.hard_assertion_failure.str1.4
                0x1000731c        0xc CMakeFiles/temp_nucleo.dir/C_/Program_Files/Raspberry_Pi/Pico_SDK_v1.5.1/pico-sdk/src/rp2_common/pico_runtime/runtime.c.obj
 .rodata._ftoa.str1.4
                0x10007328       0x15 CMakeFiles/temp_nucleo.dir/C_/Program_Files/Raspberry_Pi/Pico_SDK_v1.5.1/pico-sdk/src/rp2_common/pico_printf/printf.c.obj
 *fill*         0x1000733d        0x3 
 .rodata._vsnprintf
                0x10007340      0x1e0 CMakeFiles/temp_nucleo.dir/C_/Program_Files/Raspberry_Pi/Pico_SDK_v1.5.1/pico-sdk/src/rp2_common/pico_printf/printf.c.obj
 .rodata.pow10.0
                0x10007520       0x50 CMakeFiles/temp_nucleo.dir/C_/Program_Files/Raspberry_Pi/Pico_SDK_v1.5.1/pico-sdk/src/rp2_common/pico_printf/printf.c.obj
 .rodata.missing_double_func_shim.str1.4
                0x10007570       0x18 CMakeFiles/temp_nucleo.dir/C_/Program_Files/Raspberry_Pi/Pico_SDK_v1.5.1/pico-sdk/src/rp2_common/pico_double/double_init_rom.c.obj
 .rodata.missing_float_func_shim.str1.4
                0x10007588       0x18 CMakeFiles/temp_nucleo.dir/C_/Program_Files/Raspberry_Pi/Pico_SDK_v1.5.1/pico-sdk/src/rp2_common/pico_float/float_init_rom.c.obj
                                  0x1 (size before relaxing)
 .rodata.str1.4
                0x10007588       0x40 CMakeFiles/temp_nucleo.dir/C_/Program_Files/Raspberry_Pi/Pico_SDK_v1.5.1/pico-sdk/src/rp2_common/pico_standard_link/binary_info.c.obj
 .rodata.__bi_44
                0x100075c8        0xc CMakeFiles/temp_nucleo.dir/C_/Program_Files/Raspberry_Pi/Pico_SDK_v1.5.1/pico-sdk/src/rp2_common/pico_standard_link/binary_info.c.obj
 .rodata.__bi_75
                0x100075d4        0xc CMakeFiles/temp_nucleo.dir/C_/Program_Files/Raspberry_Pi/Pico_SDK_v1.5.1/pico-sdk/src/rp2_common/pico_standard_link/binary_info.c.obj
 .rodata.__bi_81
                0x100075e0        0xc CMakeFiles/temp_nucleo.dir/C_/Program_Files/Raspberry_Pi/Pico_SDK_v1.5.1/pico-sdk/src/rp2_common/pico_standard_link/binary_info.c.obj
 .rodata.crlf_str.0
                0x100075ec        0x2 CMakeFiles/temp_nucleo.dir/C_/Program_Files/Raspberry_Pi/Pico_SDK_v1.5.1/pico-sdk/src/rp2_common/pico_stdio/stdio.c.obj
 *fill*         0x100075ee        0x2 
 .rodata._resetd_driver
                0x100075f0       0x18 CMakeFiles/temp_nucleo.dir/C_/Program_Files/Raspberry_Pi/Pico_SDK_v1.5.1/pico-sdk/src/rp2_common/pico_stdio_usb/reset_interface.c.obj
 .rodata.str1.4
                0x10007608       0x13 CMakeFiles/temp_nucleo.dir/C_/Program_Files/Raspberry_Pi/Pico_SDK_v1.5.1/pico-sdk/src/rp2_common/pico_stdio_usb/stdio_usb.c.obj
 *fill*         0x1000761b        0x1 
 .rodata.__bi_182.0
                0x1000761c        0xc CMakeFiles/temp_nucleo.dir/C_/Program_Files/Raspberry_Pi/Pico_SDK_v1.5.1/pico-sdk/src/rp2_common/pico_stdio_usb/stdio_usb.c.obj
 .rodata.str1.4
                0x10007628       0x2a CMakeFiles/temp_nucleo.dir/C_/Program_Files/Raspberry_Pi/Pico_SDK_v1.5.1/pico-sdk/src/rp2_common/pico_stdio_usb/stdio_usb_descriptors.c.obj
 *fill*         0x10007652        0x2 
 .rodata.usbd_desc_cfg
                0x10007654       0x54 CMakeFiles/temp_nucleo.dir/C_/Program_Files/Raspberry_Pi/Pico_SDK_v1.5.1/pico-sdk/src/rp2_common/pico_stdio_usb/stdio_usb_descriptors.c.obj
 .rodata.usbd_desc_device
                0x100076a8       0x12 CMakeFiles/temp_nucleo.dir/C_/Program_Files/Raspberry_Pi/Pico_SDK_v1.5.1/pico-sdk/src/rp2_common/pico_stdio_usb/stdio_usb_descriptors.c.obj
 *fill*         0x100076ba        0x2 
 .rodata.usbd_desc_str
                0x100076bc       0x18 CMakeFiles/temp_nucleo.dir/C_/Program_Files/Raspberry_Pi/Pico_SDK_v1.5.1/pico-sdk/src/rp2_common/pico_stdio_usb/stdio_usb_descriptors.c.obj
 .rodata.str1.4
                0x100076d4       0x14 CMakeFiles/temp_nucleo.dir/C_/Program_Files/Raspberry_Pi/Pico_SDK_v1.5.1/pico-sdk/lib/tinyusb/src/portable/raspberrypi/rp2040/dcd_rp2040.c.obj
 .rodata.str1.4
                0x100076e8       0x53 CMakeFiles/temp_nucleo.dir/C_/Program_Files/Raspberry_Pi/Pico_SDK_v1.5.1/pico-sdk/lib/tinyusb/src/portable/raspberrypi/rp2040/rp2040_usb.c.obj
 *fill*         0x1000773b        0x1 
 .rodata.tud_task_ext
                0x1000773c       0x8c CMakeFiles/temp_nucleo.dir/C_/Program_Files/Raspberry_Pi/Pico_SDK_v1.5.1/pico-sdk/lib/tinyusb/src/device/usbd.c.obj
 .rodata._usbd_driver
                0x100077c8       0x18 CMakeFiles/temp_nucleo.dir/C_/Program_Files/Raspberry_Pi/Pico_SDK_v1.5.1/pico-sdk/lib/tinyusb/src/device/usbd.c.obj
 .rodata.spi_gap01_sample0_program
                0x100077e0        0x6 CMakeFiles/temp_nucleo.dir/C_/Program_Files/Raspberry_Pi/Pico_SDK_v1.5.1/pico-sdk/src/rp2_common/pico_cyw43_driver/cyw43_bus_pio_spi.c.obj
 *fill*         0x100077e6        0x2 
 .rodata.spi_gap01_sample0_program_instructions
                0x100077e8        0xc CMakeFiles/temp_nucleo.dir/C_/Program_Files/Raspberry_Pi/Pico_SDK_v1.5.1/pico-sdk/src/rp2_common/pico_cyw43_driver/cyw43_bus_pio_spi.c.obj
 .rodata.async_context_threadsafe_background_lock_check.str1.4
                0x100077f4       0x20 CMakeFiles/temp_nucleo.dir/C_/Program_Files/Raspberry_Pi/Pico_SDK_v1.5.1/pico-sdk/src/rp2_common/pico_async_context/async_context_threadsafe_background.c.obj
 .rodata.template
                0x10007814       0x38 CMakeFiles/temp_nucleo.dir/C_/Program_Files/Raspberry_Pi/Pico_SDK_v1.5.1/pico-sdk/src/rp2_common/pico_async_context/async_context_threadsafe_background.c.obj
                0x1000784c                . = ALIGN (0x4)
 *(SORT_BY_ALIGNMENT(SORT_BY_NAME(.flashdata*)))
                0x1000784c                . = ALIGN (0x4)

.ARM.extab
 *(.ARM.extab* .gnu.linkonce.armextab.*)
                0x1000784c                __exidx_start = .

.ARM.exidx
 *(.ARM.exidx* .gnu.linkonce.armexidx.*)
                0x1000784c                __exidx_end = .
                0x1000784c                . = ALIGN (0x4)
                0x1000784c                __binary_info_start = .

.binary_info    0x1000784c       0x20
 *(.binary_info.keep.*)
 .binary_info.keep.__bi_ptr22
                0x1000784c        0x4 CMakeFiles/temp_nucleo.dir/C_/Program_Files/Raspberry_Pi/Pico_SDK_v1.5.1/pico-sdk/src/rp2_common/pico_standard_link/binary_info.c.obj
 .binary_info.keep.__bi_ptr30
                0x10007850        0x4 CMakeFiles/temp_nucleo.dir/C_/Program_Files/Raspberry_Pi/Pico_SDK_v1.5.1/pico-sdk/src/rp2_common/pico_standard_link/binary_info.c.obj
 .binary_info.keep.__bi_ptr38
                0x10007854        0x4 CMakeFiles/temp_nucleo.dir/C_/Program_Files/Raspberry_Pi/Pico_SDK_v1.5.1/pico-sdk/src/rp2_common/pico_standard_link/binary_info.c.obj
 .binary_info.keep.__bi_ptr44
                0x10007858        0x4 CMakeFiles/temp_nucleo.dir/C_/Program_Files/Raspberry_Pi/Pico_SDK_v1.5.1/pico-sdk/src/rp2_common/pico_standard_link/binary_info.c.obj
 .binary_info.keep.__bi_ptr50
                0x1000785c        0x4 CMakeFiles/temp_nucleo.dir/C_/Program_Files/Raspberry_Pi/Pico_SDK_v1.5.1/pico-sdk/src/rp2_common/pico_standard_link/binary_info.c.obj
 .binary_info.keep.__bi_ptr75
                0x10007860        0x4 CMakeFiles/temp_nucleo.dir/C_/Program_Files/Raspberry_Pi/Pico_SDK_v1.5.1/pico-sdk/src/rp2_common/pico_standard_link/binary_info.c.obj
 .binary_info.keep.__bi_ptr81
                0x10007864        0x4 CMakeFiles/temp_nucleo.dir/C_/Program_Files/Raspberry_Pi/Pico_SDK_v1.5.1/pico-sdk/src/rp2_common/pico_standard_link/binary_info.c.obj
 *(.binary_info.*)
 .binary_info.__bi_ptr182
                0x10007868        0x4 CMakeFiles/temp_nucleo.dir/C_/Program_Files/Raspberry_Pi/Pico_SDK_v1.5.1/pico-sdk/src/rp2_common/pico_stdio_usb/stdio_usb.c.obj
                0x1000786c                __binary_info_end = .

.rel.dyn        0x1000786c        0x0
 .rel.iplt      0x1000786c        0x0 c:/progra~1/raspbe~1/picosd~1.1/gcc-ar~1/bin/../lib/gcc/arm-none-eabi/10.3.1/thumb/v6-m/nofp/crtbegin.o
                0x1000786c                . = ALIGN (0x4)

.ram_vector_table
                0x20000000       0xc0
 *(.ram_vector_table)
 .ram_vector_table
                0x20000000       0xc0 CMakeFiles/temp_nucleo.dir/C_/Program_Files/Raspberry_Pi/Pico_SDK_v1.5.1/pico-sdk/src/rp2_common/pico_runtime/runtime.c.obj
                0x20000000                ram_vector_table

.data           0x200000c0     0x1018 load address 0x1000786c
                0x200000c0                __data_start__ = .
 *(vtable)
 *(.time_critical*)
 .time_critical.sem_acquire_block_until
                0x200000c0       0x68 CMakeFiles/temp_nucleo.dir/C_/Program_Files/Raspberry_Pi/Pico_SDK_v1.5.1/pico-sdk/src/common/pico_sync/sem.c.obj
                0x200000c0                sem_acquire_block_until
 .time_critical.sem_release
                0x20000128       0x4c CMakeFiles/temp_nucleo.dir/C_/Program_Files/Raspberry_Pi/Pico_SDK_v1.5.1/pico-sdk/src/common/pico_sync/sem.c.obj
                0x20000128                sem_release
 .time_critical.recursive_mutex_enter_blocking
                0x20000174       0x54 CMakeFiles/temp_nucleo.dir/C_/Program_Files/Raspberry_Pi/Pico_SDK_v1.5.1/pico-sdk/src/common/pico_sync/mutex.c.obj
                0x20000174                recursive_mutex_enter_blocking
 .time_critical.mutex_try_enter
                0x200001c8       0x44 CMakeFiles/temp_nucleo.dir/C_/Program_Files/Raspberry_Pi/Pico_SDK_v1.5.1/pico-sdk/src/common/pico_sync/mutex.c.obj
                0x200001c8                mutex_try_enter
 .time_critical.mutex_try_enter_block_until
                0x2000020c       0x9c CMakeFiles/temp_nucleo.dir/C_/Program_Files/Raspberry_Pi/Pico_SDK_v1.5.1/pico-sdk/src/common/pico_sync/mutex.c.obj
                0x2000020c                mutex_try_enter_block_until
 .time_critical.recursive_mutex_try_enter
                0x200002a8       0x54 CMakeFiles/temp_nucleo.dir/C_/Program_Files/Raspberry_Pi/Pico_SDK_v1.5.1/pico-sdk/src/common/pico_sync/mutex.c.obj
                0x200002a8                recursive_mutex_try_enter
 .time_critical.mutex_enter_timeout_ms
                0x200002fc       0x90 CMakeFiles/temp_nucleo.dir/C_/Program_Files/Raspberry_Pi/Pico_SDK_v1.5.1/pico-sdk/src/common/pico_sync/mutex.c.obj
                0x200002fc                mutex_enter_timeout_ms
 .time_critical.mutex_exit
                0x2000038c       0x28 CMakeFiles/temp_nucleo.dir/C_/Program_Files/Raspberry_Pi/Pico_SDK_v1.5.1/pico-sdk/src/common/pico_sync/mutex.c.obj
                0x2000038c                mutex_exit
 .time_critical.recursive_mutex_exit
                0x200003b4       0x44 CMakeFiles/temp_nucleo.dir/C_/Program_Files/Raspberry_Pi/Pico_SDK_v1.5.1/pico-sdk/src/common/pico_sync/mutex.c.obj
                0x200003b4                recursive_mutex_exit
 .time_critical.flash_init_boot2_copyout
                0x200003f8       0x30 CMakeFiles/temp_nucleo.dir/C_/Program_Files/Raspberry_Pi/Pico_SDK_v1.5.1/pico-sdk/src/rp2_common/hardware_flash/flash.c.obj
 .time_critical.flash_enable_xip_via_boot2
                0x20000428       0x10 CMakeFiles/temp_nucleo.dir/C_/Program_Files/Raspberry_Pi/Pico_SDK_v1.5.1/pico-sdk/src/rp2_common/hardware_flash/flash.c.obj
 .time_critical.flash_cs_force
                0x20000438       0x38 CMakeFiles/temp_nucleo.dir/C_/Program_Files/Raspberry_Pi/Pico_SDK_v1.5.1/pico-sdk/src/rp2_common/hardware_flash/flash.c.obj
 .time_critical.flash_do_cmd
                0x20000470       0xc4 CMakeFiles/temp_nucleo.dir/C_/Program_Files/Raspberry_Pi/Pico_SDK_v1.5.1/pico-sdk/src/rp2_common/hardware_flash/flash.c.obj
                0x20000470                flash_do_cmd
 .time_critical.reset_non_control_endpoints
                0x20000534       0xbc CMakeFiles/temp_nucleo.dir/C_/Program_Files/Raspberry_Pi/Pico_SDK_v1.5.1/pico-sdk/lib/tinyusb/src/portable/raspberrypi/rp2040/dcd_rp2040.c.obj
 .time_critical.hw_handle_buff_status
                0x200005f0       0xa8 CMakeFiles/temp_nucleo.dir/C_/Program_Files/Raspberry_Pi/Pico_SDK_v1.5.1/pico-sdk/lib/tinyusb/src/portable/raspberrypi/rp2040/dcd_rp2040.c.obj
 .time_critical.dcd_rp2040_irq
                0x20000698      0x4d8 CMakeFiles/temp_nucleo.dir/C_/Program_Files/Raspberry_Pi/Pico_SDK_v1.5.1/pico-sdk/lib/tinyusb/src/portable/raspberrypi/rp2040/dcd_rp2040.c.obj
 .time_critical.e15_is_bulkin_ep
                0x20000b70       0x28 CMakeFiles/temp_nucleo.dir/C_/Program_Files/Raspberry_Pi/Pico_SDK_v1.5.1/pico-sdk/lib/tinyusb/src/portable/raspberrypi/rp2040/rp2040_usb.c.obj
 .time_critical.e15_is_critical_frame_period
                0x20000b98       0x34 CMakeFiles/temp_nucleo.dir/C_/Program_Files/Raspberry_Pi/Pico_SDK_v1.5.1/pico-sdk/lib/tinyusb/src/portable/raspberrypi/rp2040/rp2040_usb.c.obj
 .time_critical.prepare_ep_buffer
                0x20000bcc       0x70 CMakeFiles/temp_nucleo.dir/C_/Program_Files/Raspberry_Pi/Pico_SDK_v1.5.1/pico-sdk/lib/tinyusb/src/portable/raspberrypi/rp2040/rp2040_usb.c.obj
 .time_critical.sync_ep_buffer
                0x20000c3c       0x4c CMakeFiles/temp_nucleo.dir/C_/Program_Files/Raspberry_Pi/Pico_SDK_v1.5.1/pico-sdk/lib/tinyusb/src/portable/raspberrypi/rp2040/rp2040_usb.c.obj
 .time_critical._hw_endpoint_xfer_sync
                0x20000c88       0x28 CMakeFiles/temp_nucleo.dir/C_/Program_Files/Raspberry_Pi/Pico_SDK_v1.5.1/pico-sdk/lib/tinyusb/src/portable/raspberrypi/rp2040/rp2040_usb.c.obj
 .time_critical.hw_endpoint_reset_transfer
                0x20000cb0        0xc CMakeFiles/temp_nucleo.dir/C_/Program_Files/Raspberry_Pi/Pico_SDK_v1.5.1/pico-sdk/lib/tinyusb/src/portable/raspberrypi/rp2040/rp2040_usb.c.obj
                0x20000cb0                hw_endpoint_reset_transfer
 .time_critical._hw_endpoint_buffer_control_update32
                0x20000cbc       0x58 CMakeFiles/temp_nucleo.dir/C_/Program_Files/Raspberry_Pi/Pico_SDK_v1.5.1/pico-sdk/lib/tinyusb/src/portable/raspberrypi/rp2040/rp2040_usb.c.obj
                0x20000cbc                _hw_endpoint_buffer_control_update32
 .time_critical.hw_endpoint_start_next_buffer
                0x20000d14       0x6c CMakeFiles/temp_nucleo.dir/C_/Program_Files/Raspberry_Pi/Pico_SDK_v1.5.1/pico-sdk/lib/tinyusb/src/portable/raspberrypi/rp2040/rp2040_usb.c.obj
                0x20000d14                hw_endpoint_start_next_buffer
 .time_critical.hw_endpoint_xfer_continue
                0x20000d80       0x50 CMakeFiles/temp_nucleo.dir/C_/Program_Files/Raspberry_Pi/Pico_SDK_v1.5.1/pico-sdk/lib/tinyusb/src/portable/raspberrypi/rp2040/rp2040_usb.c.obj
                0x20000d80                hw_endpoint_xfer_continue
 .time_critical.tinyusb
                0x20000dd0      0x170 CMakeFiles/temp_nucleo.dir/C_/Program_Files/Raspberry_Pi/Pico_SDK_v1.5.1/pico-sdk/lib/tinyusb/src/device/usbd.c.obj
                0x20000dd0                dcd_event_handler
 *(.text*)
 .text          0x20000f40        0x4 c:/progra~1/raspbe~1/picosd~1.1/gcc-ar~1/bin/../lib/gcc/arm-none-eabi/10.3.1/thumb/v6-m/nofp\libgcc.a(_dvmd_tls.o)
                0x20000f40                __aeabi_idiv0
                0x20000f40                __aeabi_ldiv0
 *fill*         0x20000f44        0x4 
 .text.__stub   0x20000f48       0x70 linker stubs
                0x20000fb8                . = ALIGN (0x4)
 *(.rodata*)
                0x20000fb8                . = ALIGN (0x4)
 *(.data*)
 .data.striped_spin_lock_num
                0x20000fb8        0x1 CMakeFiles/temp_nucleo.dir/C_/Program_Files/Raspberry_Pi/Pico_SDK_v1.5.1/pico-sdk/src/rp2_common/hardware_sync/sync.c.obj
 *fill*         0x20000fb9        0x3 
 .data          0x20000fbc       0x48 CMakeFiles/temp_nucleo.dir/C_/Program_Files/Raspberry_Pi/Pico_SDK_v1.5.1/pico-sdk/src/rp2_common/hardware_irq/irq_handler_chain.S.obj
                0x20000fbc                irq_handler_chain_slots
                0x20000fec                irq_handler_chain_first_slot
                0x20000ff6                irq_handler_chain_remove_tail
 .data.default_alarm_pool
                0x20001004       0x18 CMakeFiles/temp_nucleo.dir/C_/Program_Files/Raspberry_Pi/Pico_SDK_v1.5.1/pico-sdk/src/common/pico_time/time.c.obj
 .data.default_alarm_pool_heap
                0x2000101c       0x10 CMakeFiles/temp_nucleo.dir/C_/Program_Files/Raspberry_Pi/Pico_SDK_v1.5.1/pico-sdk/src/common/pico_time/time.c.obj
 *fill*         0x2000102c        0x4 
 .data.aeabi_bits_funcs
                0x20001030       0x10 CMakeFiles/temp_nucleo.dir/C_/Program_Files/Raspberry_Pi/Pico_SDK_v1.5.1/pico-sdk/src/rp2_common/pico_bit_ops/bit_ops_aeabi.S.obj
                0x20001030                aeabi_bits_funcs
                0x20001040                aeabi_bits_funcs_end
 .data.aeabi_mem_funcs
                0x20001040       0x10 CMakeFiles/temp_nucleo.dir/C_/Program_Files/Raspberry_Pi/Pico_SDK_v1.5.1/pico-sdk/src/rp2_common/pico_mem_ops/mem_ops_aeabi.S.obj
                0x20001040                aeabi_mem_funcs
                0x20001050                aeabi_mem_funcs_end
 .data.stdio_usb
                0x20001050       0x18 CMakeFiles/temp_nucleo.dir/C_/Program_Files/Raspberry_Pi/Pico_SDK_v1.5.1/pico-sdk/src/rp2_common/pico_stdio_usb/stdio_usb.c.obj
                0x20001050                stdio_usb
 .data.ep_dir_string
                0x20001068        0x8 CMakeFiles/temp_nucleo.dir/C_/Program_Files/Raspberry_Pi/Pico_SDK_v1.5.1/pico-sdk/lib/tinyusb/src/portable/raspberrypi/rp2040/rp2040_usb.c.obj
                0x20001068                ep_dir_string
 .data._usbd_qdef
                0x20001070       0x1c CMakeFiles/temp_nucleo.dir/C_/Program_Files/Raspberry_Pi/Pico_SDK_v1.5.1/pico-sdk/lib/tinyusb/src/device/usbd.c.obj
                0x20001070                _usbd_qdef
 .data._usbd_rhport
                0x2000108c        0x1 CMakeFiles/temp_nucleo.dir/C_/Program_Files/Raspberry_Pi/Pico_SDK_v1.5.1/pico-sdk/lib/tinyusb/src/device/usbd.c.obj
 *fill*         0x2000108d        0x3 
 .data.cyw43_poll_worker
                0x20001090       0x10 CMakeFiles/temp_nucleo.dir/C_/Program_Files/Raspberry_Pi/Pico_SDK_v1.5.1/pico-sdk/src/rp2_common/pico_cyw43_driver/cyw43_driver.c.obj
 .data.sleep_timeout_worker
                0x200010a0       0x18 CMakeFiles/temp_nucleo.dir/C_/Program_Files/Raspberry_Pi/Pico_SDK_v1.5.1/pico-sdk/src/rp2_common/pico_cyw43_driver/cyw43_driver.c.obj
                0x200010b8                . = ALIGN (0x4)
 *(.after_data.*)
                0x200010b8                . = ALIGN (0x4)
                0x200010b8                PROVIDE (__mutex_array_start = .)
 *(SORT_BY_NAME(.mutex_array.*))
 *(.mutex_array)
 .mutex_array   0x200010b8        0x8 CMakeFiles/temp_nucleo.dir/C_/Program_Files/Raspberry_Pi/Pico_SDK_v1.5.1/pico-sdk/src/rp2_common/pico_stdio/stdio.c.obj
                0x200010c0                PROVIDE (__mutex_array_end = .)
                0x200010c0                . = ALIGN (0x4)
                0x200010c0                PROVIDE (__preinit_array_start = .)
 *(SORT_BY_NAME(.preinit_array.*))
 .preinit_array.00001
                0x200010c0        0x4 CMakeFiles/temp_nucleo.dir/C_/Program_Files/Raspberry_Pi/Pico_SDK_v1.5.1/pico-sdk/src/rp2_common/pico_mem_ops/mem_ops_aeabi.S.obj
 .preinit_array.00010
                0x200010c4        0x4 CMakeFiles/temp_nucleo.dir/C_/Program_Files/Raspberry_Pi/Pico_SDK_v1.5.1/pico-sdk/src/rp2_common/pico_bit_ops/bit_ops_aeabi.S.obj
 .preinit_array.00020
                0x200010c8        0x4 CMakeFiles/temp_nucleo.dir/C_/Program_Files/Raspberry_Pi/Pico_SDK_v1.5.1/pico-sdk/src/rp2_common/pico_double/double_aeabi.S.obj
 .preinit_array.00020
                0x200010cc        0x4 CMakeFiles/temp_nucleo.dir/C_/Program_Files/Raspberry_Pi/Pico_SDK_v1.5.1/pico-sdk/src/rp2_common/pico_float/float_aeabi.S.obj
 *(.preinit_array)
                0x200010d0                PROVIDE (__preinit_array_end = .)
                0x200010d0                . = ALIGN (0x4)
                0x200010d0                PROVIDE (__init_array_start = .)
 *(SORT_BY_NAME(.init_array.*))
 *(.init_array)
 .init_array    0x200010d0        0x4 c:/progra~1/raspbe~1/picosd~1.1/gcc-ar~1/bin/../lib/gcc/arm-none-eabi/10.3.1/thumb/v6-m/nofp/crtbegin.o
 .init_array    0x200010d4        0x4 CMakeFiles/temp_nucleo.dir/C_/Program_Files/Raspberry_Pi/Pico_SDK_v1.5.1/pico-sdk/src/rp2_common/pico_unique_id/unique_id.c.obj
                0x200010d8                PROVIDE (__init_array_end = .)
                0x200010d8                . = ALIGN (0x4)
                [!provide]                PROVIDE (__fini_array_start = .)
 *(SORT_BY_NAME(.fini_array.*))
 *(.fini_array)
                [!provide]                PROVIDE (__fini_array_end = .)
 *(.jcr)
                0x200010d8                . = ALIGN (0x4)
                0x200010d8                __data_end__ = .
                0x1000786c                __etext = LOADADDR (.data)

.igot.plt       0x200010d8        0x0 load address 0x10008884
 .igot.plt      0x200010d8        0x0 c:/progra~1/raspbe~1/picosd~1.1/gcc-ar~1/bin/../lib/gcc/arm-none-eabi/10.3.1/thumb/v6-m/nofp/crtbegin.o

.uninitialized_data
                0x200010d8        0x0 load address 0x10008884
                0x200010d8                . = ALIGN (0x4)
 *(.uninitialized_data*)

.scratch_x      0x20040000        0x0 load address 0x10008884
                0x20040000                __scratch_x_start__ = .
 *(.scratch_x.*)
                0x20040000                . = ALIGN (0x4)
                0x20040000                __scratch_x_end__ = .
                0x10008884                __scratch_x_source__ = LOADADDR (.scratch_x)

.scratch_y      0x20041000        0x0 load address 0x10008884
                0x20041000                __scratch_y_start__ = .
 *(.scratch_y.*)
                0x20041000                . = ALIGN (0x4)
                0x20041000                __scratch_y_end__ = .
                0x10008884                __scratch_y_source__ = LOADADDR (.scratch_y)

.bss            0x200010d8     0x16f8
                0x200010d8                . = ALIGN (0x4)
                0x200010d8                __bss_start__ = .
 *(SORT_BY_ALIGNMENT(SORT_BY_NAME(.bss*)))
 .bss.cyw43_async_context_threadsafe_background
                0x200010d8       0x48 CMakeFiles/temp_nucleo.dir/C_/Program_Files/Raspberry_Pi/Pico_SDK_v1.5.1/pico-sdk/src/rp2_common/pico_cyw43_arch/cyw43_arch_threadsafe_background.c.obj
 .bss.default_alarm_pool_entries
                0x20001120      0x100 CMakeFiles/temp_nucleo.dir/C_/Program_Files/Raspberry_Pi/Pico_SDK_v1.5.1/pico-sdk/src/common/pico_time/time.c.obj
 .bss.last_avail_time.1
                0x20001220        0x8 CMakeFiles/temp_nucleo.dir/C_/Program_Files/Raspberry_Pi/Pico_SDK_v1.5.1/pico-sdk/src/rp2_common/pico_stdio_usb/stdio_usb.c.obj
 .bss.sd_table  0x20001228      0x100 CMakeFiles/temp_nucleo.dir/C_/Program_Files/Raspberry_Pi/Pico_SDK_v1.5.1/pico-sdk/src/rp2_common/pico_double/double_init_rom.c.obj
                0x20001228                sd_table
 .bss           0x20001328       0x1c c:/progra~1/raspbe~1/picosd~1.1/gcc-ar~1/bin/../lib/gcc/arm-none-eabi/10.3.1/thumb/v6-m/nofp/crtbegin.o
 .bss._app_driver
                0x20001344        0x4 CMakeFiles/temp_nucleo.dir/C_/Program_Files/Raspberry_Pi/Pico_SDK_v1.5.1/pico-sdk/lib/tinyusb/src/device/usbd.c.obj
 .bss._cdcd_itf
                0x20001348      0x2c8 CMakeFiles/temp_nucleo.dir/C_/Program_Files/Raspberry_Pi/Pico_SDK_v1.5.1/pico-sdk/lib/tinyusb/src/class/cdc/cdc_device.c.obj
 .bss._ctrl_xfer
                0x20001610       0x14 CMakeFiles/temp_nucleo.dir/C_/Program_Files/Raspberry_Pi/Pico_SDK_v1.5.1/pico-sdk/lib/tinyusb/src/device/usbd_control.c.obj
 .bss._ubsd_mutexdef
                0x20001624        0x8 CMakeFiles/temp_nucleo.dir/C_/Program_Files/Raspberry_Pi/Pico_SDK_v1.5.1/pico-sdk/lib/tinyusb/src/device/usbd.c.obj
 .bss._usbd_ctrl_buf
                0x2000162c       0x40 CMakeFiles/temp_nucleo.dir/C_/Program_Files/Raspberry_Pi/Pico_SDK_v1.5.1/pico-sdk/lib/tinyusb/src/device/usbd_control.c.obj
 .bss._usbd_dev
                0x2000166c       0x53 CMakeFiles/temp_nucleo.dir/C_/Program_Files/Raspberry_Pi/Pico_SDK_v1.5.1/pico-sdk/lib/tinyusb/src/device/usbd.c.obj
 *fill*         0x200016bf        0x1 
 .bss._usbd_mutex
                0x200016c0        0x4 CMakeFiles/temp_nucleo.dir/C_/Program_Files/Raspberry_Pi/Pico_SDK_v1.5.1/pico-sdk/lib/tinyusb/src/device/usbd.c.obj
 .bss._usbd_q   0x200016c4        0x4 CMakeFiles/temp_nucleo.dir/C_/Program_Files/Raspberry_Pi/Pico_SDK_v1.5.1/pico-sdk/lib/tinyusb/src/device/usbd.c.obj
 .bss._usbd_qdef_buf
                0x200016c8       0xc0 CMakeFiles/temp_nucleo.dir/C_/Program_Files/Raspberry_Pi/Pico_SDK_v1.5.1/pico-sdk/lib/tinyusb/src/device/usbd.c.obj
                0x200016c8                _usbd_qdef_buf
 .bss._used_instruction_space
                0x20001788        0x8 CMakeFiles/temp_nucleo.dir/C_/Program_Files/Raspberry_Pi/Pico_SDK_v1.5.1/pico-sdk/src/rp2_common/hardware_pio/pio.c.obj
 .bss.alarm_callbacks
                0x20001790       0x10 CMakeFiles/temp_nucleo.dir/C_/Program_Files/Raspberry_Pi/Pico_SDK_v1.5.1/pico-sdk/src/rp2_common/hardware_timer/timer.c.obj
 .bss.async_context
                0x200017a0        0x4 CMakeFiles/temp_nucleo.dir/C_/Program_Files/Raspberry_Pi/Pico_SDK_v1.5.1/pico-sdk/src/rp2_common/pico_cyw43_arch/cyw43_arch.c.obj
 .bss.async_contexts_by_user_irq
                0x200017a4       0x18 CMakeFiles/temp_nucleo.dir/C_/Program_Files/Raspberry_Pi/Pico_SDK_v1.5.1/pico-sdk/src/rp2_common/pico_async_context/async_context_threadsafe_background.c.obj
 .bss.boot2_copyout
                0x200017bc      0x100 CMakeFiles/temp_nucleo.dir/C_/Program_Files/Raspberry_Pi/Pico_SDK_v1.5.1/pico-sdk/src/rp2_common/hardware_flash/flash.c.obj
 .bss.chars_available_callback
                0x200018bc        0x4 CMakeFiles/temp_nucleo.dir/C_/Program_Files/Raspberry_Pi/Pico_SDK_v1.5.1/pico-sdk/src/rp2_common/pico_stdio_usb/stdio_usb.c.obj
 .bss.chars_available_param
                0x200018c0        0x4 CMakeFiles/temp_nucleo.dir/C_/Program_Files/Raspberry_Pi/Pico_SDK_v1.5.1/pico-sdk/src/rp2_common/pico_stdio_usb/stdio_usb.c.obj
 .bss.claimed   0x200018c4        0x4 CMakeFiles/temp_nucleo.dir/C_/Program_Files/Raspberry_Pi/Pico_SDK_v1.5.1/pico-sdk/src/rp2_common/hardware_sync/sync.c.obj
 .bss.configured_freq
                0x200018c8       0x28 CMakeFiles/temp_nucleo.dir/C_/Program_Files/Raspberry_Pi/Pico_SDK_v1.5.1/pico-sdk/src/rp2_common/hardware_clocks/clocks.c.obj
 .bss.cyw43_async_context
                0x200018f0        0x4 CMakeFiles/temp_nucleo.dir/C_/Program_Files/Raspberry_Pi/Pico_SDK_v1.5.1/pico-sdk/src/rp2_common/pico_cyw43_driver/cyw43_driver.c.obj
 .bss.cyw43_poll
                0x200018f4        0x4 CMakeFiles/temp_nucleo.dir/C_/Program_Files/Raspberry_Pi/Pico_SDK_v1.5.1/pico-sdk/lib/cyw43-driver/src/cyw43_ctrl.c.obj
                0x200018f4                cyw43_poll
 .bss.cyw43_sleep
                0x200018f8        0x4 CMakeFiles/temp_nucleo.dir/C_/Program_Files/Raspberry_Pi/Pico_SDK_v1.5.1/pico-sdk/lib/cyw43-driver/src/cyw43_ctrl.c.obj
                0x200018f8                cyw43_sleep
 .bss.cyw43_state
                0x200018fc      0x8ec CMakeFiles/temp_nucleo.dir/C_/Program_Files/Raspberry_Pi/Pico_SDK_v1.5.1/pico-sdk/lib/cyw43-driver/src/cyw43_ctrl.c.obj
                0x200018fc                cyw43_state
 .bss.default_alarm_pool_entry_ids_high
                0x200021e8       0x10 CMakeFiles/temp_nucleo.dir/C_/Program_Files/Raspberry_Pi/Pico_SDK_v1.5.1/pico-sdk/src/common/pico_time/time.c.obj
 .bss.default_alarm_pool_heap_nodes
                0x200021f8       0x30 CMakeFiles/temp_nucleo.dir/C_/Program_Files/Raspberry_Pi/Pico_SDK_v1.5.1/pico-sdk/src/common/pico_time/time.c.obj
 .bss.desc_str.0